###############################################################################
#
# IAR ELF Linker V7.80.2.11947/W32 for ARM                27/Jul/2018  15:43:05
# Copyright 2007-2016 IAR Systems AB.
#
#    Output file  =  
#        C:\Users\600023856\Desktop\test\examples\ble_central_and_peripheral\experimental\ble_app_att_mtu_throughput_relay
#        - p
#        -notif\pca10040\s132\iar\_build\ble_app_att_mtu_throughput_pca10040_s132.out
#    Map file     =  
#        C:\Users\600023856\Desktop\test\examples\ble_central_and_peripheral\experimental\ble_app_att_mtu_throughput_relay
#        - p
#        -notif\pca10040\s132\iar\_build\ble_app_att_mtu_throughput_pca10040_s132.map
#    Command line =  
#        "C:\Users\600023856\Desktop\test\examples\ble_central_and_peripheral\experimental\ble_app_att_mtu_throughput_relay
#        - p -notif\pca10040\s132\iar\_build\amtc.o"
#        "C:\Users\600023856\Desktop\test\examples\ble_central_and_peripheral\experimental\ble_app_att_mtu_throughput_relay
#        - p -notif\pca10040\s132\iar\_build\amts.o"
#        "C:\Users\600023856\Desktop\test\examples\ble_central_and_peripheral\experimental\ble_app_att_mtu_throughput_relay
#        - p -notif\pca10040\s132\iar\_build\app_button.o"
#        "C:\Users\600023856\Desktop\test\examples\ble_central_and_peripheral\experimental\ble_app_att_mtu_throughput_relay
#        - p -notif\pca10040\s132\iar\_build\app_error.o"
#        "C:\Users\600023856\Desktop\test\examples\ble_central_and_peripheral\experimental\ble_app_att_mtu_throughput_relay
#        - p -notif\pca10040\s132\iar\_build\app_error_weak.o"
#        "C:\Users\600023856\Desktop\test\examples\ble_central_and_peripheral\experimental\ble_app_att_mtu_throughput_relay
#        - p -notif\pca10040\s132\iar\_build\app_scheduler.o"
#        "C:\Users\600023856\Desktop\test\examples\ble_central_and_peripheral\experimental\ble_app_att_mtu_throughput_relay
#        - p -notif\pca10040\s132\iar\_build\app_timer.o"
#        "C:\Users\600023856\Desktop\test\examples\ble_central_and_peripheral\experimental\ble_app_att_mtu_throughput_relay
#        - p -notif\pca10040\s132\iar\_build\app_util_platform.o"
#        "C:\Users\600023856\Desktop\test\examples\ble_central_and_peripheral\experimental\ble_app_att_mtu_throughput_relay
#        - p -notif\pca10040\s132\iar\_build\ble_advdata.o"
#        "C:\Users\600023856\Desktop\test\examples\ble_central_and_peripheral\experimental\ble_app_att_mtu_throughput_relay
#        - p -notif\pca10040\s132\iar\_build\ble_conn_state.o"
#        "C:\Users\600023856\Desktop\test\examples\ble_central_and_peripheral\experimental\ble_app_att_mtu_throughput_relay
#        - p -notif\pca10040\s132\iar\_build\ble_db_discovery.o"
#        "C:\Users\600023856\Desktop\test\examples\ble_central_and_peripheral\experimental\ble_app_att_mtu_throughput_relay
#        - p -notif\pca10040\s132\iar\_build\ble_srv_common.o"
#        "C:\Users\600023856\Desktop\test\examples\ble_central_and_peripheral\experimental\ble_app_att_mtu_throughput_relay
#        - p -notif\pca10040\s132\iar\_build\boards.o"
#        "C:\Users\600023856\Desktop\test\examples\ble_central_and_peripheral\experimental\ble_app_att_mtu_throughput_relay
#        - p -notif\pca10040\s132\iar\_build\bsp.o"
#        "C:\Users\600023856\Desktop\test\examples\ble_central_and_peripheral\experimental\ble_app_att_mtu_throughput_relay
#        - p -notif\pca10040\s132\iar\_build\bsp_nfc.o"
#        "C:\Users\600023856\Desktop\test\examples\ble_central_and_peripheral\experimental\ble_app_att_mtu_throughput_relay
#        - p -notif\pca10040\s132\iar\_build\counter.o"
#        "C:\Users\600023856\Desktop\test\examples\ble_central_and_peripheral\experimental\ble_app_att_mtu_throughput_relay
#        - p -notif\pca10040\s132\iar\_build\example_cmds.o"
#        "C:\Users\600023856\Desktop\test\examples\ble_central_and_peripheral\experimental\ble_app_att_mtu_throughput_relay
#        - p -notif\pca10040\s132\iar\_build\fds.o"
#        "C:\Users\600023856\Desktop\test\examples\ble_central_and_peripheral\experimental\ble_app_att_mtu_throughput_relay
#        - p -notif\pca10040\s132\iar\_build\gatt_cache_manager.o"
#        "C:\Users\600023856\Desktop\test\examples\ble_central_and_peripheral\experimental\ble_app_att_mtu_throughput_relay
#        - p -notif\pca10040\s132\iar\_build\gatts_cache_manager.o"
#        "C:\Users\600023856\Desktop\test\examples\ble_central_and_peripheral\experimental\ble_app_att_mtu_throughput_relay
#        - p -notif\pca10040\s132\iar\_build\hardfault_implementation.o"
#        "C:\Users\600023856\Desktop\test\examples\ble_central_and_peripheral\experimental\ble_app_att_mtu_throughput_relay
#        - p -notif\pca10040\s132\iar\_build\iar_startup_nrf52.o"
#        "C:\Users\600023856\Desktop\test\examples\ble_central_and_peripheral\experimental\ble_app_att_mtu_throughput_relay
#        - p -notif\pca10040\s132\iar\_build\id_manager.o"
#        "C:\Users\600023856\Desktop\test\examples\ble_central_and_peripheral\experimental\ble_app_att_mtu_throughput_relay
#        - p -notif\pca10040\s132\iar\_build\main.o"
#        "C:\Users\600023856\Desktop\test\examples\ble_central_and_peripheral\experimental\ble_app_att_mtu_throughput_relay
#        - p -notif\pca10040\s132\iar\_build\nrf_assert.o"
#        "C:\Users\600023856\Desktop\test\examples\ble_central_and_peripheral\experimental\ble_app_att_mtu_throughput_relay
#        - p -notif\pca10040\s132\iar\_build\nrf_atfifo.o"
#        "C:\Users\600023856\Desktop\test\examples\ble_central_and_peripheral\experimental\ble_app_att_mtu_throughput_relay
#        - p -notif\pca10040\s132\iar\_build\nrf_balloc.o"
#        "C:\Users\600023856\Desktop\test\examples\ble_central_and_peripheral\experimental\ble_app_att_mtu_throughput_relay
#        - p -notif\pca10040\s132\iar\_build\nrf_ble_gatt.o"
#        "C:\Users\600023856\Desktop\test\examples\ble_central_and_peripheral\experimental\ble_app_att_mtu_throughput_relay
#        - p -notif\pca10040\s132\iar\_build\nrf_cli.o"
#        "C:\Users\600023856\Desktop\test\examples\ble_central_and_peripheral\experimental\ble_app_att_mtu_throughput_relay
#        - p -notif\pca10040\s132\iar\_build\nrf_cli_rtt.o"
#        "C:\Users\600023856\Desktop\test\examples\ble_central_and_peripheral\experimental\ble_app_att_mtu_throughput_relay
#        - p -notif\pca10040\s132\iar\_build\nrf_cli_uart.o"
#        "C:\Users\600023856\Desktop\test\examples\ble_central_and_peripheral\experimental\ble_app_att_mtu_throughput_relay
#        - p -notif\pca10040\s132\iar\_build\nrf_drv_clock.o"
#        "C:\Users\600023856\Desktop\test\examples\ble_central_and_peripheral\experimental\ble_app_att_mtu_throughput_relay
#        - p -notif\pca10040\s132\iar\_build\nrf_drv_common.o"
#        "C:\Users\600023856\Desktop\test\examples\ble_central_and_peripheral\experimental\ble_app_att_mtu_throughput_relay
#        - p -notif\pca10040\s132\iar\_build\nrf_drv_gpiote.o"
#        "C:\Users\600023856\Desktop\test\examples\ble_central_and_peripheral\experimental\ble_app_att_mtu_throughput_relay
#        - p -notif\pca10040\s132\iar\_build\nrf_drv_rtc.o"
#        "C:\Users\600023856\Desktop\test\examples\ble_central_and_peripheral\experimental\ble_app_att_mtu_throughput_relay
#        - p -notif\pca10040\s132\iar\_build\nrf_drv_uart.o"
#        "C:\Users\600023856\Desktop\test\examples\ble_central_and_peripheral\experimental\ble_app_att_mtu_throughput_relay
#        - p -notif\pca10040\s132\iar\_build\nrf_fprintf.o"
#        "C:\Users\600023856\Desktop\test\examples\ble_central_and_peripheral\experimental\ble_app_att_mtu_throughput_relay
#        - p -notif\pca10040\s132\iar\_build\nrf_fprintf_format.o"
#        "C:\Users\600023856\Desktop\test\examples\ble_central_and_peripheral\experimental\ble_app_att_mtu_throughput_relay
#        - p -notif\pca10040\s132\iar\_build\nrf_fstorage.o"
#        "C:\Users\600023856\Desktop\test\examples\ble_central_and_peripheral\experimental\ble_app_att_mtu_throughput_relay
#        - p -notif\pca10040\s132\iar\_build\nrf_fstorage_sd.o"
#        "C:\Users\600023856\Desktop\test\examples\ble_central_and_peripheral\experimental\ble_app_att_mtu_throughput_relay
#        - p -notif\pca10040\s132\iar\_build\nrf_log_backend_rtt.o"
#        "C:\Users\600023856\Desktop\test\examples\ble_central_and_peripheral\experimental\ble_app_att_mtu_throughput_relay
#        - p -notif\pca10040\s132\iar\_build\nrf_log_backend_serial.o"
#        "C:\Users\600023856\Desktop\test\examples\ble_central_and_peripheral\experimental\ble_app_att_mtu_throughput_relay
#        - p -notif\pca10040\s132\iar\_build\nrf_log_backend_uart.o"
#        "C:\Users\600023856\Desktop\test\examples\ble_central_and_peripheral\experimental\ble_app_att_mtu_throughput_relay
#        - p -notif\pca10040\s132\iar\_build\nrf_log_default_backends.o"
#        "C:\Users\600023856\Desktop\test\examples\ble_central_and_peripheral\experimental\ble_app_att_mtu_throughput_relay
#        - p -notif\pca10040\s132\iar\_build\nrf_log_frontend.o"
#        "C:\Users\600023856\Desktop\test\examples\ble_central_and_peripheral\experimental\ble_app_att_mtu_throughput_relay
#        - p -notif\pca10040\s132\iar\_build\nrf_log_str_formatter.o"
#        "C:\Users\600023856\Desktop\test\examples\ble_central_and_peripheral\experimental\ble_app_att_mtu_throughput_relay
#        - p -notif\pca10040\s132\iar\_build\nrf_memobj.o"
#        "C:\Users\600023856\Desktop\test\examples\ble_central_and_peripheral\experimental\ble_app_att_mtu_throughput_relay
#        - p -notif\pca10040\s132\iar\_build\nrf_pwr_mgmt.o"
#        "C:\Users\600023856\Desktop\test\examples\ble_central_and_peripheral\experimental\ble_app_att_mtu_throughput_relay
#        - p -notif\pca10040\s132\iar\_build\nrf_queue.o"
#        "C:\Users\600023856\Desktop\test\examples\ble_central_and_peripheral\experimental\ble_app_att_mtu_throughput_relay
#        - p -notif\pca10040\s132\iar\_build\nrf_ringbuf.o"
#        "C:\Users\600023856\Desktop\test\examples\ble_central_and_peripheral\experimental\ble_app_att_mtu_throughput_relay
#        - p -notif\pca10040\s132\iar\_build\nrf_sdh.o"
#        "C:\Users\600023856\Desktop\test\examples\ble_central_and_peripheral\experimental\ble_app_att_mtu_throughput_relay
#        - p -notif\pca10040\s132\iar\_build\nrf_sdh_ble.o"
#        "C:\Users\600023856\Desktop\test\examples\ble_central_and_peripheral\experimental\ble_app_att_mtu_throughput_relay
#        - p -notif\pca10040\s132\iar\_build\nrf_sdh_soc.o"
#        "C:\Users\600023856\Desktop\test\examples\ble_central_and_peripheral\experimental\ble_app_att_mtu_throughput_relay
#        - p -notif\pca10040\s132\iar\_build\nrf_section_iter.o"
#        "C:\Users\600023856\Desktop\test\examples\ble_central_and_peripheral\experimental\ble_app_att_mtu_throughput_relay
#        - p -notif\pca10040\s132\iar\_build\nrf_strerror.o"
#        "C:\Users\600023856\Desktop\test\examples\ble_central_and_peripheral\experimental\ble_app_att_mtu_throughput_relay
#        - p -notif\pca10040\s132\iar\_build\peer_data_storage.o"
#        "C:\Users\600023856\Desktop\test\examples\ble_central_and_peripheral\experimental\ble_app_att_mtu_throughput_relay
#        - p -notif\pca10040\s132\iar\_build\peer_database.o"
#        "C:\Users\600023856\Desktop\test\examples\ble_central_and_peripheral\experimental\ble_app_att_mtu_throughput_relay
#        - p -notif\pca10040\s132\iar\_build\peer_id.o"
#        "C:\Users\600023856\Desktop\test\examples\ble_central_and_peripheral\experimental\ble_app_att_mtu_throughput_relay
#        - p -notif\pca10040\s132\iar\_build\peer_manager.o"
#        "C:\Users\600023856\Desktop\test\examples\ble_central_and_peripheral\experimental\ble_app_att_mtu_throughput_relay
#        - p -notif\pca10040\s132\iar\_build\pm_buffer.o"
#        "C:\Users\600023856\Desktop\test\examples\ble_central_and_peripheral\experimental\ble_app_att_mtu_throughput_relay
#        - p -notif\pca10040\s132\iar\_build\pm_mutex.o"
#        "C:\Users\600023856\Desktop\test\examples\ble_central_and_peripheral\experimental\ble_app_att_mtu_throughput_relay
#        - p -notif\pca10040\s132\iar\_build\sdk_mapped_flags.o"
#        "C:\Users\600023856\Desktop\test\examples\ble_central_and_peripheral\experimental\ble_app_att_mtu_throughput_relay
#        - p -notif\pca10040\s132\iar\_build\security_dispatcher.o"
#        "C:\Users\600023856\Desktop\test\examples\ble_central_and_peripheral\experimental\ble_app_att_mtu_throughput_relay
#        - p -notif\pca10040\s132\iar\_build\security_manager.o"
#        "C:\Users\600023856\Desktop\test\examples\ble_central_and_peripheral\experimental\ble_app_att_mtu_throughput_relay
#        - p -notif\pca10040\s132\iar\_build\SEGGER_RTT.o"
#        "C:\Users\600023856\Desktop\test\examples\ble_central_and_peripheral\experimental\ble_app_att_mtu_throughput_relay
#        - p -notif\pca10040\s132\iar\_build\SEGGER_RTT_printf.o"
#        "C:\Users\600023856\Desktop\test\examples\ble_central_and_peripheral\experimental\ble_app_att_mtu_throughput_relay
#        - p -notif\pca10040\s132\iar\_build\SEGGER_RTT_Syscalls_IAR.o"
#        "C:\Users\600023856\Desktop\test\examples\ble_central_and_peripheral\experimental\ble_app_att_mtu_throughput_relay
#        - p -notif\pca10040\s132\iar\_build\system_nrf52.o" --redirect
#        _Printf=_PrintfFull --redirect _Scanf=_ScanfFull -o
#        "C:\Users\600023856\Desktop\test\examples\ble_central_and_peripheral\experimental\ble_app_att_mtu_throughput_relay
#        - p
#        -notif\pca10040\s132\iar\_build\ble_app_att_mtu_throughput_pca10040_s132.out"
#        --map
#        "C:\Users\600023856\Desktop\test\examples\ble_central_and_peripheral\experimental\ble_app_att_mtu_throughput_relay
#        - p
#        -notif\pca10040\s132\iar\_build\ble_app_att_mtu_throughput_pca10040_s132.map"
#        --config
#        "C:\Users\600023856\Desktop\test\examples\ble_central_and_peripheral\experimental\ble_app_att_mtu_throughput_relay
#        - p -notif\pca10040\s132\iar\ble_app_att_mtu_throughput_iar_nRF5x.icf"
#        --warnings_are_errors --entry __iar_program_start --inline --vfe
#
###############################################################################

*******************************************************************************
*** RUNTIME MODEL ATTRIBUTES
***

CppFlavor                     = *
__SystemLibrary               = DLib
__dlib_dynamic_initialization = normal


*******************************************************************************
*** PLACEMENT SUMMARY
***

"A0":  place at 0x00023000 { ro section .intvec };
"P1":  place in [from 0x00023000 to 0x0007ffff] { ro };
"P2":  place in [from 0x200092f0 to 0x2000ffff] { rw, block CSTACK, block HEAP };
initialize by copy { rw };
 { section .intvec };

  Section                 Kind        Address    Size  Object
  -------                 ----        -------    ----  ------
"A0":                                           0x200
  .intvec                 ro code  0x00023000   0x200  iar_startup_nrf52.o [1]
                                 - 0x00023200   0x200

"P1":                                          0xe280
  .text                   ro code  0x00023200  0x1ed8  nrf_cli.o [1]
  .text                   ro code  0x000250d8    0x36  strlen.o [5]
  .text                   ro code  0x0002510e     0x2  iar_startup_nrf52.o [1]
  .text                   ro code  0x00025110    0x3c  nrf_fprintf.o [1]
  .text                   ro code  0x0002514c    0x42  strcmp_unaligned.o [5]
  .text                   ro code  0x0002518e     0x2  iar_startup_nrf52.o [1]
  .text                   ro code  0x00025190     0x6  ABImemclr4.o [5]
  .text                   ro code  0x00025196     0x2  iar_startup_nrf52.o [1]
  .text                   ro code  0x00025198    0x78  ABImemmove_unaligned.o [5]
  .text                   ro code  0x00025210    0x3c  isxxx.o [3]
  .text                   ro code  0x0002524c    0x44  strcpy_unaligned.o [5]
  .text                   ro code  0x00025290   0x150  nrf_memobj.o [1]
  .text                   ro code  0x000253e0    0x76  ABImemcpy_unaligned.o [5]
  .text                   ro code  0x00025456    0x2c  strncmp.o [3]
  .text                   ro code  0x00025482   0x534  qsort.o [3]
  .text                   ro code  0x000259b6     0x2  iar_startup_nrf52.o [1]
  .text                   ro code  0x000259b8   0xa64  nrf_log_frontend.o [1]
  .text                   ro code  0x0002641c   0x324  nrf_fprintf_format.o [1]
  .text                   ro code  0x00026740   0x1ac  nrf_queue.o [1]
  .text                   ro code  0x000268ec   0x1e8  nrf_log_str_formatter.o [1]
  .text                   ro code  0x00026ad4    0x3a  ABImemset48.o [5]
  .text                   ro code  0x00026b0e     0x2  iar_startup_nrf52.o [1]
  .text                   ro code  0x00026b10    0x18  setlocale.o [3]
  .text                   ro code  0x00026b28    0x16  xlocale_c.o [3]
  .text                   ro code  0x00026b3e    0x24  xlocale_c.o [3]
  .text                   ro code  0x00026b62    0x14  xlocale_c.o [3]
  .text                   ro code  0x00026b76    0xa2  nrf_balloc.o [1]
  .text                   ro code  0x00026c18    0x68  app_util_platform.o [1]
  .text                   ro code  0x00026c80  0x1520  main.o [1]
  .text                   ro code  0x000281a0   0x2dc  amtc.o [1]
  .text                   ro code  0x0002847c   0x228  amts.o [1]
  .text                   ro code  0x000286a4    0xac  boards.o [1]
  .text                   ro code  0x00028750    0x22  app_error.o [1]
  .text                   ro code  0x00028772     0x2  iar_startup_nrf52.o [1]
  .text                   ro code  0x00028774   0x13e  nrf_fstorage.o [1]
  .text                   ro code  0x000288b2     0x2  iar_startup_nrf52.o [1]
  .text                   ro code  0x000288b4   0x1bc  ble_conn_state.o [1]
  .text                   ro code  0x00028a70   0x374  peer_manager.o [1]
  .text                   ro code  0x00028de4   0xd2c  fds.o [1]
  .text                   ro code  0x00029b10    0x62  memcmp_unaligned.o [5]
  .text                   ro code  0x00029b72     0x2  iar_startup_nrf52.o [1]
  .text                   ro code  0x00029b74   0x604  ble_db_discovery.o [1]
  .text                   ro code  0x0002a178    0x70  counter.o [1]
  .text                   ro code  0x0002a1e8   0x170  app_button.o [1]
  .text                   ro code  0x0002a358   0x5dc  app_timer.o [1]
  .text                   ro code  0x0002a934   0x464  nrf_ble_gatt.o [1]
  .text                   ro code  0x0002ad98   0x264  nrf_sdh.o [1]
  .text                   ro code  0x0002affc   0x474  nrf_sdh_ble.o [1]
  .text                   ro code  0x0002b470   0x512  ble_advdata.o [1]
  .text                   ro code  0x0002b982     0x2  iar_startup_nrf52.o [1]
  .text                   ro code  0x0002b984   0x1c4  ble_srv_common.o [1]
  .text                   ro code  0x0002bb48    0x74  app_error_weak.o [1]
  .text                   ro code  0x0002bbbc    0xde  sdk_mapped_flags.o [1]
  .text                   ro code  0x0002bc9a     0x2  iar_startup_nrf52.o [1]
  .text                   ro code  0x0002bc9c   0x416  id_manager.o [1]
  .text                   ro code  0x0002c0b2     0x2  iar_startup_nrf52.o [1]
  .text                   ro code  0x0002c0b4   0x4b8  peer_database.o [1]
  .text                   ro code  0x0002c56c   0x408  security_manager.o [1]
  .text                   ro code  0x0002c974   0x3e4  gatt_cache_manager.o [1]
  .text                   ro code  0x0002cd58   0x3e8  peer_data_storage.o [1]
  .text                   ro code  0x0002d140   0x7c8  security_dispatcher.o [1]
  .text                   ro code  0x0002d908   0x1d0  gatts_cache_manager.o [1]
  .text                   ro code  0x0002dad8   0x148  nrf_atfifo.o [1]
  .text                   ro code  0x0002dc20     0x6  ABImemclr.o [5]
  .text                   ro code  0x0002dc26     0x2  iar_startup_nrf52.o [1]
  .text                   ro code  0x0002dc28   0x14c  nrf_drv_rtc.o [1]
  .text                   ro code  0x0002dd74   0x478  nrf_drv_gpiote.o [1]
  .text                   ro code  0x0002e1ec    0x46  nrf_section_iter.o [1]
  .text                   ro code  0x0002e232     0x2  iar_startup_nrf52.o [1]
  .text                   ro code  0x0002e234   0x14c  nrf_strerror.o [1]
  .text                   ro code  0x0002e380    0xf8  pm_buffer.o [1]
  .text                   ro code  0x0002e478    0xd8  pm_mutex.o [1]
  .text                   ro code  0x0002e550   0x12c  peer_id.o [1]
  .text                   ro code  0x0002e67c    0x5e  ABImemset.o [5]
  .text                   ro code  0x0002e6da     0x2  iar_startup_nrf52.o [1]
  .text                   ro code  0x0002e6dc    0x44  nrf_drv_common.o [1]
  .text                   ro code  0x0002e720   0x94c  nrf_drv_uart.o [1]
  .rodata                 const    0x0002f06c   0x400  example_cmds.o [1]
  .rodata                 const    0x0002f46c   0x3a8  nrf_cli.o [1]
  .rodata                 const    0x0002f814   0x308  nrf_strerror.o [1]
  .text                   ro code  0x0002fb1c   0x2c0  nrf_fstorage_sd.o [1]
  .text                   ro code  0x0002fddc   0x290  system_nrf52.o [1]
  .text                   ro code  0x0003006c   0x274  SEGGER_RTT.o [1]
  .text                   ro code  0x000302e0   0x254  nrf_ringbuf.o [1]
  .rodata                 const    0x00030534   0x204  nrf_log_frontend.o [1]
  .text                   ro code  0x00030738   0x1d4  nrf_cli_uart.o [1]
  .text                   ro code  0x0003090c   0x1a4  example_cmds.o [1]
  .text                   ro code  0x00030ab0   0x178  nrf_drv_clock.o [1]
  .rodata                 const    0x00030c28   0x118  main.o [1]
  .text                   ro code  0x00030d40    0xec  nrf_cli_rtt.o [1]
  .text                   ro code  0x00030e2c    0x78  lz77_init_single.o [5]
  log_const_data                   0x00030ea4    0x78  <Block>
    log_const_data        const    0x00030ea4     0x8  amtc.o [1]
    log_const_data        const    0x00030eac     0x8  amts.o [1]
    log_const_data        const    0x00030eb4     0x8  ble_db_discovery.o [1]
    log_const_data        const    0x00030ebc     0x8  nrf_balloc.o [1]
    log_const_data        const    0x00030ec4     0x8  nrf_ble_gatt.o [1]
    log_const_data        const    0x00030ecc     0x8  nrf_cli_uart.o [1]
    log_const_data        const    0x00030ed4     0x8  nrf_drv_clock.o [1]
    log_const_data        const    0x00030edc     0x8  nrf_drv_gpiote.o [1]
    log_const_data        const    0x00030ee4     0x8  nrf_drv_rtc.o [1]
    log_const_data        const    0x00030eec     0x8  nrf_drv_uart.o [1]
    log_const_data        const    0x00030ef4     0x8  nrf_log_frontend.o [1]
    log_const_data        const    0x00030efc     0x8  nrf_pwr_mgmt.o [1]
    log_const_data        const    0x00030f04     0x8  nrf_sdh.o [1]
    log_const_data        const    0x00030f0c     0x8  nrf_sdh_ble.o [1]
    log_const_data        const    0x00030f14     0x8  nrf_sdh_soc.o [1]
  .rodata                 const    0x00030f1c    0x60  nrf_log_str_formatter.o [1]
  sdh_ble_observers1               0x00030f7c    0x50  <Block>
    sdh_ble_observers1    const    0x00030f7c     0x8  main.o [1]
    sdh_ble_observers1    const    0x00030f84    0x40  main.o [1]
    sdh_ble_observers1    const    0x00030fc4     0x8  peer_manager.o [1]
  sdh_ble_observers3               0x00030fcc    0x50  <Block>
    sdh_ble_observers3    const    0x00030fcc    0x40  main.o [1]
    sdh_ble_observers3    const    0x0003100c     0x8  main.o [1]
    sdh_ble_observers3    const    0x00031014     0x8  main.o [1]
  cli_command                      0x0003101c    0x48  <Block>
    cli_command           const    0x0003101c     0x8  example_cmds.o [1]
    cli_command           const    0x00031024     0x8  example_cmds.o [1]
    cli_command           const    0x0003102c     0x8  nrf_cli.o [1]
    cli_command           const    0x00031034     0x8  nrf_cli.o [1]
    cli_command           const    0x0003103c     0x8  nrf_cli.o [1]
    cli_command           const    0x00031044     0x8  nrf_cli.o [1]
    cli_command           const    0x0003104c     0x8  nrf_cli.o [1]
    cli_command           const    0x00031054     0x8  nrf_cli.o [1]
    cli_command           const    0x0003105c     0x8  nrf_log_frontend.o [1]
  .text                   ro code  0x00031064    0x44  nrf_sdh_soc.o [1]
  .text                   ro code  0x000310a8    0x40  zero_init3.o [5]
  .rodata                 const    0x000310e8    0x38  nrf_sdh.o [1]
  .rodata                 const    0x00031120    0x2c  nrf_sdh_ble.o [1]
  .text                   ro code  0x0003114c    0x28  data_init.o [5]
  .text                   ro code  0x00031174    0x22  fpinit_M.o [4]
  .iar.init_table         const    0x00031198    0x40  - Linker created -
  .text                   ro code  0x000311d8     0x2  iar_startup_nrf52.o [1]
  .rodata                 const    0x000311dc    0x20  nrf_cli_uart.o [1]
  .rodata                 const    0x000311fc    0x20  nrf_fstorage_sd.o [1]
  .rodata                 const    0x0003121c    0x1c  app_error_weak.o [1]
  .rodata                 const    0x00031238    0x1c  nrf_sdh_soc.o [1]
  .text                   ro code  0x00031254    0x1a  cmain.o [5]
  .text                   ro code  0x0003126e     0x4  exit.o [3]
  .text                   ro code  0x00031272     0x2  iar_startup_nrf52.o [1]
  .text                   ro code  0x00031274     0xa  cexit.o [5]
  .text                   ro code  0x0003127e     0x2  iar_startup_nrf52.o [1]
  .text                   ro code  0x00031280     0xc  XXexit.o [5]
  .rodata                 const    0x0003128c    0x14  nrf_cli_rtt.o [1]
  .text                   ro code  0x000312a0    0x10  iar_startup_nrf52.o [1]
  sdh_soc_observers0               0x000312b0    0x10  <Block>
    sdh_soc_observers0    const    0x000312b0     0x8  nrf_drv_clock.o [1]
    sdh_soc_observers0    const    0x000312b8     0x8  nrf_fstorage_sd.o [1]
  sdh_stack_observers0             0x000312c0    0x10  <Block>
    sdh_stack_observers0  const    0x000312c0     0x8  nrf_sdh_ble.o [1]
    sdh_stack_observers0  const    0x000312c8     0x8  nrf_sdh_soc.o [1]
  sdh_state_observers0             0x000312d0    0x10  <Block>
    sdh_state_observers0  const    0x000312d0     0x8  nrf_drv_clock.o [1]
    sdh_state_observers0  const    0x000312d8     0x8  nrf_fstorage_sd.o [1]
  .rodata                 const    0x000312e0     0xc  ble_db_discovery.o [1]
  .rodata                 const    0x000312ec     0xc  nrf_ble_gatt.o [1]
  .rodata                 const    0x000312f8     0xc  nrf_pwr_mgmt.o [1]
  .text                   ro code  0x00031304     0xc  cstartup_M.o [5]
  .rodata                 const    0x00031310     0x8  amtc.o [1]
  .rodata                 const    0x00031318     0x8  amts.o [1]
  .rodata                 const    0x00031320     0x8  gatts_cache_manager.o [1]
  .rodata                 const    0x00031328     0x8  nrf_balloc.o [1]
  .rodata                 const    0x00031330     0x8  nrf_drv_clock.o [1]
  .rodata                 const    0x00031338     0x8  nrf_drv_gpiote.o [1]
  .rodata                 const    0x00031340     0x8  nrf_drv_uart.o [1]
  sdh_ble_observers0               0x00031348     0x8  <Block>
    sdh_ble_observers0    const    0x00031348     0x8  ble_conn_state.o [1]
  sdh_req_observers0               0x00031350     0x8  <Block>
    sdh_req_observers0    const    0x00031350     0x8  nrf_fstorage_sd.o [1]
  .rodata                 const    0x00031358     0x4  nrf_drv_rtc.o [1]
  .text                   ro code  0x0003135c     0x2  iar_startup_nrf52.o [1]
  .text                   ro code  0x0003135e     0x2  iar_startup_nrf52.o [1]
  .text                   ro code  0x00031360     0x2  iar_startup_nrf52.o [1]
  .text                   ro code  0x00031362     0x2  iar_startup_nrf52.o [1]
  .text                   ro code  0x00031364     0x2  iar_startup_nrf52.o [1]
  .text                   ro code  0x00031366     0x2  iar_startup_nrf52.o [1]
  .text                   ro code  0x00031368     0x2  iar_startup_nrf52.o [1]
  .text                   ro code  0x0003136a     0x2  iar_startup_nrf52.o [1]
  .text                   ro code  0x0003136c     0x2  iar_startup_nrf52.o [1]
  .text                   ro code  0x0003136e     0x2  iar_startup_nrf52.o [1]
  .text                   ro code  0x00031370     0x2  iar_startup_nrf52.o [1]
  .text                   ro code  0x00031372     0x2  iar_startup_nrf52.o [1]
  .text                   ro code  0x00031374     0x2  iar_startup_nrf52.o [1]
  .text                   ro code  0x00031376     0x2  iar_startup_nrf52.o [1]
  .text                   ro code  0x00031378     0x2  iar_startup_nrf52.o [1]
  .text                   ro code  0x0003137a     0x2  iar_startup_nrf52.o [1]
  .text                   ro code  0x0003137c     0x2  iar_startup_nrf52.o [1]
  .text                   ro code  0x0003137e     0x2  iar_startup_nrf52.o [1]
  .text                   ro code  0x00031380     0x2  iar_startup_nrf52.o [1]
  .text                   ro code  0x00031382     0x2  iar_startup_nrf52.o [1]
  .text                   ro code  0x00031384     0x2  iar_startup_nrf52.o [1]
  .text                   ro code  0x00031386     0x2  iar_startup_nrf52.o [1]
  .rodata                 const    0x00031388     0x0  zero_init3.o [5]
  .rodata                 const    0x00031388     0x0  lz77_init_single.o [5]
  Initializer bytes       const    0x00031388    0xee  <for P2-1>
  Initializer bytes       const    0x00031476     0xa  <for fs_data-1>
                                 - 0x00031480  0xe280

"P2", part 1 of 4:                             0x193c
  P2-1                             0x200092f0  0x1928  <Init block>
    .data                 inited   0x200092f0  0x1794  main.o [1]
    .data                 inited   0x2000aa84    0x18  main.o [1]
    .data                 inited   0x2000aa9c    0x18  main.o [1]
    .data                 inited   0x2000aab4    0x18  main.o [1]
    .data                 inited   0x2000aacc    0x18  main.o [1]
    .data                 inited   0x2000aae4    0x14  nrf_log_frontend.o [1]
    .data                 inited   0x2000aaf8    0x14  nrf_log_frontend.o [1]
    .data                 inited   0x2000ab0c    0x38  nrf_log_str_formatter.o [1]
    .data                 inited   0x2000ab44    0x48  security_dispatcher.o [1]
    .data                 inited   0x2000ab8c    0x14  security_manager.o [1]
    .data                 inited   0x2000aba0     0x4  system_nrf52.o [1]
    __DLIB_PERTHREAD      inited   0x2000aba4    0x74  setlocale.o [3]
  fs_data                          0x2000ac18    0x14  <Block>
    fs_data-1                      0x2000ac18    0x14  <Init block>
      fs_data             inited   0x2000ac18    0x14  fds.o [1]
                                 - 0x2000ac2c  0x193c

"P2", part 2 of 4:                               0xd8
  log_dynamic_data                 0x2000ac2c    0xb4  <Block>
    log_dynamic_data      zero     0x2000ac2c     0xc  amtc.o [1]
    log_dynamic_data      zero     0x2000ac38     0xc  amts.o [1]
    log_dynamic_data      zero     0x2000ac44     0xc  ble_db_discovery.o [1]
    log_dynamic_data      zero     0x2000ac50     0xc  nrf_balloc.o [1]
    log_dynamic_data      zero     0x2000ac5c     0xc  nrf_ble_gatt.o [1]
    log_dynamic_data      zero     0x2000ac68     0xc  nrf_cli_uart.o [1]
    log_dynamic_data      zero     0x2000ac74     0xc  nrf_drv_clock.o [1]
    log_dynamic_data      zero     0x2000ac80     0xc  nrf_drv_gpiote.o [1]
    log_dynamic_data      zero     0x2000ac8c     0xc  nrf_drv_rtc.o [1]
    log_dynamic_data      zero     0x2000ac98     0xc  nrf_drv_uart.o [1]
    log_dynamic_data      zero     0x2000aca4     0xc  nrf_log_frontend.o [1]
    log_dynamic_data      zero     0x2000acb0     0xc  nrf_pwr_mgmt.o [1]
    log_dynamic_data      zero     0x2000acbc     0xc  nrf_sdh.o [1]
    log_dynamic_data      zero     0x2000acc8     0xc  nrf_sdh_ble.o [1]
    log_dynamic_data      zero     0x2000acd4     0xc  nrf_sdh_soc.o [1]
  cli_sorted_cmd_ptrs              0x2000ace0    0x24  <Block>
    cli_sorted_cmd_ptrs   zero     0x2000ace0     0x4  example_cmds.o [1]
    cli_sorted_cmd_ptrs   zero     0x2000ace4     0x4  example_cmds.o [1]
    cli_sorted_cmd_ptrs   zero     0x2000ace8     0x4  nrf_cli.o [1]
    cli_sorted_cmd_ptrs   zero     0x2000acec     0x4  nrf_cli.o [1]
    cli_sorted_cmd_ptrs   zero     0x2000acf0     0x4  nrf_cli.o [1]
    cli_sorted_cmd_ptrs   zero     0x2000acf4     0x4  nrf_cli.o [1]
    cli_sorted_cmd_ptrs   zero     0x2000acf8     0x4  nrf_cli.o [1]
    cli_sorted_cmd_ptrs   zero     0x2000acfc     0x4  nrf_cli.o [1]
    cli_sorted_cmd_ptrs   zero     0x2000ad00     0x4  nrf_log_frontend.o [1]
                                 - 0x2000ad04    0xd8

"P2", part 3 of 4:                              0x800
  CSTACK                           0x2000ad08   0x800  <Block>
    CSTACK                uninit   0x2000ad08   0x800  <Block tail>
                                 - 0x2000b508   0x800

"P2", part 4 of 4:                             0x192c
  .bss                    zero     0x2000b508   0x420  nrf_log_frontend.o [1]
  .bss                    zero     0x2000b928   0x300  ble_db_discovery.o [1]
  .bss                    zero     0x2000bc28   0x288  SEGGER_RTT.o [1]
  .bss                    zero     0x2000beb0   0x180  main.o [1]
  .bss                    zero     0x2000c030   0x180  main.o [1]
  .bss                    zero     0x2000c1b0   0x140  main.o [1]
  .bss                    zero     0x2000c2f0   0x140  main.o [1]
  .bss                    zero     0x2000c430   0x10c  app_timer.o [1]
  .bss                    zero     0x2000c53c    0xf0  id_manager.o [1]
  .bss                    zero     0x2000c62c    0xd8  peer_database.o [1]
  .bss                    zero     0x2000c704    0xd4  fds.o [1]
  .bss                    zero     0x2000c7d8    0xc0  nrf_log_frontend.o [1]
  .bss                    zero     0x2000c898    0xb8  ble_conn_state.o [1]
  .bss                    zero     0x2000c950    0xb8  nrf_fstorage_sd.o [1]
  .bss                    zero     0x2000ca08    0xa0  amtc.o [1]
  .bss                    zero     0x2000caa8    0x58  nrf_drv_gpiote.o [1]
  .bss                    zero     0x2000cb00    0x40  main.o [1]
  .bss                    zero     0x2000cb40    0x40  peer_id.o [1]
  .bss                    zero     0x2000cb80    0x38  fds.o [1]
  .bss                    zero     0x2000cbb8    0x34  app_button.o [1]
  .bss                    zero     0x2000cbec    0x2c  main.o [1]
  .bss                    zero     0x2000cc18    0x28  ble_db_discovery.o [1]
  .bss                    zero     0x2000cc40    0x24  main.o [1]
  .bss                    zero     0x2000cc64    0x20  main.o [1]
  .bss                    zero     0x2000cc84    0x20  main.o [1]
  .bss                    zero     0x2000cca4    0x20  main.o [1]
  .bss                    zero     0x2000ccc4    0x20  nrf_drv_uart.o [1]
  .bss                    zero     0x2000cce4    0x1c  peer_manager.o [1]
  .bss                    zero     0x2000cd00    0x18  main.o [1]
  .bss                    zero     0x2000cd18    0x18  main.o [1]
  .bss                    zero     0x2000cd30    0x14  app_timer.o [1]
  .bss                    zero     0x2000cd44    0x14  fds.o [1]
  .bss                    zero     0x2000cd58    0x14  main.o [1]
  .bss                    zero     0x2000cd6c    0x14  main.o [1]
  .bss                    zero     0x2000cd80    0x14  nrf_drv_clock.o [1]
  .bss                    zero     0x2000cd94    0x10  main.o [1]
  .bss                    zero     0x2000cda4     0xc  app_util_platform.o [1]
  .bss                    zero     0x2000cdb0     0xc  main.o [1]
  .bss                    zero     0x2000cdbc     0xc  main.o [1]
  .bss                    zero     0x2000cdc8     0xc  main.o [1]
  .bss                    zero     0x2000cdd4     0x8  amtc.o [1]
  .bss                    zero     0x2000cddc     0x8  main.o [1]
  .bss                    zero     0x2000cde4     0x8  main.o [1]
  .bss                    zero     0x2000cdec     0x8  main.o [1]
  .bss                    zero     0x2000cdf4     0x8  main.o [1]
  .bss                    zero     0x2000cdfc     0x8  nrf_drv_rtc.o [1]
  .bss                    zero     0x2000ce04     0x8  nrf_log_frontend.o [1]
  .bss                    zero     0x2000ce0c     0x8  nrf_log_frontend.o [1]
  .bss                    zero     0x2000ce14     0x8  peer_data_storage.o [1]
  .bss                    zero     0x2000ce1c     0x5  gatt_cache_manager.o [1]
  .bss                    zero     0x2000ce21     0x3  nrf_sdh.o [1]
  .bss                    zero     0x2000ce24     0x4  amts.o [1]
  .bss                    zero     0x2000ce28     0x4  security_manager.o [1]
  .bss                    zero     0x2000ce2c     0x2  gatts_cache_manager.o [1]
  .bss                    zero     0x2000ce2e     0x2  gatts_cache_manager.o [1]
  .bss                    zero     0x2000ce30     0x2  peer_data_storage.o [1]
  .bss                    zero     0x2000ce32     0x1  id_manager.o [1]
                                 - 0x2000ce33  0x192b


*******************************************************************************
*** INIT TABLE
***

          Address     Size
          -------     ----
Zero (__iar_zero_init3)
    3 destination ranges, total size 0x1a03:
          0x2000ac2c    0xb4
          0x2000ace0    0x24
          0x2000b508  0x192b

Copy/lz77 (__iar_lz77_init_single3)
    1 source range, total size 0xee (3% of destination):
          0x00031388    0xee
    1 destination range, total size 0x1928:
          0x200092f0  0x1928

Copy/lz77 (__iar_lz77_init_single3)
    1 source range, total size 0xa (50% of destination):
          0x00031476     0xa
    1 destination range, total size 0x14:
          0x2000ac18    0x14



*******************************************************************************
*** MODULE SUMMARY
***

    Module                   ro code  ro data  rw data
    ------                   -------  -------  -------
C:\Users\600023856\Desktop\test\examples\ble_central_and_peripheral\experimental\ble_app_att_mtu_throughput_relay - p -notif\pca10040\s132\iar\_build: [1]
    SEGGER_RTT.o                 628               648
    amtc.o                       732       16      180
    amts.o                       552       16       16
    app_button.o                 368                52
    app_error.o                   34
    app_error_weak.o             116       28
    app_timer.o                1 500               288
    app_util_platform.o          104                12
    ble_advdata.o              1 298
    ble_conn_state.o             444        8      184
    ble_db_discovery.o         1 540       20      820
    ble_srv_common.o             452
    boards.o                     172
    counter.o                    112
    example_cmds.o               420    1 040        8
    fds.o                      3 372       10      308
    gatt_cache_manager.o         996                 5
    gatts_cache_manager.o        464        8        4
    iar_startup_nrf52.o          606
    id_manager.o               1 046               241
    main.o                     5 408      658    7 952
    nrf_atfifo.o                 328
    nrf_balloc.o                 162       16       12
    nrf_ble_gatt.o             1 124       20       12
    nrf_cli.o                  7 896      984       24
    nrf_cli_rtt.o                236       20
    nrf_cli_uart.o               468       40       12
    nrf_drv_clock.o              376       32       32
    nrf_drv_common.o              68
    nrf_drv_gpiote.o           1 144       16      100
    nrf_drv_rtc.o                332       12       20
    nrf_drv_uart.o             2 380       16       44
    nrf_fprintf.o                 60
    nrf_fprintf_format.o         804
    nrf_fstorage.o               318
    nrf_fstorage_sd.o            704       56      184
    nrf_log_frontend.o         2 660      534    1 320
    nrf_log_str_formatter.o      488       98       56
    nrf_memobj.o                 336
    nrf_pwr_mgmt.o                         20       12
    nrf_queue.o                  428
    nrf_ringbuf.o                596
    nrf_sdh.o                    612       64       15
    nrf_sdh_ble.o              1 140       60       12
    nrf_sdh_soc.o                 68       44       12
    nrf_section_iter.o            70
    nrf_strerror.o               332      776
    peer_data_storage.o        1 000                10
    peer_database.o            1 208               216
    peer_id.o                    300                64
    peer_manager.o               884        8       28
    pm_buffer.o                  248
    pm_mutex.o                   216
    sdk_mapped_flags.o           222
    security_dispatcher.o      1 992        2       72
    security_manager.o         1 032        1       24
    system_nrf52.o               656                 4
    --------------------------------------------------
    Total:                    51 252    4 623   13 003

command line: [2]
    --------------------------------------------------
    Total:

dl7M_tlf.a: [3]
    exit.o                         4
    isxxx.o                       60
    qsort.o                    1 332
    setlocale.o                   24        5      116
    strncmp.o                     44
    xlocale_c.o                   78
    --------------------------------------------------
    Total:                     1 542        5      116

m7M_tls.a: [4]
    fpinit_M.o                    34
    --------------------------------------------------
    Total:                        34

rt7M_tl.a: [5]
    ABImemclr.o                    6
    ABImemclr4.o                   6
    ABImemcpy_unaligned.o        118
    ABImemmove_unaligned.o       120
    ABImemset.o                   94
    ABImemset48.o                 58
    XXexit.o                      12
    cexit.o                       10
    cmain.o                       26
    cstartup_M.o                  12
    data_init.o                   40
    lz77_init_single.o           120
    memcmp_unaligned.o            98
    strcmp_unaligned.o            66
    strcpy_unaligned.o            68
    strlen.o                      54
    zero_init3.o                  64
    --------------------------------------------------
    Total:                       972

    Gaps                                    4
    Linker created                         64    2 048
------------------------------------------------------
    Grand Total:              53 800    4 696   15 167


*******************************************************************************
*** ENTRY LIST
***

Entry                      Address    Size  Type      Object
-----                      -------    ----  ----      ------
.iar.init_table$$Base   0x00031198           --   Gb  - Linker created -
.iar.init_table$$Limit  0x000311d8           --   Gb  - Linker created -
?main                   0x00031255          Code  Gb  cmain.o [5]
CSTACK$$Base            0x2000ad08           --   Gb  - Linker created -
CSTACK$$Limit           0x2000b508           --   Gb  - Linker created -
GPIOTE_IRQHandler       0x0002e061   0x168  Code  Gb  nrf_drv_gpiote.o [1]
NVIC_ClearPendingIRQ    0x0002a37b     0xe  Code  Lc  app_timer.o [1]
NVIC_EnableIRQ          0x0002a359     0xe  Code  Lc  app_timer.o [1]
NVIC_SetPendingIRQ      0x0002a367     0xc  Code  Lc  app_timer.o [1]
NVIC_SetPriority        0x0002a389    0x1e  Code  Lc  app_timer.o [1]
POWER_CLOCK_IRQHandler  0x00030b79    0x46  Code  Gb  nrf_drv_clock.o [1]
RTC1_IRQHandler         0x0002a771    0x6e  Code  Gb  app_timer.o [1]
RTC2_IRQHandler         0x0002dd61     0x8  Code  Gb  nrf_drv_rtc.o [1]
Region$$Table$$Base     0x00031198           --   Gb  - Linker created -
Region$$Table$$Limit    0x000311d8           --   Gb  - Linker created -
SEGGER_RTT_HasData      0x000302a9    0x12  Code  Gb  SEGGER_RTT.o [1]
SEGGER_RTT_Init         0x000302c7     0x2  Code  Gb  SEGGER_RTT.o [1]
SEGGER_RTT_Read         0x000301dd    0x24  Code  Gb  SEGGER_RTT.o [1]
SEGGER_RTT_ReadNoLock   0x00030169    0x74  Code  Gb  SEGGER_RTT.o [1]
SEGGER_RTT_Write        0x0003025f    0x28  Code  Gb  SEGGER_RTT.o [1]
SEGGER_RTT_WriteNoLock  0x00030211    0x4e  Code  Gb  SEGGER_RTT.o [1]
SWI0_EGU0_IRQHandler    0x0002a7df     0x2  Code  Gb  app_timer.o [1]
SWI2_EGU2_IRQHandler    0x0002afd3     0x2  Code  Gb  nrf_sdh.o [1]
SystemCoreClock         0x2000aba0     0x4  Data  Gb  system_nrf52.o [1]
SystemInit              0x0002fddd   0x23a  Code  Gb  system_nrf52.o [1]
UARTE0_UART0_IRQHandler
                        0x0002f039    0x10  Code  Gb  nrf_drv_uart.o [1]
_DoInit                 0x0003006d    0x56  Code  Lc  SEGGER_RTT.o [1]
_GetAvailWriteSpace     0x00030151    0x18  Code  Lc  SEGGER_RTT.o [1]
_IsdstStr               0x2000aba8     0x4  Data  Gb  setlocale.o [3]
_LocaleC_isalpha        0x00026b29    0x16  Code  Gb  xlocale_c.o [3]
_LocaleC_ispunct        0x00026b3f    0x24  Code  Gb  xlocale_c.o [3]
_LocaleC_isspace        0x00026b63    0x14  Code  Gb  xlocale_c.o [3]
_LocaleForCat           0x00026b11    0x12  Code  Gb  setlocale.o [3]
_LocaleReturnString     0x2000abc8    0x50  Data  Lc  setlocale.o [3]
_Locale_Profile         0x2000abac    0x1c  Data  Gb  setlocale.o [3]
_SEGGER_RTT             0x2000bc28    0x78  Data  Gb  SEGGER_RTT.o [1]
_TzoneStr               0x2000aba4     0x4  Data  Gb  setlocale.o [3]
_WriteBlocking          0x000300c3    0x54  Code  Lc  SEGGER_RTT.o [1]
_WriteNoCheck           0x00030117    0x3a  Code  Lc  SEGGER_RTT.o [1]
__ICFEDIT_region_RAM_end__ {Abs}
                        0x2000ffff          Data  Gb  command line/config [2]
__ICFEDIT_region_RAM_start__ {Abs}
                        0x200092f0          Data  Gb  command line/config [2]
__Vectors               0x00023000           --   Gb  iar_startup_nrf52.o [1]
__Vectors_End           0x00023200          Data  Gb  iar_startup_nrf52.o [1]
__Vectors_Size {Abs}    0x00000200           --   Gb  iar_startup_nrf52.o [1]
__aeabi_memclr          0x0002dc21          Code  Gb  ABImemclr.o [5]
__aeabi_memclr4         0x00025191          Code  Gb  ABImemclr4.o [5]
__aeabi_memset4         0x00026ad5          Code  Gb  ABImemset48.o [5]
__aeabi_memset8         0x00026ad5          Code  Gb  ABImemset48.o [5]
__cmain                 0x00031255          Code  Gb  cmain.o [5]
__exit                  0x00031281          Code  Gb  XXexit.o [5]
__iar_Memset4_word      0x00026add          Code  Gb  ABImemset48.o [5]
__iar_Memset8_word      0x00026add          Code  Gb  ABImemset48.o [5]
__iar_Memset_word       0x0002e67d          Code  Gb  ABImemset.o [5]
__iar_data_init3        0x0003114d    0x28  Code  Gb  data_init.o [5]
__iar_init_vfp          0x00031175          Code  Gb  fpinit_M.o [4]
__iar_lz77_init_single3
                        0x00030e2d    0x78  Code  Gb  lz77_init_single.o [5]
__iar_program_start     0x00031305          Code  Gb  cstartup_M.o [5]
__iar_unaligned___aeabi_memcpy
                        0x000253e1          Code  Gb  ABImemcpy_unaligned.o [5]
__iar_unaligned___aeabi_memcpy4
                        0x00025401          Code  Gb  ABImemcpy_unaligned.o [5]
__iar_unaligned___aeabi_memcpy8
                        0x00025401          Code  Gb  ABImemcpy_unaligned.o [5]
__iar_unaligned___aeabi_memmove
                        0x00025199          Code  Gb  ABImemmove_unaligned.o [5]
__iar_unaligned___aeabi_memmove4
                        0x00025199          Code  Gb  ABImemmove_unaligned.o [5]
__iar_unaligned___aeabi_memmove8
                        0x00025199          Code  Gb  ABImemmove_unaligned.o [5]
__iar_unaligned_memcmp  0x00029b11          Code  Gb  memcmp_unaligned.o [5]
__iar_unaligned_strcmp  0x0002514d          Code  Gb  strcmp_unaligned.o [5]
__iar_unaligned_strcpy  0x0002524d          Code  Gb  strcpy_unaligned.o [5]
__iar_zero_init3        0x000310a9    0x40  Code  Gb  zero_init3.o [5]
__sd_nvic_app_accessible_irq
                        0x0002ad99    0x26  Code  Lc  nrf_sdh.o [1]
__sd_nvic_is_app_accessible_priority
                        0x0002adbf    0x16  Code  Lc  nrf_sdh.o [1]
__vector_table          0x00023000          Data  Gb  iar_startup_nrf52.o [1]
_acDownBuffer           0x2000bea0    0x10  Data  Lc  SEGGER_RTT.o [1]
_acUpBuffer             0x2000bca0   0x200  Data  Lc  SEGGER_RTT.o [1]
_call_main              0x00031261          Code  Gb  cmain.o [5]
_exit                   0x00031275          Code  Gb  cexit.o [5]
_main                   0x0003126b          Code  Gb  cmain.o [5]
addr_compare            0x0002bd63    0x2c  Code  Gb  id_manager.o [1]
addr_is_aligned32       0x000288a7     0xc  Code  Lc  nrf_fstorage.o [1]
addr_within_bounds      0x0002888d    0x1a  Code  Lc  nrf_fstorage.o [1]
adjust_heap             0x000255e5    0x88  Code  Lc  qsort.o [3]
adv_report_parse        0x00026cd9    0x2c  Code  Lc  main.o [1]
adv_scan_start          0x00026e6b    0x42  Code  Lc  main.o [1]
advertising_start       0x00026dcd    0x32  Code  Lc  main.o [1]
ah                      0x0002c021    0x50  Code  Gb  id_manager.o [1]
amtc_evt_handler        0x00027405   0x260  Code  Lc  main.o [1]
amtc_evt_handler{1}{2}{13}{14}{15}::bytes_cnt
                        0x20009310     0x4  Data  Lc  main.o [1]
amtc_evt_handler{1}{2}{13}{14}{15}::kbytes_cnt
                        0x20009314     0x4  Data  Lc  main.o [1]
amts_evt_handler        0x00027353    0xb0  Code  Lc  main.o [1]
app_button_disable      0x0002a31f    0x26  Code  Gb  app_button.o [1]
app_button_enable       0x0002a2ff    0x20  Code  Gb  app_button.o [1]
app_button_init         0x0002a299    0x66  Code  Gb  app_button.o [1]
app_error_fault_handler
                        0x0002bb49    0x74  Code  Wk  app_error_weak.o [1]
app_error_handler_bare  0x00028751    0x14  Code  Gb  app_error.o [1]
app_timer_cnt_get       0x0002a8e5     0x6  Code  Gb  app_timer.o [1]
app_timer_create        0x0002a825    0x26  Code  Gb  app_timer.o [1]
app_timer_init          0x0002a7e1    0x44  Code  Gb  app_timer.o [1]
app_timer_start         0x0002a84b    0x7e  Code  Gb  app_timer.o [1]
app_timer_stop          0x0002a8c9    0x1c  Code  Gb  app_timer.o [1]
app_util_critical_region_enter
                        0x00026c19    0x36  Code  Gb  app_util_platform.o [1]
app_util_critical_region_exit
                        0x00026c4f    0x22  Code  Gb  app_util_platform.o [1]
application_timers_start
                        0x000276eb    0x16  Code  Gb  main.o [1]
apply_config            0x0002e7d9    0xb4  Code  Lc  nrf_drv_uart.o [1]
att_mtu_size_set        0x0003090d    0x1c  Code  Lc  example_cmds.o [1]
auth_status_success_process
                        0x0002d391    0xca  Code  Lc  security_dispatcher.o [1]
ble_advdata_encode      0x0002b7b9   0x144  Code  Gb  ble_advdata.o [1]
ble_advdata_set         0x0002b921    0x62  Code  Gb  ble_advdata.o [1]
ble_conn_state_conn_handles
                        0x000289eb     0x6  Code  Gb  ble_conn_state.o [1]
ble_conn_state_encrypted
                        0x000289c7     0x4  Code  Gb  ble_conn_state.o [1]
ble_conn_state_n_centrals
                        0x000289d3     0xc  Code  Gb  ble_conn_state.o [1]
ble_conn_state_n_peripherals
                        0x000289df     0xc  Code  Gb  ble_conn_state.o [1]
ble_conn_state_role     0x00028999    0x20  Code  Gb  ble_conn_state.o [1]
ble_conn_state_user_flag_acquire
                        0x000289f7    0x24  Code  Gb  ble_conn_state.o [1]
ble_conn_state_user_flag_collection
                        0x00028a57    0x16  Code  Gb  ble_conn_state.o [1]
ble_conn_state_user_flag_get
                        0x00028a1b    0x18  Code  Gb  ble_conn_state.o [1]
ble_conn_state_user_flag_set
                        0x00028a33    0x24  Code  Gb  ble_conn_state.o [1]
ble_db_discovery_evt_register
                        0x00029f87    0x34  Code  Gb  ble_db_discovery.o [1]
ble_db_discovery_init   0x00029f6b    0x1c  Code  Gb  ble_db_discovery.o [1]
ble_db_discovery_on_ble_evt
                        0x0002a02d    0xc4  Code  Gb  ble_db_discovery.o [1]
ble_db_discovery_start  0x0002a005    0x28  Code  Gb  ble_db_discovery.o [1]
ble_device_addr_encode  0x0002b47b    0x5a  Code  Lc  ble_advdata.o [1]
ble_evt_handler         0x000288b5    0xe4  Code  Lc  ble_conn_state.o [1]
ble_evt_handler         0x00027253   0x100  Code  Lc  main.o [1]
ble_evt_handler         0x00028bed    0x24  Code  Lc  peer_manager.o [1]
ble_srv_is_notification_enabled
                        0x0002b98f     0x8  Code  Gb  ble_srv_common.o [1]
ble_stack_init::m_ble_observer
                        0x00031014     0x8  Data  Lc  main.o [1]
bsp_board_led_invert    0x000286f9    0x1c  Code  Gb  boards.o [1]
bsp_board_led_off       0x000286dd     0xa  Code  Gb  boards.o [1]
bsp_board_led_on        0x000286d3     0xa  Code  Gb  boards.o [1]
bsp_board_leds_init     0x00028725    0x28  Code  Gb  boards.o [1]
bsp_board_leds_off      0x000286e7    0x12  Code  Gb  boards.o [1]
buf_prealloc            0x00025c49    0x5a  Code  Lc  nrf_log_frontend.o [1]
buffer_add              0x0002641d    0x1c  Code  Lc  nrf_fprintf_format.o [1]
buffer_is_empty         0x00025d35    0x14  Code  Gb  nrf_log_frontend.o [1]
button_evt_handler      0x0002766f    0x74  Code  Lc  main.o [1]
buttons_init::buttons   0x2000aa6c    0x18  Data  Lc  main.o [1]
channel_free            0x0002de89    0x18  Code  Lc  nrf_drv_gpiote.o [1]
channel_port_alloc      0x0002de4b    0x3e  Code  Lc  nrf_drv_gpiote.o [1]
char_backspace          0x000237f5    0x76  Code  Lc  nrf_cli.o [1]
char_backspace{2}{6}::cmd_bspace
                        0x0002386c     0x4  Data  Lc  nrf_cli.o [1]
char_delete             0x00023871    0x4e  Code  Lc  nrf_cli.o [1]
char_delete{2}{3}{4}::cmd
                        0x000238c0     0x4  Data  Lc  nrf_cli.o [1]
char_insert             0x00023713    0xca  Code  Lc  nrf_cli.o [1]
char_notification_send  0x000285bf    0x92  Code  Gb  amts.o [1]
characteristic_add      0x0002b9c7   0x168  Code  Gb  ble_srv_common.o [1]
characteristics_discover
                        0x00029ced    0x3c  Code  Lc  ble_db_discovery.o [1]
claim                   0x0002e577    0x36  Code  Lc  peer_id.o [1]
clear_str_ptr           0x2000ace8     0x4  Data  Gb  nrf_cli.o [1]
cli_clear_eos           0x0002336d     0x8  Code  Lc  nrf_cli.o [1]
cli_clear_eos{1}::cmd   0x00023374     0x4  Data  Lc  nrf_cli.o [1]
cli_command$$Base       0x0003101c           --   Gb  - Linker created -
cli_command$$Limit      0x00031064           --   Gb  - Linker created -
cli_cursor_restore      0x0002338d     0x8  Code  Lc  nrf_cli.o [1]
cli_cursor_restore{1}::cmd
                        0x00023394     0x4  Data  Lc  nrf_cli.o [1]
cli_cursor_save         0x00023379     0x6  Code  Lc  nrf_cli.o [1]
cli_cursor_save{1}::cmd
                        0x00023388     0x4  Data  Lc  nrf_cli.o [1]
cli_execute             0x00024341   0x184  Code  Lc  nrf_cli.o [1]
cli_init                0x00027831    0x5c  Code  Gb  main.o [1]
cli_log_entry_process   0x00024a23   0x126  Code  Lc  nrf_cli.o [1]
cli_putc                0x0002328f     0xa  Code  Lc  nrf_cli.o [1]
cli_read                0x00023299     0xc  Code  Lc  nrf_cli.o [1]
cli_rtt                 0x00030ce4     0xc  Data  Lc  main.o [1]
cli_rtt_cb              0x2000cdb0     0xc  Data  Lc  main.o [1]
cli_rtt_enable          0x00030d93    0x54  Code  Lc  nrf_cli_rtt.o [1]
cli_rtt_init            0x00030d73    0x18  Code  Lc  nrf_cli_rtt.o [1]
cli_rtt_read            0x00030de7    0x10  Code  Lc  nrf_cli_rtt.o [1]
cli_rtt_timer           0x00030ce0     0x4  Data  Lc  main.o [1]
cli_rtt_timer_data      0x2000cca4    0x20  Data  Lc  main.o [1]
cli_rtt_uninit          0x00030d8b     0x8  Code  Lc  nrf_cli_rtt.o [1]
cli_rtt_write           0x00030df7    0x2e  Code  Lc  nrf_cli_rtt.o [1]
cli_sorted_cmd_ptrs$$Base
                        0x2000ace0           --   Gb  - Linker created -
cli_sorted_cmd_ptrs$$Limit
                        0x2000ad04           --   Gb  - Linker created -
cli_start               0x000278a1    0x10  Code  Gb  main.o [1]
cli_state_collect       0x000240c1   0x1e0  Code  Lc  nrf_cli.o [1]
cli_state_set           0x00023a13    0x20  Code  Lc  nrf_cli.o [1]
cli_stats_str_ptr       0x2000acfc     0x4  Data  Gb  nrf_cli.o [1]
cli_strlen              0x00023201     0xa  Code  Lc  nrf_cli.o [1]
cli_tab_handle          0x00023dcf   0x25c  Code  Lc  nrf_cli.o [1]
cli_transport_evt_handler
                        0x0002453b     0xc  Code  Lc  nrf_cli.o [1]
cli_uart                0x00030cc8    0x18  Data  Lc  main.o [1]
cli_uart_cb             0x2000cbec    0x2c  Data  Lc  main.o [1]
cli_uart_enable         0x00030839    0x6c  Code  Lc  nrf_cli_uart.o [1]
cli_uart_init           0x000307db    0x48  Code  Lc  nrf_cli_uart.o [1]
cli_uart_read           0x000308ad     0xa  Code  Lc  nrf_cli_uart.o [1]
cli_uart_rx_ringbuf     0x00030cb4     0xc  Data  Lc  main.o [1]
cli_uart_rx_ringbuf_buf
                        0x2000cd94    0x10  Data  Lc  main.o [1]
cli_uart_rx_ringbuf_cb  0x2000cd18    0x18  Data  Lc  main.o [1]
cli_uart_timer          0x00030ca4     0x4  Data  Lc  main.o [1]
cli_uart_timer_data     0x2000cc84    0x20  Data  Lc  main.o [1]
cli_uart_tx_ringbuf     0x00030ca8     0xc  Data  Lc  main.o [1]
cli_uart_tx_ringbuf_buf
                        0x2000cb00    0x40  Data  Lc  main.o [1]
cli_uart_tx_ringbuf_cb  0x2000cd00    0x18  Data  Lc  main.o [1]
cli_uart_uart           0x00030cc0     0x8  Data  Lc  main.o [1]
cli_uart_uninit         0x00030823    0x16  Code  Lc  nrf_cli_uart.o [1]
cli_uart_write          0x000308b7    0x4a  Code  Lc  nrf_cli_uart.o [1]
cli_write               0x0002323d    0x52  Code  Lc  nrf_cli.o [1]
clock_clk_started_notify
                        0x00030b55    0x24  Code  Lc  nrf_drv_clock.o [1]
cmd_att_mtu_158_set     0x000309a3     0x4  Code  Lc  example_cmds.o [1]
cmd_att_mtu_23_set      0x0003099f     0x4  Code  Lc  example_cmds.o [1]
cmd_att_mtu_247_set     0x000309a7     0x4  Code  Lc  example_cmds.o [1]
cmd_config_get          0x000309cd     0x4  Code  Lc  example_cmds.o [1]
cmd_conn_interval_150_set
                        0x000309b3     0x4  Code  Lc  example_cmds.o [1]
cmd_conn_interval_400_set
                        0x000309b7     0x6  Code  Lc  example_cmds.o [1]
cmd_conn_interval_50_set
                        0x000309af     0x4  Code  Lc  example_cmds.o [1]
cmd_conn_interval_7_5_set
                        0x000309ab     0x4  Code  Lc  example_cmds.o [1]
cmd_dle_off_set         0x000309c1     0x4  Code  Lc  example_cmds.o [1]
cmd_dle_on_set          0x000309bd     0x4  Code  Lc  example_cmds.o [1]
cmd_get                 0x000232a5    0x70  Code  Lc  nrf_cli.o [1]
cmd_phy_1m_set          0x000309c5     0x4  Code  Lc  example_cmds.o [1]
cmd_phy_2m_set          0x000309c9     0x4  Code  Lc  example_cmds.o [1]
cmd_test_run            0x00030a09     0x4  Code  Lc  example_cmds.o [1]
cmd_trim                0x000242b9    0x78  Code  Lc  nrf_cli.o [1]
colors_str_ptr          0x2000acec     0x4  Data  Gb  nrf_cli.o [1]
compare_reg_update      0x0002a5d7    0x86  Code  Lc  app_timer.o [1]
completion_insert       0x00023cab    0x74  Code  Lc  nrf_cli.o [1]
config_str_ptr          0x2000ace0     0x4  Data  Gb  example_cmds.o [1]
conn_int_encode         0x0002b649    0x7e  Code  Lc  ble_advdata.o [1]
conn_interval_set       0x00027749     0x8  Code  Gb  main.o [1]
conn_sec_failure        0x0002d177    0x38  Code  Lc  security_dispatcher.o [1]
connection_interval_set
                        0x00030929    0x1a  Code  Lc  example_cmds.o [1]
count                   0x2000ce24     0x4  Data  Gb  amts.o [1]
counter_get             0x0002a1c7     0x6  Code  Gb  counter.o [1]
counter_init            0x0002a181    0x30  Code  Gb  counter.o [1]
counter_start           0x0002a1b1     0xe  Code  Gb  counter.o [1]
counter_stop            0x0002a1bf     0x8  Code  Gb  counter.o [1]
countlink               0x2000930c     0x4  Data  Lc  main.o [1]
current_config_print    0x00027771    0x66  Code  Gb  main.o [1]
cursor_down_move        0x000233ed    0x10  Code  Lc  nrf_cli.o [1]
cursor_end_position_move
                        0x00023497    0x42  Code  Lc  nrf_cli.o [1]
cursor_home_position_move
                        0x00023455    0x42  Code  Lc  nrf_cli.o [1]
cursor_in_empty_line    0x0002320b    0x10  Code  Lc  nrf_cli.o [1]
cursor_left_move        0x000233a5    0x10  Code  Lc  nrf_cli.o [1]
cursor_next_line_move   0x00023399     0x8  Code  Lc  nrf_cli.o [1]
cursor_next_line_move{1}::cmd
                        0x000233a0     0x4  Data  Lc  nrf_cli.o [1]
cursor_position_get     0x000234e1   0x186  Code  Lc  nrf_cli.o [1]
cursor_position_get::cmd_get_terminal_size
                        0x00023668     0x8  Data  Lc  nrf_cli.o [1]
cursor_position_synchronize
                        0x00023405    0x48  Code  Lc  nrf_cli.o [1]
cursor_right_move       0x000233bd    0x10  Code  Lc  nrf_cli.o [1]
cursor_up_move          0x000233d5    0x10  Code  Lc  nrf_cli.o [1]
data_len_ext_set        0x00027751    0x1a  Code  Gb  main.o [1]
db_disc_evt_handler     0x00026d05    0x18  Code  Lc  main.o [1]
default_cmd             0x000309d1    0x38  Code  Lc  example_cmds.o [1]
delay_timer             0x000280f8     0x4  Data  Lc  main.o [1]
delay_timer_data        0x2000cc64    0x20  Data  Lc  main.o [1]
delay_timer_timeout_handler
                        0x000276e3     0x8  Code  Lc  main.o [1]
descriptors_discover    0x00029d29    0x86  Code  Lc  ble_db_discovery.o [1]
detection_delay_timeout_handler
                        0x0002a1e9    0x60  Code  Lc  app_button.o [1]
discovery_complete_evt_trigger
                        0x00029bd9    0x72  Code  Lc  ble_db_discovery.o [1]
discovery_error_evt_trigger
                        0x00029ba5    0x34  Code  Lc  ble_db_discovery.o [1]
discovery_start         0x00029fbb    0x4a  Code  Lc  ble_db_discovery.o [1]
dle_set                 0x00030949    0x22  Code  Lc  example_cmds.o [1]
echo_str_ptr            0x2000acf0     0x4  Data  Gb  nrf_cli.o [1]
encryption_failure      0x0002d1af     0x8  Code  Lc  security_dispatcher.o [1]
erase                   0x0002fcb3    0x38  Code  Lc  nrf_fstorage_sd.o [1]
event_send              0x00028dfd    0x20  Code  Lc  fds.o [1]
event_send              0x0002fb1d    0x4c  Code  Lc  nrf_fstorage_sd.o [1]
events_send_from_err_code
                        0x0002c5c5    0x72  Code  Lc  security_manager.o [1]
evt_send                0x0002c975    0x16  Code  Lc  gatt_cache_manager.o [1]
evt_send                0x00028a71    0x20  Code  Lc  peer_manager.o [1]
evt_send                0x0002d141    0x16  Code  Lc  security_dispatcher.o [1]
evt_send                0x0002c56d     0x4  Code  Lc  security_manager.o [1]
exit                    0x0003126f     0x4  Code  Gb  exit.o [3]
fds_evt_handler         0x0002ce3b    0xce  Code  Lc  peer_data_storage.o [1]
fds_file_delete         0x00029a25    0x30  Code  Gb  fds.o [1]
fds_gc                  0x00029a69    0x2c  Code  Gb  fds.o [1]
fds_init                0x0002982d    0xdc  Code  Gb  fds.o [1]
fds_record_close        0x0002994d    0x40  Code  Gb  fds.o [1]
fds_record_find         0x00029aa1     0xe  Code  Gb  fds.o [1]
fds_record_find_by_key  0x00029aaf     0xc  Code  Gb  fds.o [1]
fds_record_find_in_file
                        0x00029abb     0xa  Code  Gb  fds.o [1]
fds_record_id_from_desc
                        0x00029acb    0x14  Code  Gb  fds.o [1]
fds_record_open         0x00029909    0x44  Code  Gb  fds.o [1]
fds_record_update       0x00029a0f     0x8  Code  Gb  fds.o [1]
fds_record_write        0x000299fd     0x4  Code  Gb  fds.o [1]
fds_record_write_reserved
                        0x00029a01     0xe  Code  Gb  fds.o [1]
fds_register            0x0002980b    0x22  Code  Gb  fds.o [1]
fds_reserve             0x0002998d    0x28  Code  Gb  fds.o [1]
fds_reserve_cancel      0x000299b5    0x3c  Code  Gb  fds.o [1]
file_find_and_delete::tok
                        0x2000c724     0x8  Data  Lc  fds.o [1]
file_id_within_pm_range
                        0x0002cd63    0x16  Code  Lc  peer_data_storage.o [1]
flag_id_init            0x0002d463    0x12  Code  Lc  security_dispatcher.o [1]
flag_id_init            0x0002c863    0x12  Code  Lc  security_manager.o [1]
flags_set_from_err_code
                        0x0002c571    0x4e  Code  Lc  security_manager.o [1]
format_offset_string_print
                        0x0002471f    0xda  Code  Lc  nrf_cli.o [1]
fs_data$$Base           0x2000ac18           --   Gb  - Linker created -
fs_data$$Limit          0x2000ac2c           --   Gb  - Linker created -
fs_event_handler        0x0002973b     0x4  Code  Lc  fds.o [1]
full_line_cmd           0x0002321b     0xe  Code  Lc  nrf_cli.o [1]
gatt_evt_handler        0x00026d1d    0x56  Code  Lc  main.o [1]
gatt_mtu_set            0x00027717    0x2a  Code  Gb  main.o [1]
gc_execute              0x000294c5    0x9a  Code  Lc  fds.o [1]
gc_page_erase           0x00029239    0x3c  Code  Lc  fds.o [1]
gc_record_copy          0x00029275    0x24  Code  Lc  fds.o [1]
gc_record_find_next     0x00029299    0x1c  Code  Lc  fds.o [1]
gc_state_advance        0x000292b5    0x78  Code  Lc  fds.o [1]
gcm_ble_evt_handler     0x0002cc2d    0x82  Code  Gb  gatt_cache_manager.o [1]
gcm_im_evt_handler      0x0002cb51    0x28  Code  Gb  gatt_cache_manager.o [1]
gcm_init                0x0002cbeb    0x42  Code  Gb  gatt_cache_manager.o [1]
gcm_local_database_has_changed
                        0x0002ccbf    0x46  Code  Gb  gatt_cache_manager.o [1]
gcm_pdb_evt_handler     0x0002cb79    0x72  Code  Gb  gatt_cache_manager.o [1]
get_connection_by_conn_handle
                        0x0002bcc7    0x32  Code  Gb  id_manager.o [1]
get_free_connection     0x0002bc9d    0x2a  Code  Gb  id_manager.o [1]
gpiote_event_handler    0x0002a249    0x50  Code  Lc  app_button.o [1]
gscm_db_change_notification_done
                        0x0002daad    0x1a  Code  Gb  gatts_cache_manager.o [1]
gscm_db_change_notification_done::service_changed_pending
                        0x00031324     0x4  Data  Lc  gatts_cache_manager.o [1]
gscm_init               0x0002d94f     0xc  Code  Gb  gatts_cache_manager.o [1]
gscm_local_database_has_changed
                        0x0002da45    0x14  Code  Gb  gatts_cache_manager.o [1]
gscm_local_db_cache_apply
                        0x0002d9db    0x6a  Code  Gb  gatts_cache_manager.o [1]
gscm_local_db_cache_update
                        0x0002d95b    0x80  Code  Gb  gatts_cache_manager.o [1]
gscm_pdb_evt_handler    0x0002d93d    0x12  Code  Gb  gatts_cache_manager.o [1]
gscm_service_changed_ind_needed
                        0x0002da59    0x1e  Code  Gb  gatts_cache_manager.o [1]
gscm_service_changed_ind_send
                        0x0002da77    0x2c  Code  Gb  gatts_cache_manager.o [1]
gscm_service_changed_ind_send::start_handle
                        0x2000ce2e     0x2  Data  Lc  gatts_cache_manager.o [1]
header_check            0x00028e3b    0x2a  Code  Lc  fds.o [1]
header_has_next         0x00028e1d    0x14  Code  Lc  fds.o [1]
header_jump             0x00028e31     0xa  Code  Lc  fds.o [1]
history_handle          0x00023a39   0x10e  Code  Lc  nrf_cli.o [1]
history_list_element_add
                        0x00023b47    0x68  Code  Lc  nrf_cli.o [1]
history_list_element_oldest_remove
                        0x00023baf    0x58  Code  Lc  nrf_cli.o [1]
history_save            0x00023c27    0x7c  Code  Lc  nrf_cli.o [1]
history_str_ptr         0x2000acf4     0x4  Data  Gb  nrf_cli.o [1]
im_address_resolve      0x0002c071    0x42  Code  Gb  id_manager.o [1]
im_ble_addr_get         0x0002bf11    0x28  Code  Gb  id_manager.o [1]
im_ble_evt_handler      0x0002bd8f    0xa4  Code  Gb  id_manager.o [1]
im_conn_handle_get      0x0002bf9f    0x22  Code  Gb  id_manager.o [1]
im_find_duplicate_bonding_data
                        0x0002be8d    0x30  Code  Gb  id_manager.o [1]
im_init                 0x0002bec7    0x30  Code  Gb  id_manager.o [1]
im_is_duplicate_bonding_data
                        0x0002be33    0x5a  Code  Gb  id_manager.o [1]
im_master_id_is_valid   0x0002bfc1    0x18  Code  Gb  id_manager.o [1]
im_master_ids_compare   0x0002bf39    0x2a  Code  Gb  id_manager.o [1]
im_new_peer_id          0x0002bfef     0x2  Code  Gb  id_manager.o [1]
im_peer_free            0x0002bff1    0x28  Code  Gb  id_manager.o [1]
im_peer_id_get_by_conn_handle
                        0x0002bef7    0x1a  Code  Gb  id_manager.o [1]
im_peer_id_get_by_master_id
                        0x0002bf63    0x3c  Code  Gb  id_manager.o [1]
init                    0x0002fc19    0x3a  Code  Lc  nrf_fstorage_sd.o [1]
init_execute            0x0002932d    0xa4  Code  Lc  fds.o [1]
int_print               0x000264d3    0x9a  Code  Lc  nrf_fprintf_format.o [1]
interrupts_disable      0x0002e8fb    0x26  Code  Lc  nrf_drv_uart.o [1]
interrupts_enable       0x0002e8a7    0x54  Code  Lc  nrf_drv_uart.o [1]
intro_sort              0x0002566d   0x33c  Code  Lc  qsort.o [3]
is_busy                 0x0002fd07     0xa  Code  Lc  nrf_fstorage_sd.o [1]
is_desc_discovery_reqd  0x00029cad    0x40  Code  Lc  ble_db_discovery.o [1]
is_valid_irk            0x0002bd4f    0x14  Code  Gb  id_manager.o [1]
isalpha                 0x00025211    0x14  Code  Gb  isxxx.o [3]
ispunct                 0x00025225    0x14  Code  Gb  isxxx.o [3]
isspace                 0x00025239    0x14  Code  Gb  isxxx.o [3]
lfclk_stop              0x00030ad3    0x16  Code  Lc  nrf_drv_clock.o [1]
link_init               0x0002a935    0x18  Code  Lc  nrf_ble_gatt.o [1]
link_secure             0x0002c679    0xa0  Code  Lc  security_manager.o [1]
link_secure_central     0x0002d6b5    0xb2  Code  Lc  security_dispatcher.o [1]
link_secure_central_pairing
                        0x0002d611    0xa4  Code  Lc  security_dispatcher.o [1]
link_secure_failure     0x0002d1b7    0x8a  Code  Lc  security_dispatcher.o [1]
link_secure_pending_process
                        0x0002c7ab    0x4c  Code  Lc  security_manager.o [1]
list_insertions_handler
                        0x0002a46b   0x168  Code  Lc  app_timer.o [1]
local_db_apply_in_evt   0x0002c9ab    0x62  Code  Lc  gatt_cache_manager.o [1]
local_db_update         0x0002ca0d     0xa  Code  Lc  gatt_cache_manager.o [1]
lock_by_mask            0x0002e479    0x32  Code  Lc  pm_mutex.o [1]
log_cmd                 0x00026299    0x38  Code  Lc  nrf_log_frontend.o [1]
log_const_data$$Base    0x00030ea4           --   Gb  - Linker created -
log_const_data$$Limit   0x00030f1c           --   Gb  - Linker created -
log_ctrl                0x000260d9   0x138  Code  Lc  nrf_log_frontend.o [1]
log_dynamic_data$$Base  0x2000ac2c           --   Gb  - Linker created -
log_dynamic_data$$Limit
                        0x2000ace0           --   Gb  - Linker created -
log_go                  0x00026291     0x8  Code  Lc  nrf_log_frontend.o [1]
log_halt                0x00026289     0x8  Code  Lc  nrf_log_frontend.o [1]
log_skip                0x00025b59    0x94  Code  Lc  nrf_log_frontend.o [1]
log_status              0x00026001    0xac  Code  Lc  nrf_log_frontend.o [1]
log_str_ptr             0x2000ad00     0x4  Data  Gb  nrf_log_frontend.o [1]
m_amtc                  0x2000a9cc    0xa0  Data  Lc  main.o [1]
m_amtc_obs              0x00030fcc    0x40  Data  Lc  main.o [1]
m_amts                  0x2000cc40    0x24  Data  Lc  main.o [1]
m_amts_ble_obs          0x0003100c     0x8  Data  Lc  main.o [1]
m_att_mtu_size_cmds     0x0002f2d4     0x8  Data  Lc  example_cmds.o [1]
m_att_mtu_size_cmds_raw
                        0x0002f2dc    0x40  Data  Lc  example_cmds.o [1]
m_bcs                   0x2000c898    0xb8  Data  Lc  ble_conn_state.o [1]
m_ble_db_discovery      0x2000936c  0x1660  Data  Lc  main.o [1]
m_ble_db_discovery_obs  0x00030f84    0x40  Data  Lc  main.o [1]
m_ble_evt_observer      0x00031348     0x8  Data  Lc  ble_conn_state.o [1]
m_ble_evt_observer      0x00030fc4     0x8  Data  Lc  peer_manager.o [1]
m_board_led_list        0x0002874c     0x4  Data  Lc  boards.o [1]
m_board_role            0x200092f8     0x1  Data  Lc  main.o [1]
m_bonded_flag_id        0x2000cce8     0x1  Data  Lc  peer_manager.o [1]
m_button_count          0x2000cbb8     0x1  Data  Lc  app_button.o [1]
m_cb                    0x2000caa8    0x58  Data  Lc  nrf_drv_gpiote.o [1]
m_cb                    0x2000cdfc     0x4  Data  Lc  nrf_drv_rtc.o [1]
m_cb                    0x2000ccc4    0x20  Data  Lc  nrf_drv_uart.o [1]
m_cb_table              0x2000cd48    0x10  Data  Lc  fds.o [1]
m_cli_rtt               0x00028118    0x1c  Data  Lc  main.o [1]
m_cli_rtt_cmd_hist_memobj
                        0x00030d2c    0x14  Data  Lc  main.o [1]
m_cli_rtt_cmd_hist_memobj_nrf_balloc_cb
                        0x2000cdf4     0x8  Data  Lc  main.o [1]
m_cli_rtt_cmd_hist_memobj_nrf_balloc_pool_mem
                        0x2000c030   0x180  Data  Lc  main.o [1]
m_cli_rtt_cmd_hist_memobj_nrf_balloc_pool_stack
                        0x2000cdec     0x8  Data  Lc  main.o [1]
m_cli_rtt_ctx           0x2000c2f0   0x140  Data  Lc  main.o [1]
m_cli_rtt_fprintf_ctx   0x2000aab4    0x18  Data  Lc  main.o [1]
m_cli_rtt_log_backend   0x2000aacc    0x18  Data  Lc  main.o [1]
m_cli_rtt_log_backend_queue
                        0x00030d18    0x14  Data  Lc  main.o [1]
m_cli_rtt_log_backend_queue_nrf_queue_buffer
                        0x2000cd6c    0x14  Data  Lc  main.o [1]
m_cli_rtt_log_backend_queue_nrf_queue_cb
                        0x2000cdc8     0xc  Data  Lc  main.o [1]
m_cli_uart              0x000280fc    0x1c  Data  Lc  main.o [1]
m_cli_uart_cmd_hist_memobj
                        0x00030d04    0x14  Data  Lc  main.o [1]
m_cli_uart_cmd_hist_memobj_nrf_balloc_cb
                        0x2000cde4     0x8  Data  Lc  main.o [1]
m_cli_uart_cmd_hist_memobj_nrf_balloc_pool_mem
                        0x2000beb0   0x180  Data  Lc  main.o [1]
m_cli_uart_cmd_hist_memobj_nrf_balloc_pool_stack
                        0x2000cddc     0x8  Data  Lc  main.o [1]
m_cli_uart_ctx          0x2000c1b0   0x140  Data  Lc  main.o [1]
m_cli_uart_fprintf_ctx  0x2000aa84    0x18  Data  Lc  main.o [1]
m_cli_uart_log_backend  0x2000aa9c    0x18  Data  Lc  main.o [1]
m_cli_uart_log_backend_queue
                        0x00030cf0    0x14  Data  Lc  main.o [1]
m_cli_uart_log_backend_queue_nrf_queue_buffer
                        0x2000cd58    0x14  Data  Lc  main.o [1]
m_cli_uart_log_backend_queue_nrf_queue_cb
                        0x2000cdbc     0xc  Data  Lc  main.o [1]
m_clock_cb              0x2000cd80    0x14  Data  Lc  nrf_drv_clock.o [1]
m_colors                0x2000ab20    0x24  Data  Lc  nrf_log_str_formatter.o [1]
m_conn_handle           0x20009308     0x2  Data  Lc  main.o [1]
m_conn_interval_cmds    0x0002f31c     0x8  Data  Lc  example_cmds.o [1]
m_conn_interval_cmds_raw
                        0x0002f324    0x50  Data  Lc  example_cmds.o [1]
m_conn_interval_configured
                        0x200092fe     0x1  Data  Lc  main.o [1]
m_conn_param            0x20009300     0x8  Data  Lc  main.o [1]
m_conn_state_user_flag_id
                        0x2000ce32     0x1  Data  Lc  id_manager.o [1]
m_connections           0x2000c53c    0xf0  Data  Lc  id_manager.o [1]
m_current_highest_peer_rank
                        0x2000ccf0     0x4  Data  Lc  peer_manager.o [1]
m_current_sc_store_peer_id
                        0x2000ce2c     0x2  Data  Lc  gatts_cache_manager.o [1]
m_data_length_updated   0x200092fc     0x1  Data  Lc  main.o [1]
m_db_update_in_progress_mutex
                        0x2000ce20     0x1  Data  Lc  gatt_cache_manager.o [1]
m_deleting_all          0x2000cce6     0x1  Data  Lc  peer_manager.o [1]
m_detection_delay       0x2000cbc0     0x4  Data  Lc  app_button.o [1]
m_detection_delay_timer_id
                        0x0002a350     0x4  Data  Lc  app_button.o [1]
m_detection_delay_timer_id_data
                        0x2000cbcc    0x20  Data  Lc  app_button.o [1]
m_dle_cmds              0x0002f374     0x8  Data  Lc  example_cmds.o [1]
m_dle_cmds_raw          0x0002f37c    0x30  Data  Lc  example_cmds.o [1]
m_evt_handler           0x2000cc34     0x4  Data  Lc  ble_db_discovery.o [1]
m_evt_handlers          0x0002c54c    0x10  Data  Lc  peer_database.o [1]
m_evt_handlers          0x2000ccf4     0xc  Data  Lc  peer_manager.o [1]
m_fds_ftok              0x2000ce14     0x8  Data  Lc  peer_data_storage.o [1]
m_fifo_data             0x2000c968    0x8c  Data  Lc  nrf_fstorage_sd.o [1]
m_fifo_inst             0x2000c9f4    0x10  Data  Lc  nrf_fstorage_sd.o [1]
m_flag_allow_repairing  0x2000ab48     0x1  Data  Lc  security_dispatcher.o [1]
m_flag_link_secure_force_repairing
                        0x2000ab97     0x1  Data  Lc  security_manager.o [1]
m_flag_link_secure_null_params
                        0x2000ab98     0x1  Data  Lc  security_manager.o [1]
m_flag_link_secure_pending_busy
                        0x2000ab95     0x1  Data  Lc  security_manager.o [1]
m_flag_link_secure_pending_flash_full
                        0x2000ab96     0x1  Data  Lc  security_manager.o [1]
m_flag_local_db_apply_pending
                        0x2000ce1d     0x1  Data  Lc  gatt_cache_manager.o [1]
m_flag_local_db_update_pending
                        0x2000ce1c     0x1  Data  Lc  gatt_cache_manager.o [1]
m_flag_params_reply_pending_busy
                        0x2000ab99     0x1  Data  Lc  security_manager.o [1]
m_flag_params_reply_pending_flash_full
                        0x2000ab9a     0x1  Data  Lc  security_manager.o [1]
m_flag_sec_proc         0x2000ab44     0x1  Data  Lc  security_dispatcher.o [1]
m_flag_sec_proc_bonding
                        0x2000ab46     0x1  Data  Lc  security_dispatcher.o [1]
m_flag_sec_proc_new_peer
                        0x2000ab47     0x1  Data  Lc  security_dispatcher.o [1]
m_flag_sec_proc_pairing
                        0x2000ab45     0x1  Data  Lc  security_dispatcher.o [1]
m_flag_service_changed_pending
                        0x2000ce1e     0x1  Data  Lc  gatt_cache_manager.o [1]
m_flag_service_changed_sent
                        0x2000ce1f     0x1  Data  Lc  gatt_cache_manager.o [1]
m_flags                 0x2000c714     0x8  Data  Lc  fds.o [1]
m_flags                 0x2000c950    0x14  Data  Lc  nrf_fstorage_sd.o [1]
m_flash_info            0x0002fdd0     0xc  Data  Lc  nrf_fstorage_sd.o [1]
m_fs                    0x2000ac18    0x14  Data  Gb  fds.o [1]
m_gap_role              0x200092ff     0x1  Data  Lc  main.o [1]
m_gatt                  0x20009318    0x54  Data  Lc  main.o [1]
m_gatt_obs              0x00030f7c     0x8  Data  Lc  main.o [1]
m_gc                    0x2000c704    0x10  Data  Lc  fds.o [1]
m_handlers              0x2000ce00     0x4  Data  Lc  nrf_drv_rtc.o [1]
m_highest_ranked_peer   0x2000ccea     0x2  Data  Lc  peer_manager.o [1]
m_iget_ctx              0x2000ca04     0x4  Data  Lc  nrf_fstorage_sd.o [1]
m_initialized           0x2000cc30     0x1  Data  Lc  ble_db_discovery.o [1]
m_latest_rec_id         0x2000c72c     0x4  Data  Lc  fds.o [1]
m_log_data              0x2000b508   0x420  Data  Lc  nrf_log_frontend.o [1]
m_module_initialized    0x2000cce4     0x1  Data  Lc  peer_manager.o [1]
m_module_name           0x00026414     0x8  Data  Lc  nrf_log_frontend.o [1]
m_mtu_exchanged         0x200092fb     0x1  Data  Lc  main.o [1]
m_n_pending_writes      0x2000c64c     0x4  Data  Lc  peer_database.o [1]
m_n_registrants         0x2000cce7     0x1  Data  Lc  peer_manager.o [1]
m_notif_enabled         0x200092fa     0x1  Data  Lc  main.o [1]
m_nrf_cli_command_not_found
[...]
on_ble_gap_evt_disconnected
                        0x00027153    0x98  Code  Lc  main.o [1]
on_characteristic_discovery_rsp
                        0x00029daf    0xda  Code  Lc  ble_db_discovery.o [1]
on_connected_evt        0x0002a94d    0x96  Code  Lc  nrf_ble_gatt.o [1]
on_descriptor_discovery_rsp
                        0x00029e89    0xd6  Code  Lc  ble_db_discovery.o [1]
on_srv_disc_completion  0x00029c4b    0x62  Code  Lc  ble_db_discovery.o [1]
option_print            0x00023d3b    0x78  Code  Lc  nrf_cli.o [1]
page_identify           0x00028e65    0x22  Code  Lc  fds.o [1]
page_offsets_update     0x00028ee5    0x12  Code  Lc  fds.o [1]
page_scan               0x00028e87    0x5e  Code  Lc  fds.o [1]
page_tag_write_data     0x00028f15     0xe  Code  Lc  fds.o [1]
page_tag_write_data::page_tag_data
                        0x00028f2c     0x8  Data  Lc  fds.o [1]
page_tag_write_swap     0x00028ef7    0x14  Code  Lc  fds.o [1]
page_tag_write_swap::page_tag_swap
                        0x00028f0c     0x8  Data  Lc  fds.o [1]
pages_init              0x0002911d    0xea  Code  Lc  fds.o [1]
params_reply_pending_process
                        0x0002c7f7    0x30  Code  Lc  security_manager.o [1]
params_req_send         0x0002c637    0x28  Code  Lc  security_manager.o [1]
pdb_evt_send            0x0002c14b    0x1a  Code  Lc  peer_database.o [1]
pdb_init                0x0002c2e7    0x3a  Code  Gb  peer_database.o [1]
pdb_init{1}{2}::buffer_memory
                        0x2000c664    0xa0  Data  Lc  peer_database.o [1]
pdb_init{1}{2}::mutex_memory
                        0x2000c650     0x1  Data  Lc  peer_database.o [1]
pdb_next_deleted_peer_id_get
                        0x0002c52f     0x4  Code  Gb  peer_database.o [1]
pdb_next_peer_id_get    0x0002c52b     0x4  Code  Gb  peer_database.o [1]
pdb_pds_evt_handler     0x0002c239    0xae  Code  Gb  peer_database.o [1]
pdb_peer_allocate       0x0002c321     0x4  Code  Gb  peer_database.o [1]
pdb_peer_data_load      0x0002c533    0x10  Code  Gb  peer_database.o [1]
pdb_peer_data_ptr_get   0x0002c367     0x6  Code  Gb  peer_database.o [1]
pdb_peer_free           0x0002c325    0x42  Code  Gb  peer_database.o [1]
pdb_raw_store           0x0002c543     0x8  Code  Gb  peer_database.o [1]
pdb_write_buf_get       0x0002c36d    0xf6  Code  Gb  peer_database.o [1]
pdb_write_buf_release   0x0002c46d    0x28  Code  Gb  peer_database.o [1]
pdb_write_buf_store     0x0002c505    0x26  Code  Gb  peer_database.o [1]
pdb_write_buf_store_prepare
                        0x0002c495    0x66  Code  Gb  peer_database.o [1]
pds_evt_send            0x0002cd59     0xa  Code  Lc  peer_data_storage.o [1]
pds_init                0x0002cf09    0x58  Code  Gb  peer_data_storage.o [1]
pds_next_deleted_peer_id_get
                        0x0002d127     0x4  Code  Gb  peer_data_storage.o [1]
pds_next_peer_id_get    0x0002d123     0x4  Code  Gb  peer_data_storage.o [1]
pds_peer_data_iterate   0x0002cfd1    0x50  Code  Gb  peer_data_storage.o [1]
pds_peer_data_iterate_prepare
                        0x0002cfc7     0xa  Code  Gb  peer_data_storage.o [1]
pds_peer_data_read      0x0002cf61    0x66  Code  Gb  peer_data_storage.o [1]
pds_peer_data_store     0x0002d069    0x98  Code  Gb  peer_data_storage.o [1]
pds_peer_id_allocate    0x0002d101     0x8  Code  Gb  peer_data_storage.o [1]
pds_peer_id_free        0x0002d109    0x16  Code  Gb  peer_data_storage.o [1]
pds_peer_id_is_allocated
                        0x0002d11f     0x4  Code  Gb  peer_data_storage.o [1]
pds_space_reserve       0x0002d02d    0x2e  Code  Gb  peer_data_storage.o [1]
pds_space_reserve_cancel
                        0x0002d05b     0xe  Code  Gb  peer_data_storage.o [1]
peer_data_const_point_to_buffer
                        0x0002c177     0x4  Code  Lc  peer_database.o [1]
peer_data_delete        0x0002cd99    0x74  Code  Lc  peer_data_storage.o [1]
peer_data_find          0x0002ce0d    0x2e  Code  Lc  peer_data_storage.o [1]
peer_data_id_is_valid   0x0002cd79    0x20  Code  Lc  peer_data_storage.o [1]
peer_data_point_to_buffer
                        0x0002c165    0x12  Code  Lc  peer_database.o [1]
peer_id_allocate        0x0002e5bd     0x4  Code  Gb  peer_id.o [1]
peer_id_delete          0x0002e5c1    0x20  Code  Gb  peer_id.o [1]
peer_id_free            0x0002e5e1    0x18  Code  Gb  peer_id.o [1]
peer_id_get_next_deleted
                        0x0002e66f     0x4  Code  Gb  peer_id.o [1]
peer_id_get_next_used   0x0002e647    0x28  Code  Gb  peer_id.o [1]
peer_id_init            0x0002e551    0x26  Code  Gb  peer_id.o [1]
peer_id_is_allocated    0x0002e5f9    0x10  Code  Gb  peer_id.o [1]
peer_id_is_deleted      0x0002e609    0x10  Code  Gb  peer_id.o [1]
peer_id_set             0x0002bfd9    0x16  Code  Lc  id_manager.o [1]
pending_flags_check     0x0002ca17   0x134  Code  Lc  gatt_cache_manager.o [1]
phy_set                 0x00030975    0x2a  Code  Lc  example_cmds.o [1]
phy_str                 0x00026c81    0x36  Code  Gb  main.o [1]
pin_in_use_by_gpiote    0x0002de3b    0x10  Code  Lc  nrf_drv_gpiote.o [1]
pin_in_use_by_port      0x0002de25    0x16  Code  Lc  nrf_drv_gpiote.o [1]
pin_in_use_by_te        0x0002de13    0x12  Code  Lc  nrf_drv_gpiote.o [1]
pins_to_default         0x0002e921    0x92  Code  Lc  nrf_drv_uart.o [1]
pm_buffer_block_acquire
                        0x0002e3c3    0x5e  Code  Gb  pm_buffer.o [1]
pm_buffer_init          0x0002e381    0x42  Code  Gb  pm_buffer.o [1]
pm_buffer_ptr_get       0x0002e421    0x2c  Code  Gb  pm_buffer.o [1]
pm_buffer_release       0x0002e44d    0x2c  Code  Gb  pm_buffer.o [1]
pm_conn_sec_config_reply
                        0x00028c9f     0xa  Code  Gb  peer_manager.o [1]
pm_evt_handler          0x00026edd    0x94  Code  Lc  main.o [1]
pm_gcm_evt_handler      0x00028bcd     0x2  Code  Gb  peer_manager.o [1]
pm_im_evt_handler       0x00028bcf    0x16  Code  Gb  peer_manager.o [1]
pm_init                 0x00028c11    0x58  Code  Gb  peer_manager.o [1]
pm_local_database_has_changed
                        0x00028ca9    0x10  Code  Gb  peer_manager.o [1]
pm_mutex_init           0x0002e4ab     0xc  Code  Gb  pm_mutex.o [1]
pm_mutex_lock           0x0002e4b7    0x16  Code  Gb  pm_mutex.o [1]
pm_mutex_lock_first_available
                        0x0002e509    0x32  Code  Gb  pm_mutex.o [1]
pm_mutex_lock_status_get
                        0x0002e53b    0x16  Code  Gb  pm_mutex.o [1]
pm_mutex_unlock         0x0002e4cd    0x3c  Code  Gb  pm_mutex.o [1]
pm_pdb_evt_handler      0x00028ab5    0xe4  Code  Gb  peer_manager.o [1]
pm_peer_delete          0x00028cb9    0x10  Code  Gb  peer_manager.o [1]
pm_peer_ranks_get       0x00028d33    0xa6  Code  Gb  peer_manager.o [1]
pm_peers_delete         0x00028cc9    0x5a  Code  Gb  peer_manager.o [1]
pm_register             0x00028c69    0x24  Code  Gb  peer_manager.o [1]
pm_sec_params_set       0x00028c8d    0x12  Code  Gb  peer_manager.o [1]
pm_sm_evt_handler       0x00028ba7    0x26  Code  Gb  peer_manager.o [1]
postfix_process         0x0002693f    0x30  Code  Lc  nrf_log_str_formatter.o [1]
preferred_phy_set       0x00027709     0xe  Code  Gb  main.o [1]
prefix_process          0x000268ed    0x52  Code  Lc  nrf_log_str_formatter.o [1]
qsort                   0x000259a9     0xe  Code  Gb  qsort.o [3]
queue_buf_get           0x000290fb    0x18  Code  Lc  fds.o [1]
queue_buf_store         0x00029113     0xa  Code  Lc  fds.o [1]
queue_process           0x00029561   0x1a2  Code  Lc  fds.o [1]
queue_process           0x0002fb69    0x82  Code  Lc  nrf_fstorage_sd.o [1]
queue_process::m_iget_ctx
                        0x2000c7d4     0x4  Data  Lc  fds.o [1]
queue_process::m_p_cur_op
                        0x2000c730     0x4  Data  Lc  fds.o [1]
queue_start             0x00029715    0x26  Code  Lc  fds.o [1]
queue_start             0x0002fbed    0x2a  Code  Lc  nrf_fstorage_sd.o [1]
queue_utilization_get   0x0002674f    0x18  Code  Lc  nrf_queue.o [1]
rank_vars_update        0x00028a91    0x22  Code  Lc  peer_manager.o [1]
read                    0x0002fca5     0xe  Code  Lc  nrf_fstorage_sd.o [1]
record_find             0x0002906f    0x7e  Code  Lc  fds.o [1]
record_find_by_desc     0x00028fd7    0x98  Code  Lc  fds.o [1]
record_find_next        0x00028f91    0x46  Code  Lc  fds.o [1]
record_header_flag_dirty
                        0x00029207    0x32  Code  Lc  fds.o [1]
record_header_flag_dirty::dirty_header
                        0x00029b00     0x4  Data  Lc  fds.o [1]
registered_handler_get  0x00029b75    0x30  Code  Lc  ble_db_discovery.o [1]
release                 0x0002e5ad    0x10  Code  Lc  peer_id.o [1]
resize_str_ptr          0x2000acf8     0x4  Data  Gb  nrf_cli.o [1]
rmap                    0x0002fcff     0x4  Code  Lc  nrf_fstorage_sd.o [1]
rot3                    0x000254d9    0x68  Code  Lc  qsort.o [3]
rotate                  0x00025547    0x4e  Code  Lc  qsort.o [3]
rtc1_stop               0x0002a431    0x3a  Code  Lc  app_timer.o [1]
rtc_handler             0x0002a179     0x8  Code  Lc  counter.o [1]
run_str_ptr             0x2000ace4     0x4  Data  Gb  example_cmds.o [1]
rx_byte                 0x0002ebb3    0x32  Code  Lc  nrf_drv_uart.o [1]
rx_done_event           0x0002edc3    0x1a  Code  Lc  nrf_drv_uart.o [1]
rx_enable               0x0002eb93    0x20  Code  Lc  nrf_drv_uart.o [1]
rx_try                  0x00030739    0x36  Code  Lc  nrf_cli_uart.o [1]
scan_start              0x00026e29    0x26  Code  Lc  main.o [1]
sd_nvic_SetPriority     0x0002add5    0x3c  Code  Lc  nrf_sdh.o [1]
sd_state_evt_handler    0x00030bc9    0x44  Code  Lc  nrf_drv_clock.o [1]
sdh_ble_observers       0x0002b464     0xc  Data  Lc  nrf_sdh_ble.o [1]
sdh_ble_observers0$$Base
                        0x00031348           --   Gb  - Linker created -
sdh_ble_observers0$$Limit
                        0x00031350           --   Gb  - Linker created -
sdh_ble_observers1$$Base
                        0x00030f7c           --   Gb  - Linker created -
sdh_ble_observers1$$Limit
                        0x00030fcc           --   Gb  - Linker created -
sdh_ble_observers2$$Base
                        0x00000000           --   Gb  - Linker created -
sdh_ble_observers2$$Limit
                        0x00000000           --   Gb  - Linker created -
sdh_ble_observers3$$Base
                        0x00030fcc           --   Gb  - Linker created -
sdh_ble_observers3$$Limit
                        0x0003101c           --   Gb  - Linker created -
sdh_ble_observers_array
                        0x0003112c    0x20  Data  Lc  nrf_sdh_ble.o [1]
sdh_req_observers       0x0002afd4     0xc  Data  Lc  nrf_sdh.o [1]
sdh_req_observers0$$Base
                        0x00031350           --   Gb  - Linker created -
sdh_req_observers0$$Limit
                        0x00031358           --   Gb  - Linker created -
sdh_req_observers1$$Base
                        0x00000000           --   Gb  - Linker created -
sdh_req_observers1$$Limit
                        0x00000000           --   Gb  - Linker created -
sdh_req_observers_array
                        0x000310f0    0x10  Data  Lc  nrf_sdh.o [1]
sdh_request_observer_notify
                        0x0002ae11    0x32  Code  Lc  nrf_sdh.o [1]
sdh_soc_observers       0x0003109c     0xc  Data  Lc  nrf_sdh_soc.o [1]
sdh_soc_observers0$$Base
                        0x000312b0           --   Gb  - Linker created -
sdh_soc_observers0$$Limit
                        0x000312c0           --   Gb  - Linker created -
sdh_soc_observers1$$Base
                        0x00000000           --   Gb  - Linker created -
sdh_soc_observers1$$Limit
                        0x00000000           --   Gb  - Linker created -
sdh_soc_observers_array
                        0x00031244    0x10  Data  Lc  nrf_sdh_soc.o [1]
sdh_stack_observers     0x0002afec     0xc  Data  Lc  nrf_sdh.o [1]
sdh_stack_observers0$$Base
                        0x000312c0           --   Gb  - Linker created -
sdh_stack_observers0$$Limit
                        0x000312d0           --   Gb  - Linker created -
sdh_stack_observers1$$Base
                        0x00000000           --   Gb  - Linker created -
sdh_stack_observers1$$Limit
                        0x00000000           --   Gb  - Linker created -
sdh_stack_observers_array
                        0x00031110    0x10  Data  Lc  nrf_sdh.o [1]
sdh_state_observer_notify
                        0x0002ae43    0x28  Code  Lc  nrf_sdh.o [1]
sdh_state_observers     0x0002afe0     0xc  Data  Lc  nrf_sdh.o [1]
sdh_state_observers0$$Base
                        0x000312d0           --   Gb  - Linker created -
sdh_state_observers0$$Limit
                        0x000312e0           --   Gb  - Linker created -
sdh_state_observers1$$Base
                        0x00000000           --   Gb  - Linker created -
sdh_state_observers1$$Limit
                        0x00000000           --   Gb  - Linker created -
sdh_state_observers_array
                        0x00031100    0x10  Data  Lc  nrf_sdh.o [1]
sdk_mapped_flags_bulk_update_by_key
                        0x0002bbe7    0x44  Code  Gb  sdk_mapped_flags.o [1]
sdk_mapped_flags_first_key_index_get
                        0x0002bbbd    0x1c  Code  Gb  sdk_mapped_flags.o [1]
sdk_mapped_flags_get_by_key
                        0x0002bc2b    0x20  Code  Gb  sdk_mapped_flags.o [1]
sdk_mapped_flags_key_list_get
                        0x0002bc4b    0x38  Code  Gb  sdk_mapped_flags.o [1]
sdk_mapped_flags_n_flags_set
                        0x0002bc83    0x18  Code  Gb  sdk_mapped_flags.o [1]
sdk_mapped_flags_update_by_key
                        0x0002bbd9     0xe  Code  Gb  sdk_mapped_flags.o [1]
sec_info_request_process
                        0x0002d2cd    0x98  Code  Lc  security_dispatcher.o [1]
sec_keyset_fill         0x0002d4bd    0x6c  Code  Lc  security_dispatcher.o [1]
sec_params_verify       0x0002c8c7    0x74  Code  Lc  security_manager.o [1]
sec_proc_housekeeping   0x0002d29d    0x30  Code  Lc  security_dispatcher.o [1]
sec_proc_start          0x0002d241    0x52  Code  Lc  security_dispatcher.o [1]
send_config_req         0x0002d365    0x20  Code  Lc  security_dispatcher.o [1]
send_unexpected_error   0x0002c98b    0x20  Code  Lc  gatt_cache_manager.o [1]
send_unexpected_error   0x0002d157    0x20  Code  Lc  security_dispatcher.o [1]
service_changed_pending_set
                        0x0002d909    0x34  Code  Lc  gatts_cache_manager.o [1]
service_changed_pending_set::service_changed_pending
                        0x00031320     0x4  Data  Lc  gatts_cache_manager.o [1]
service_data_encode     0x0002b72d    0x82  Code  Lc  ble_advdata.o [1]
set_security_req        0x0002b99d    0x2a  Code  Lc  ble_srv_common.o [1]
severity_lvl_get        0x00026241    0x1c  Code  Lc  nrf_log_frontend.o [1]
severity_names          0x2000ab0c    0x14  Data  Lc  nrf_log_str_formatter.o [1]
sm_ble_evt_handler      0x0002c8b7    0x10  Code  Gb  security_manager.o [1]
sm_conn_sec_config_reply
                        0x0002c967     0x4  Code  Gb  security_manager.o [1]
sm_init                 0x0002c875    0x42  Code  Gb  security_manager.o [1]
sm_pdb_evt_handler      0x0002c837    0x2c  Code  Gb  security_manager.o [1]
sm_sec_params_set       0x0002c93b    0x2c  Code  Gb  security_manager.o [1]
sm_smd_evt_handler      0x0002c75d    0x4e  Code  Gb  security_manager.o [1]
smd_ble_evt_handler     0x0002d7a1    0xfa  Code  Gb  security_dispatcher.o [1]
smd_conn_sec_config_reply
                        0x0002d385     0xc  Code  Gb  security_dispatcher.o [1]
smd_init                0x0002d475    0x48  Code  Gb  security_dispatcher.o [1]
smd_link_secure         0x0002d76f    0x32  Code  Gb  security_dispatcher.o [1]
smd_params_reply        0x0002d529    0xe0  Code  Gb  security_dispatcher.o [1]
smd_params_reply_perform
                        0x0002c723    0x3a  Code  Lc  security_manager.o [1]
soc_evt_handler         0x00030bbf     0xa  Code  Lc  nrf_drv_clock.o [1]
softdevice_evt_irq_disable
                        0x0002aea7    0x28  Code  Lc  nrf_sdh.o [1]
softdevices_evt_irq_enable
                        0x0002ae6b    0x3c  Code  Lc  nrf_sdh.o [1]
std_header_set          0x00025bed    0x5c  Code  Lc  nrf_log_frontend.o [1]
std_n                   0x00025ca3    0x5c  Code  Lc  nrf_log_frontend.o [1]
string_cmp              0x00024533     0x8  Code  Lc  nrf_cli.o [1]
strlen                  0x000250d9          Code  Gb  strlen.o [5]
strncmp                 0x00025457    0x2c  Code  Gb  strncmp.o [3]
swap                    0x00025483    0x56  Code  Lc  qsort.o [3]
test_begin              0x000277dd    0x46  Code  Gb  main.o [1]
timer_handler           0x00030d41    0x32  Code  Lc  nrf_cli_rtt.o [1]
timer_handler           0x000307d5     0x6  Code  Lc  nrf_cli_uart.o [1]
timer_list_handler      0x0002a65d    0xa0  Code  Lc  app_timer.o [1]
timer_stop_op_schedule  0x0002a72f    0x42  Code  Lc  app_timer.o [1]
tx_buffer_process       0x000281b7    0x36  Code  Lc  amtc.o [1]
tx_byte                 0x0002ea43    0x20  Code  Lc  nrf_drv_uart.o [1]
tx_done_event           0x0002eddd    0x1e  Code  Lc  nrf_drv_uart.o [1]
uart_event_handler      0x0003076f    0x66  Code  Lc  nrf_cli_uart.o [1]
uart_irq_handler        0x0002ee3d   0x116  Code  Lc  nrf_drv_uart.o [1]
uarte_irq_handler       0x0002ef59    0xda  Code  Lc  nrf_drv_uart.o [1]
uint16_decode           0x0002b985     0xa  Code  Lc  ble_srv_common.o [1]
uint16_encode           0x0002b471     0xa  Code  Lc  ble_advdata.o [1]
uint32_decode           0x000281a1    0x16  Code  Lc  amtc.o [1]
uint32_encode           0x0002847d    0x12  Code  Lc  amts.o [1]
uninit                  0x0002fc53    0x18  Code  Lc  nrf_fstorage_sd.o [1]
unsigned_print          0x00026439    0x9a  Code  Lc  nrf_fprintf_format.o [1]
unsigned_print::_aV2C   0x00026730    0x10  Data  Lc  nrf_fprintf_format.o [1]
user_op_alloc           0x0002a703    0x2c  Code  Lc  app_timer.o [1]
user_op_enque           0x0002a6fd     0x6  Code  Lc  app_timer.o [1]
uuid_list_encode        0x0002b61b    0x2e  Code  Lc  ble_advdata.o [1]
uuid_list_sized_encode  0x0002b575    0xa6  Code  Lc  ble_advdata.o [1]
vt100_bgcolor_set       0x000236c5    0x36  Code  Lc  nrf_cli.o [1]
vt100_color_set         0x00023671    0x42  Code  Lc  nrf_cli.o [1]
vt100_color_set{1}{5}::cmd
                        0x000236c0     0x4  Data  Lc  nrf_cli.o [1]
vt100_colors_store      0x00023705     0xe  Code  Lc  nrf_cli.o [1]
wmap                    0x0002fd03     0x4  Code  Lc  nrf_fstorage_sd.o [1]
write                   0x0002fc6b    0x3a  Code  Lc  nrf_fstorage_sd.o [1]
write_buf_length_words_set
                        0x0002c17b    0x28  Code  Lc  peer_database.o [1]
write_buf_store         0x0002c1a3    0x96  Code  Gb  peer_database.o [1]
write_buffer_record_find
                        0x0002c0f5    0x30  Code  Lc  peer_database.o [1]
write_buffer_record_find_next
                        0x0002c0d3    0x22  Code  Lc  peer_database.o [1]
write_buffer_record_invalidate
                        0x0002c0b5    0x1e  Code  Lc  peer_database.o [1]
write_buffer_record_release
                        0x0002c125    0x26  Code  Lc  peer_database.o [1]
write_enqueue           0x0002973f    0xcc  Code  Lc  fds.o [1]
write_execute           0x000293d1    0xea  Code  Lc  fds.o [1]
write_execute::desc     0x2000cbac     0xc  Data  Lc  fds.o [1]
write_execute::page     0x2000cba8     0x2  Data  Lc  fds.o [1]
write_space_free        0x00028f7d    0x14  Code  Lc  fds.o [1]
write_space_reserve     0x00028f35    0x48  Code  Lc  fds.o [1]


[1] = C:\Users\600023856\Desktop\test\examples\ble_central_and_peripheral\experimental\ble_app_att_mtu_throughput_relay - p -notif\pca10040\s132\iar\_build
[2] = command line
[3] = dl7M_tlf.a
[4] = m7M_tls.a
[5] = rt7M_tl.a

  53 800 bytes of readonly  code memory
   4 696 bytes of readonly  data memory
  15 167 bytes of readwrite data memory

Errors: none
Warnings: none
