###############################################################################
#
# IAR ELF Linker V7.80.2.11947/W32 for ARM                07/Aug/2018  19:23:03
# Copyright 2007-2016 IAR Systems AB.
#
#    Output file  =  
#        C:\Users\600023856\Desktop\test\examples\ble_central_and_peripheral\experimental\ble_app_att_mtu_throughput_relay
#        - R -
#        S+delay\pca10040\s132\iar\_build\ble_app_att_mtu_throughput_pca10040_s132.out
#    Map file     =  
#        C:\Users\600023856\Desktop\test\examples\ble_central_and_peripheral\experimental\ble_app_att_mtu_throughput_relay
#        - R -
#        S+delay\pca10040\s132\iar\_build\ble_app_att_mtu_throughput_pca10040_s132.map
#    Command line =  
#        "C:\Users\600023856\Desktop\test\examples\ble_central_and_peripheral\experimental\ble_app_att_mtu_throughput_relay
#        - R - S+delay\pca10040\s132\iar\_build\amtc.o"
#        "C:\Users\600023856\Desktop\test\examples\ble_central_and_peripheral\experimental\ble_app_att_mtu_throughput_relay
#        - R - S+delay\pca10040\s132\iar\_build\amts.o"
#        "C:\Users\600023856\Desktop\test\examples\ble_central_and_peripheral\experimental\ble_app_att_mtu_throughput_relay
#        - R - S+delay\pca10040\s132\iar\_build\app_button.o"
#        "C:\Users\600023856\Desktop\test\examples\ble_central_and_peripheral\experimental\ble_app_att_mtu_throughput_relay
#        - R - S+delay\pca10040\s132\iar\_build\app_error.o"
#        "C:\Users\600023856\Desktop\test\examples\ble_central_and_peripheral\experimental\ble_app_att_mtu_throughput_relay
#        - R - S+delay\pca10040\s132\iar\_build\app_error_weak.o"
#        "C:\Users\600023856\Desktop\test\examples\ble_central_and_peripheral\experimental\ble_app_att_mtu_throughput_relay
#        - R - S+delay\pca10040\s132\iar\_build\app_scheduler.o"
#        "C:\Users\600023856\Desktop\test\examples\ble_central_and_peripheral\experimental\ble_app_att_mtu_throughput_relay
#        - R - S+delay\pca10040\s132\iar\_build\app_timer.o"
#        "C:\Users\600023856\Desktop\test\examples\ble_central_and_peripheral\experimental\ble_app_att_mtu_throughput_relay
#        - R - S+delay\pca10040\s132\iar\_build\app_util_platform.o"
#        "C:\Users\600023856\Desktop\test\examples\ble_central_and_peripheral\experimental\ble_app_att_mtu_throughput_relay
#        - R - S+delay\pca10040\s132\iar\_build\ble_advdata.o"
#        "C:\Users\600023856\Desktop\test\examples\ble_central_and_peripheral\experimental\ble_app_att_mtu_throughput_relay
#        - R - S+delay\pca10040\s132\iar\_build\ble_conn_state.o"
#        "C:\Users\600023856\Desktop\test\examples\ble_central_and_peripheral\experimental\ble_app_att_mtu_throughput_relay
#        - R - S+delay\pca10040\s132\iar\_build\ble_db_discovery.o"
#        "C:\Users\600023856\Desktop\test\examples\ble_central_and_peripheral\experimental\ble_app_att_mtu_throughput_relay
#        - R - S+delay\pca10040\s132\iar\_build\ble_srv_common.o"
#        "C:\Users\600023856\Desktop\test\examples\ble_central_and_peripheral\experimental\ble_app_att_mtu_throughput_relay
#        - R - S+delay\pca10040\s132\iar\_build\boards.o"
#        "C:\Users\600023856\Desktop\test\examples\ble_central_and_peripheral\experimental\ble_app_att_mtu_throughput_relay
#        - R - S+delay\pca10040\s132\iar\_build\bsp.o"
#        "C:\Users\600023856\Desktop\test\examples\ble_central_and_peripheral\experimental\ble_app_att_mtu_throughput_relay
#        - R - S+delay\pca10040\s132\iar\_build\bsp_nfc.o"
#        "C:\Users\600023856\Desktop\test\examples\ble_central_and_peripheral\experimental\ble_app_att_mtu_throughput_relay
#        - R - S+delay\pca10040\s132\iar\_build\counter.o"
#        "C:\Users\600023856\Desktop\test\examples\ble_central_and_peripheral\experimental\ble_app_att_mtu_throughput_relay
#        - R - S+delay\pca10040\s132\iar\_build\example_cmds.o"
#        "C:\Users\600023856\Desktop\test\examples\ble_central_and_peripheral\experimental\ble_app_att_mtu_throughput_relay
#        - R - S+delay\pca10040\s132\iar\_build\fds.o"
#        "C:\Users\600023856\Desktop\test\examples\ble_central_and_peripheral\experimental\ble_app_att_mtu_throughput_relay
#        - R - S+delay\pca10040\s132\iar\_build\gatt_cache_manager.o"
#        "C:\Users\600023856\Desktop\test\examples\ble_central_and_peripheral\experimental\ble_app_att_mtu_throughput_relay
#        - R - S+delay\pca10040\s132\iar\_build\gatts_cache_manager.o"
#        "C:\Users\600023856\Desktop\test\examples\ble_central_and_peripheral\experimental\ble_app_att_mtu_throughput_relay
#        - R - S+delay\pca10040\s132\iar\_build\hardfault_implementation.o"
#        "C:\Users\600023856\Desktop\test\examples\ble_central_and_peripheral\experimental\ble_app_att_mtu_throughput_relay
#        - R - S+delay\pca10040\s132\iar\_build\iar_startup_nrf52.o"
#        "C:\Users\600023856\Desktop\test\examples\ble_central_and_peripheral\experimental\ble_app_att_mtu_throughput_relay
#        - R - S+delay\pca10040\s132\iar\_build\id_manager.o"
#        "C:\Users\600023856\Desktop\test\examples\ble_central_and_peripheral\experimental\ble_app_att_mtu_throughput_relay
#        - R - S+delay\pca10040\s132\iar\_build\main.o"
#        "C:\Users\600023856\Desktop\test\examples\ble_central_and_peripheral\experimental\ble_app_att_mtu_throughput_relay
#        - R - S+delay\pca10040\s132\iar\_build\nrf_assert.o"
#        "C:\Users\600023856\Desktop\test\examples\ble_central_and_peripheral\experimental\ble_app_att_mtu_throughput_relay
#        - R - S+delay\pca10040\s132\iar\_build\nrf_atfifo.o"
#        "C:\Users\600023856\Desktop\test\examples\ble_central_and_peripheral\experimental\ble_app_att_mtu_throughput_relay
#        - R - S+delay\pca10040\s132\iar\_build\nrf_balloc.o"
#        "C:\Users\600023856\Desktop\test\examples\ble_central_and_peripheral\experimental\ble_app_att_mtu_throughput_relay
#        - R - S+delay\pca10040\s132\iar\_build\nrf_ble_gatt.o"
#        "C:\Users\600023856\Desktop\test\examples\ble_central_and_peripheral\experimental\ble_app_att_mtu_throughput_relay
#        - R - S+delay\pca10040\s132\iar\_build\nrf_cli.o"
#        "C:\Users\600023856\Desktop\test\examples\ble_central_and_peripheral\experimental\ble_app_att_mtu_throughput_relay
#        - R - S+delay\pca10040\s132\iar\_build\nrf_cli_rtt.o"
#        "C:\Users\600023856\Desktop\test\examples\ble_central_and_peripheral\experimental\ble_app_att_mtu_throughput_relay
#        - R - S+delay\pca10040\s132\iar\_build\nrf_cli_uart.o"
#        "C:\Users\600023856\Desktop\test\examples\ble_central_and_peripheral\experimental\ble_app_att_mtu_throughput_relay
#        - R - S+delay\pca10040\s132\iar\_build\nrf_drv_clock.o"
#        "C:\Users\600023856\Desktop\test\examples\ble_central_and_peripheral\experimental\ble_app_att_mtu_throughput_relay
#        - R - S+delay\pca10040\s132\iar\_build\nrf_drv_common.o"
#        "C:\Users\600023856\Desktop\test\examples\ble_central_and_peripheral\experimental\ble_app_att_mtu_throughput_relay
#        - R - S+delay\pca10040\s132\iar\_build\nrf_drv_gpiote.o"
#        "C:\Users\600023856\Desktop\test\examples\ble_central_and_peripheral\experimental\ble_app_att_mtu_throughput_relay
#        - R - S+delay\pca10040\s132\iar\_build\nrf_drv_rtc.o"
#        "C:\Users\600023856\Desktop\test\examples\ble_central_and_peripheral\experimental\ble_app_att_mtu_throughput_relay
#        - R - S+delay\pca10040\s132\iar\_build\nrf_drv_uart.o"
#        "C:\Users\600023856\Desktop\test\examples\ble_central_and_peripheral\experimental\ble_app_att_mtu_throughput_relay
#        - R - S+delay\pca10040\s132\iar\_build\nrf_fprintf.o"
#        "C:\Users\600023856\Desktop\test\examples\ble_central_and_peripheral\experimental\ble_app_att_mtu_throughput_relay
#        - R - S+delay\pca10040\s132\iar\_build\nrf_fprintf_format.o"
#        "C:\Users\600023856\Desktop\test\examples\ble_central_and_peripheral\experimental\ble_app_att_mtu_throughput_relay
#        - R - S+delay\pca10040\s132\iar\_build\nrf_fstorage.o"
#        "C:\Users\600023856\Desktop\test\examples\ble_central_and_peripheral\experimental\ble_app_att_mtu_throughput_relay
#        - R - S+delay\pca10040\s132\iar\_build\nrf_fstorage_sd.o"
#        "C:\Users\600023856\Desktop\test\examples\ble_central_and_peripheral\experimental\ble_app_att_mtu_throughput_relay
#        - R - S+delay\pca10040\s132\iar\_build\nrf_log_backend_rtt.o"
#        "C:\Users\600023856\Desktop\test\examples\ble_central_and_peripheral\experimental\ble_app_att_mtu_throughput_relay
#        - R - S+delay\pca10040\s132\iar\_build\nrf_log_backend_serial.o"
#        "C:\Users\600023856\Desktop\test\examples\ble_central_and_peripheral\experimental\ble_app_att_mtu_throughput_relay
#        - R - S+delay\pca10040\s132\iar\_build\nrf_log_backend_uart.o"
#        "C:\Users\600023856\Desktop\test\examples\ble_central_and_peripheral\experimental\ble_app_att_mtu_throughput_relay
#        - R - S+delay\pca10040\s132\iar\_build\nrf_log_default_backends.o"
#        "C:\Users\600023856\Desktop\test\examples\ble_central_and_peripheral\experimental\ble_app_att_mtu_throughput_relay
#        - R - S+delay\pca10040\s132\iar\_build\nrf_log_frontend.o"
#        "C:\Users\600023856\Desktop\test\examples\ble_central_and_peripheral\experimental\ble_app_att_mtu_throughput_relay
#        - R - S+delay\pca10040\s132\iar\_build\nrf_log_str_formatter.o"
#        "C:\Users\600023856\Desktop\test\examples\ble_central_and_peripheral\experimental\ble_app_att_mtu_throughput_relay
#        - R - S+delay\pca10040\s132\iar\_build\nrf_memobj.o"
#        "C:\Users\600023856\Desktop\test\examples\ble_central_and_peripheral\experimental\ble_app_att_mtu_throughput_relay
#        - R - S+delay\pca10040\s132\iar\_build\nrf_pwr_mgmt.o"
#        "C:\Users\600023856\Desktop\test\examples\ble_central_and_peripheral\experimental\ble_app_att_mtu_throughput_relay
#        - R - S+delay\pca10040\s132\iar\_build\nrf_queue.o"
#        "C:\Users\600023856\Desktop\test\examples\ble_central_and_peripheral\experimental\ble_app_att_mtu_throughput_relay
#        - R - S+delay\pca10040\s132\iar\_build\nrf_ringbuf.o"
#        "C:\Users\600023856\Desktop\test\examples\ble_central_and_peripheral\experimental\ble_app_att_mtu_throughput_relay
#        - R - S+delay\pca10040\s132\iar\_build\nrf_sdh.o"
#        "C:\Users\600023856\Desktop\test\examples\ble_central_and_peripheral\experimental\ble_app_att_mtu_throughput_relay
#        - R - S+delay\pca10040\s132\iar\_build\nrf_sdh_ble.o"
#        "C:\Users\600023856\Desktop\test\examples\ble_central_and_peripheral\experimental\ble_app_att_mtu_throughput_relay
#        - R - S+delay\pca10040\s132\iar\_build\nrf_sdh_soc.o"
#        "C:\Users\600023856\Desktop\test\examples\ble_central_and_peripheral\experimental\ble_app_att_mtu_throughput_relay
#        - R - S+delay\pca10040\s132\iar\_build\nrf_section_iter.o"
#        "C:\Users\600023856\Desktop\test\examples\ble_central_and_peripheral\experimental\ble_app_att_mtu_throughput_relay
#        - R - S+delay\pca10040\s132\iar\_build\nrf_strerror.o"
#        "C:\Users\600023856\Desktop\test\examples\ble_central_and_peripheral\experimental\ble_app_att_mtu_throughput_relay
#        - R - S+delay\pca10040\s132\iar\_build\peer_data_storage.o"
#        "C:\Users\600023856\Desktop\test\examples\ble_central_and_peripheral\experimental\ble_app_att_mtu_throughput_relay
#        - R - S+delay\pca10040\s132\iar\_build\peer_database.o"
#        "C:\Users\600023856\Desktop\test\examples\ble_central_and_peripheral\experimental\ble_app_att_mtu_throughput_relay
#        - R - S+delay\pca10040\s132\iar\_build\peer_id.o"
#        "C:\Users\600023856\Desktop\test\examples\ble_central_and_peripheral\experimental\ble_app_att_mtu_throughput_relay
#        - R - S+delay\pca10040\s132\iar\_build\peer_manager.o"
#        "C:\Users\600023856\Desktop\test\examples\ble_central_and_peripheral\experimental\ble_app_att_mtu_throughput_relay
#        - R - S+delay\pca10040\s132\iar\_build\pm_buffer.o"
#        "C:\Users\600023856\Desktop\test\examples\ble_central_and_peripheral\experimental\ble_app_att_mtu_throughput_relay
#        - R - S+delay\pca10040\s132\iar\_build\pm_mutex.o"
#        "C:\Users\600023856\Desktop\test\examples\ble_central_and_peripheral\experimental\ble_app_att_mtu_throughput_relay
#        - R - S+delay\pca10040\s132\iar\_build\sdk_mapped_flags.o"
#        "C:\Users\600023856\Desktop\test\examples\ble_central_and_peripheral\experimental\ble_app_att_mtu_throughput_relay
#        - R - S+delay\pca10040\s132\iar\_build\security_dispatcher.o"
#        "C:\Users\600023856\Desktop\test\examples\ble_central_and_peripheral\experimental\ble_app_att_mtu_throughput_relay
#        - R - S+delay\pca10040\s132\iar\_build\security_manager.o"
#        "C:\Users\600023856\Desktop\test\examples\ble_central_and_peripheral\experimental\ble_app_att_mtu_throughput_relay
#        - R - S+delay\pca10040\s132\iar\_build\SEGGER_RTT.o"
#        "C:\Users\600023856\Desktop\test\examples\ble_central_and_peripheral\experimental\ble_app_att_mtu_throughput_relay
#        - R - S+delay\pca10040\s132\iar\_build\SEGGER_RTT_printf.o"
#        "C:\Users\600023856\Desktop\test\examples\ble_central_and_peripheral\experimental\ble_app_att_mtu_throughput_relay
#        - R - S+delay\pca10040\s132\iar\_build\SEGGER_RTT_Syscalls_IAR.o"
#        "C:\Users\600023856\Desktop\test\examples\ble_central_and_peripheral\experimental\ble_app_att_mtu_throughput_relay
#        - R - S+delay\pca10040\s132\iar\_build\system_nrf52.o" --redirect
#        _Printf=_PrintfFull --redirect _Scanf=_ScanfFull -o
#        "C:\Users\600023856\Desktop\test\examples\ble_central_and_peripheral\experimental\ble_app_att_mtu_throughput_relay
#        - R -
#        S+delay\pca10040\s132\iar\_build\ble_app_att_mtu_throughput_pca10040_s132.out"
#        --map
#        "C:\Users\600023856\Desktop\test\examples\ble_central_and_peripheral\experimental\ble_app_att_mtu_throughput_relay
#        - R -
#        S+delay\pca10040\s132\iar\_build\ble_app_att_mtu_throughput_pca10040_s132.map"
#        --config
#        "C:\Users\600023856\Desktop\test\examples\ble_central_and_peripheral\experimental\ble_app_att_mtu_throughput_relay
#        - R -
#        S+delay\pca10040\s132\iar\ble_app_att_mtu_throughput_iar_nRF5x.icf"
#        --warnings_are_errors --entry __iar_program_start --inline --vfe
#
###############################################################################

*******************************************************************************
*** RUNTIME MODEL ATTRIBUTES
***

CppFlavor                     = *
__SystemLibrary               = DLib
__dlib_dynamic_initialization = normal


*******************************************************************************
*** PLACEMENT SUMMARY
***

"A0":  place at 0x00023000 { ro section .intvec };
"P1":  place in [from 0x00023000 to 0x0007ffff] { ro };
"P2":  place in [from 0x20002f50 to 0x2000ffff] { rw, block CSTACK, block HEAP };
initialize by copy { rw };
 { section .intvec };

  Section                 Kind        Address    Size  Object
  -------                 ----        -------    ----  ------
"A0":                                           0x200
  .intvec                 ro code  0x00023000   0x200  iar_startup_nrf52.o [1]
                                 - 0x00023200   0x200

"P1":                                          0xe434
  .text                   ro code  0x00023200  0x1ed8  nrf_cli.o [1]
  .text                   ro code  0x000250d8    0x36  strlen.o [5]
  .text                   ro code  0x0002510e     0x2  iar_startup_nrf52.o [1]
  .text                   ro code  0x00025110    0x3c  nrf_fprintf.o [1]
  .text                   ro code  0x0002514c    0x42  strcmp_unaligned.o [5]
  .text                   ro code  0x0002518e     0x2  iar_startup_nrf52.o [1]
  .text                   ro code  0x00025190     0x6  ABImemclr4.o [5]
  .text                   ro code  0x00025196     0x2  iar_startup_nrf52.o [1]
  .text                   ro code  0x00025198    0x78  ABImemmove_unaligned.o [5]
  .text                   ro code  0x00025210    0x3c  isxxx.o [3]
  .text                   ro code  0x0002524c    0x44  strcpy_unaligned.o [5]
  .text                   ro code  0x00025290   0x150  nrf_memobj.o [1]
  .text                   ro code  0x000253e0    0x76  ABImemcpy_unaligned.o [5]
  .text                   ro code  0x00025456    0x2c  strncmp.o [3]
  .text                   ro code  0x00025482   0x534  qsort.o [3]
  .text                   ro code  0x000259b6     0x2  iar_startup_nrf52.o [1]
  .text                   ro code  0x000259b8   0xa64  nrf_log_frontend.o [1]
  .text                   ro code  0x0002641c   0x324  nrf_fprintf_format.o [1]
  .text                   ro code  0x00026740   0x1ac  nrf_queue.o [1]
  .text                   ro code  0x000268ec   0x1e8  nrf_log_str_formatter.o [1]
  .text                   ro code  0x00026ad4    0x3a  ABImemset48.o [5]
  .text                   ro code  0x00026b0e     0x2  iar_startup_nrf52.o [1]
  .text                   ro code  0x00026b10    0x18  setlocale.o [3]
  .text                   ro code  0x00026b28    0x16  xlocale_c.o [3]
  .text                   ro code  0x00026b3e    0x24  xlocale_c.o [3]
  .text                   ro code  0x00026b62    0x14  xlocale_c.o [3]
  .text                   ro code  0x00026b76    0xa2  nrf_balloc.o [1]
  .text                   ro code  0x00026c18    0x68  app_util_platform.o [1]
  .text                   ro code  0x00026c80  0x16ec  main.o [1]
  .text                   ro code  0x0002836c   0x34c  amtc.o [1]
  .text                   ro code  0x000286b8   0x2b0  amts.o [1]
  .text                   ro code  0x00028968    0xac  boards.o [1]
  .text                   ro code  0x00028a14    0x22  app_error.o [1]
  .text                   ro code  0x00028a36     0x2  iar_startup_nrf52.o [1]
  .text                   ro code  0x00028a38   0x1c8  ble_conn_state.o [1]
  .text                   ro code  0x00028c00   0x388  peer_manager.o [1]
  .text                   ro code  0x00028f88   0xd2c  fds.o [1]
  .text                   ro code  0x00029cb4    0x62  memcmp_unaligned.o [5]
  .text                   ro code  0x00029d16     0x2  iar_startup_nrf52.o [1]
  .text                   ro code  0x00029d18   0x604  ble_db_discovery.o [1]
  .text                   ro code  0x0002a31c    0x60  counter.o [1]
  .text                   ro code  0x0002a37c   0x5dc  app_timer.o [1]
  .text                   ro code  0x0002a958   0x13e  nrf_fstorage.o [1]
  .text                   ro code  0x0002aa96     0x2  iar_startup_nrf52.o [1]
  .text                   ro code  0x0002aa98   0x170  app_button.o [1]
  .text                   ro code  0x0002ac08   0x460  nrf_ble_gatt.o [1]
  .text                   ro code  0x0002b068   0x264  nrf_sdh.o [1]
  .text                   ro code  0x0002b2cc   0x470  nrf_sdh_ble.o [1]
  .text                   ro code  0x0002b73c   0x512  ble_advdata.o [1]
  .text                   ro code  0x0002bc4e     0x2  iar_startup_nrf52.o [1]
  .text                   ro code  0x0002bc50   0x1c4  ble_srv_common.o [1]
  .text                   ro code  0x0002be14    0x74  app_error_weak.o [1]
  .text                   ro code  0x0002be88    0xde  sdk_mapped_flags.o [1]
  .text                   ro code  0x0002bf66     0x2  iar_startup_nrf52.o [1]
  .text                   ro code  0x0002bf68   0x416  id_manager.o [1]
  .text                   ro code  0x0002c37e     0x2  iar_startup_nrf52.o [1]
  .text                   ro code  0x0002c380   0x4b8  peer_database.o [1]
  .text                   ro code  0x0002c838   0x410  security_manager.o [1]
  .text                   ro code  0x0002cc48   0x3e4  gatt_cache_manager.o [1]
  .text                   ro code  0x0002d02c   0x3e8  peer_data_storage.o [1]
  .text                   ro code  0x0002d414   0x7c8  security_dispatcher.o [1]
  .text                   ro code  0x0002dbdc   0x1d0  gatts_cache_manager.o [1]
  .text                   ro code  0x0002ddac   0x148  nrf_atfifo.o [1]
  .text                   ro code  0x0002def4     0x6  ABImemclr.o [5]
  .text                   ro code  0x0002defa     0x2  iar_startup_nrf52.o [1]
  .text                   ro code  0x0002defc   0x144  nrf_drv_rtc.o [1]
  .text                   ro code  0x0002e040   0x478  nrf_drv_gpiote.o [1]
  .text                   ro code  0x0002e4b8    0x46  nrf_section_iter.o [1]
  .text                   ro code  0x0002e4fe     0x2  iar_startup_nrf52.o [1]
  .text                   ro code  0x0002e500   0x14c  nrf_strerror.o [1]
  .text                   ro code  0x0002e64c    0xf8  pm_buffer.o [1]
  .text                   ro code  0x0002e744    0xd8  pm_mutex.o [1]
  .text                   ro code  0x0002e81c   0x12c  peer_id.o [1]
  .text                   ro code  0x0002e948    0x5e  ABImemset.o [5]
  .text                   ro code  0x0002e9a6     0x2  iar_startup_nrf52.o [1]
  .text                   ro code  0x0002e9a8    0x44  nrf_drv_common.o [1]
  .text                   ro code  0x0002e9ec   0x94c  nrf_drv_uart.o [1]
  .rodata                 const    0x0002f338   0x400  example_cmds.o [1]
  .rodata                 const    0x0002f738   0x3a8  nrf_cli.o [1]
  .rodata                 const    0x0002fae0   0x308  nrf_strerror.o [1]
  .text                   ro code  0x0002fde8   0x2c0  nrf_fstorage_sd.o [1]
  .text                   ro code  0x000300a8   0x290  system_nrf52.o [1]
  .text                   ro code  0x00030338   0x274  SEGGER_RTT.o [1]
  .text                   ro code  0x000305ac   0x254  nrf_ringbuf.o [1]
  .rodata                 const    0x00030800   0x204  nrf_log_frontend.o [1]
  .text                   ro code  0x00030a04   0x1d4  nrf_cli_uart.o [1]
  .text                   ro code  0x00030bd8   0x1a4  example_cmds.o [1]
  .text                   ro code  0x00030d7c   0x178  nrf_drv_clock.o [1]
  .text                   ro code  0x00030ef4    0xec  nrf_cli_rtt.o [1]
  .rodata                 const    0x00030fe0    0xac  main.o [1]
  .text                   ro code  0x0003108c    0x78  lz77_init_single.o [5]
  log_const_data                   0x00031104    0x78  <Block>
    log_const_data        const    0x00031104     0x8  amtc.o [1]
    log_const_data        const    0x0003110c     0x8  amts.o [1]
    log_const_data        const    0x00031114     0x8  ble_db_discovery.o [1]
    log_const_data        const    0x0003111c     0x8  nrf_balloc.o [1]
    log_const_data        const    0x00031124     0x8  nrf_ble_gatt.o [1]
    log_const_data        const    0x0003112c     0x8  nrf_cli_uart.o [1]
    log_const_data        const    0x00031134     0x8  nrf_drv_clock.o [1]
    log_const_data        const    0x0003113c     0x8  nrf_drv_gpiote.o [1]
    log_const_data        const    0x00031144     0x8  nrf_drv_rtc.o [1]
    log_const_data        const    0x0003114c     0x8  nrf_drv_uart.o [1]
    log_const_data        const    0x00031154     0x8  nrf_log_frontend.o [1]
    log_const_data        const    0x0003115c     0x8  nrf_pwr_mgmt.o [1]
    log_const_data        const    0x00031164     0x8  nrf_sdh.o [1]
    log_const_data        const    0x0003116c     0x8  nrf_sdh_ble.o [1]
    log_const_data        const    0x00031174     0x8  nrf_sdh_soc.o [1]
  .rodata                 const    0x0003117c    0x60  nrf_log_str_formatter.o [1]
  cli_command                      0x000311dc    0x48  <Block>
    cli_command           const    0x000311dc     0x8  example_cmds.o [1]
    cli_command           const    0x000311e4     0x8  example_cmds.o [1]
    cli_command           const    0x000311ec     0x8  nrf_cli.o [1]
    cli_command           const    0x000311f4     0x8  nrf_cli.o [1]
    cli_command           const    0x000311fc     0x8  nrf_cli.o [1]
    cli_command           const    0x00031204     0x8  nrf_cli.o [1]
    cli_command           const    0x0003120c     0x8  nrf_cli.o [1]
    cli_command           const    0x00031214     0x8  nrf_cli.o [1]
    cli_command           const    0x0003121c     0x8  nrf_log_frontend.o [1]
  .text                   ro code  0x00031224    0x44  nrf_sdh_soc.o [1]
  .text                   ro code  0x00031268    0x40  zero_init3.o [5]
  .rodata                 const    0x000312a8    0x38  nrf_sdh.o [1]
  .rodata                 const    0x000312e0    0x2c  nrf_sdh_ble.o [1]
  .text                   ro code  0x0003130c    0x28  data_init.o [5]
  .text                   ro code  0x00031334    0x22  fpinit_M.o [4]
  .iar.init_table         const    0x00031358    0x40  - Linker created -
  .text                   ro code  0x00031398     0x2  iar_startup_nrf52.o [1]
  .rodata                 const    0x0003139c    0x20  nrf_cli_uart.o [1]
  .rodata                 const    0x000313bc    0x20  nrf_fstorage_sd.o [1]
  .rodata                 const    0x000313dc    0x1c  app_error_weak.o [1]
  .rodata                 const    0x000313f8    0x1c  nrf_sdh_soc.o [1]
  .text                   ro code  0x00031414    0x1a  cmain.o [5]
  .text                   ro code  0x0003142e     0x4  exit.o [3]
  .text                   ro code  0x00031432     0x2  iar_startup_nrf52.o [1]
  .text                   ro code  0x00031434     0xa  cexit.o [5]
  .text                   ro code  0x0003143e     0x2  iar_startup_nrf52.o [1]
  .text                   ro code  0x00031440     0xc  XXexit.o [5]
  sdh_ble_observers1               0x0003144c    0x18  <Block>
    sdh_ble_observers1    const    0x0003144c     0x8  main.o [1]
    sdh_ble_observers1    const    0x00031454     0x8  main.o [1]
    sdh_ble_observers1    const    0x0003145c     0x8  peer_manager.o [1]
  sdh_ble_observers3               0x00031464    0x18  <Block>
    sdh_ble_observers3    const    0x00031464     0x8  main.o [1]
    sdh_ble_observers3    const    0x0003146c     0x8  main.o [1]
    sdh_ble_observers3    const    0x00031474     0x8  main.o [1]
  .rodata                 const    0x0003147c    0x14  nrf_cli_rtt.o [1]
  .text                   ro code  0x00031490    0x10  iar_startup_nrf52.o [1]
  sdh_soc_observers0               0x000314a0    0x10  <Block>
    sdh_soc_observers0    const    0x000314a0     0x8  nrf_drv_clock.o [1]
    sdh_soc_observers0    const    0x000314a8     0x8  nrf_fstorage_sd.o [1]
  sdh_stack_observers0             0x000314b0    0x10  <Block>
    sdh_stack_observers0  const    0x000314b0     0x8  nrf_sdh_ble.o [1]
    sdh_stack_observers0  const    0x000314b8     0x8  nrf_sdh_soc.o [1]
  sdh_state_observers0             0x000314c0    0x10  <Block>
    sdh_state_observers0  const    0x000314c0     0x8  nrf_drv_clock.o [1]
    sdh_state_observers0  const    0x000314c8     0x8  nrf_fstorage_sd.o [1]
  .rodata                 const    0x000314d0     0xc  ble_db_discovery.o [1]
  .rodata                 const    0x000314dc     0xc  nrf_ble_gatt.o [1]
  .rodata                 const    0x000314e8     0xc  nrf_pwr_mgmt.o [1]
  .text                   ro code  0x000314f4     0xc  cstartup_M.o [5]
  .rodata                 const    0x00031500     0x8  amtc.o [1]
  .rodata                 const    0x00031508     0x8  amts.o [1]
  .rodata                 const    0x00031510     0x8  gatts_cache_manager.o [1]
  .rodata                 const    0x00031518     0x8  nrf_balloc.o [1]
  .rodata                 const    0x00031520     0x8  nrf_drv_clock.o [1]
  .rodata                 const    0x00031528     0x8  nrf_drv_gpiote.o [1]
  .rodata                 const    0x00031530     0x8  nrf_drv_uart.o [1]
  sdh_ble_observers0               0x00031538     0x8  <Block>
    sdh_ble_observers0    const    0x00031538     0x8  ble_conn_state.o [1]
  sdh_req_observers0               0x00031540     0x8  <Block>
    sdh_req_observers0    const    0x00031540     0x8  nrf_fstorage_sd.o [1]
  .rodata                 const    0x00031548     0x4  nrf_drv_rtc.o [1]
  .text                   ro code  0x0003154c     0x2  iar_startup_nrf52.o [1]
  .text                   ro code  0x0003154e     0x2  iar_startup_nrf52.o [1]
  .text                   ro code  0x00031550     0x2  iar_startup_nrf52.o [1]
  .text                   ro code  0x00031552     0x2  iar_startup_nrf52.o [1]
  .text                   ro code  0x00031554     0x2  iar_startup_nrf52.o [1]
  .text                   ro code  0x00031556     0x2  iar_startup_nrf52.o [1]
  .text                   ro code  0x00031558     0x2  iar_startup_nrf52.o [1]
  .text                   ro code  0x0003155a     0x2  iar_startup_nrf52.o [1]
  .text                   ro code  0x0003155c     0x2  iar_startup_nrf52.o [1]
  .text                   ro code  0x0003155e     0x2  iar_startup_nrf52.o [1]
  .text                   ro code  0x00031560     0x2  iar_startup_nrf52.o [1]
  .text                   ro code  0x00031562     0x2  iar_startup_nrf52.o [1]
  .text                   ro code  0x00031564     0x2  iar_startup_nrf52.o [1]
  .text                   ro code  0x00031566     0x2  iar_startup_nrf52.o [1]
  .text                   ro code  0x00031568     0x2  iar_startup_nrf52.o [1]
  .text                   ro code  0x0003156a     0x2  iar_startup_nrf52.o [1]
  .text                   ro code  0x0003156c     0x2  iar_startup_nrf52.o [1]
  .text                   ro code  0x0003156e     0x2  iar_startup_nrf52.o [1]
  .text                   ro code  0x00031570     0x2  iar_startup_nrf52.o [1]
  .text                   ro code  0x00031572     0x2  iar_startup_nrf52.o [1]
  .text                   ro code  0x00031574     0x2  iar_startup_nrf52.o [1]
  .text                   ro code  0x00031576     0x2  iar_startup_nrf52.o [1]
  .rodata                 const    0x00031578     0x0  zero_init3.o [5]
  .rodata                 const    0x00031578     0x0  lz77_init_single.o [5]
  Initializer bytes       const    0x00031578    0xb2  <for P2-1>
  Initializer bytes       const    0x0003162a     0xa  <for fs_data-1>
                                 - 0x00031634  0xe434

"P2", part 1 of 4:                              0x510
  P2-1                             0x20002f50   0x4fc  <Init block>
    .data                 inited   0x20002f50   0x368  main.o [1]
    .data                 inited   0x200032b8    0x18  main.o [1]
    .data                 inited   0x200032d0    0x18  main.o [1]
    .data                 inited   0x200032e8    0x18  main.o [1]
    .data                 inited   0x20003300    0x18  main.o [1]
    .data                 inited   0x20003318    0x14  nrf_log_frontend.o [1]
    .data                 inited   0x2000332c    0x14  nrf_log_frontend.o [1]
    .data                 inited   0x20003340    0x38  nrf_log_str_formatter.o [1]
    .data                 inited   0x20003378    0x48  security_dispatcher.o [1]
    .data                 inited   0x200033c0    0x14  security_manager.o [1]
    .data                 inited   0x200033d4     0x4  system_nrf52.o [1]
    __DLIB_PERTHREAD      inited   0x200033d8    0x74  setlocale.o [3]
  fs_data                          0x2000344c    0x14  <Block>
    fs_data-1                      0x2000344c    0x14  <Init block>
      fs_data             inited   0x2000344c    0x14  fds.o [1]
                                 - 0x20003460   0x510

"P2", part 2 of 4:                               0xd8
  log_dynamic_data                 0x20003460    0xb4  <Block>
    log_dynamic_data      zero     0x20003460     0xc  amtc.o [1]
    log_dynamic_data      zero     0x2000346c     0xc  amts.o [1]
    log_dynamic_data      zero     0x20003478     0xc  ble_db_discovery.o [1]
    log_dynamic_data      zero     0x20003484     0xc  nrf_balloc.o [1]
    log_dynamic_data      zero     0x20003490     0xc  nrf_ble_gatt.o [1]
    log_dynamic_data      zero     0x2000349c     0xc  nrf_cli_uart.o [1]
    log_dynamic_data      zero     0x200034a8     0xc  nrf_drv_clock.o [1]
    log_dynamic_data      zero     0x200034b4     0xc  nrf_drv_gpiote.o [1]
    log_dynamic_data      zero     0x200034c0     0xc  nrf_drv_rtc.o [1]
    log_dynamic_data      zero     0x200034cc     0xc  nrf_drv_uart.o [1]
    log_dynamic_data      zero     0x200034d8     0xc  nrf_log_frontend.o [1]
    log_dynamic_data      zero     0x200034e4     0xc  nrf_pwr_mgmt.o [1]
    log_dynamic_data      zero     0x200034f0     0xc  nrf_sdh.o [1]
    log_dynamic_data      zero     0x200034fc     0xc  nrf_sdh_ble.o [1]
    log_dynamic_data      zero     0x20003508     0xc  nrf_sdh_soc.o [1]
  cli_sorted_cmd_ptrs              0x20003514    0x24  <Block>
    cli_sorted_cmd_ptrs   zero     0x20003514     0x4  example_cmds.o [1]
    cli_sorted_cmd_ptrs   zero     0x20003518     0x4  example_cmds.o [1]
    cli_sorted_cmd_ptrs   zero     0x2000351c     0x4  nrf_cli.o [1]
    cli_sorted_cmd_ptrs   zero     0x20003520     0x4  nrf_cli.o [1]
    cli_sorted_cmd_ptrs   zero     0x20003524     0x4  nrf_cli.o [1]
    cli_sorted_cmd_ptrs   zero     0x20003528     0x4  nrf_cli.o [1]
    cli_sorted_cmd_ptrs   zero     0x2000352c     0x4  nrf_cli.o [1]
    cli_sorted_cmd_ptrs   zero     0x20003530     0x4  nrf_cli.o [1]
    cli_sorted_cmd_ptrs   zero     0x20003534     0x4  nrf_log_frontend.o [1]
                                 - 0x20003538    0xd8

"P2", part 3 of 4:                              0x800
  CSTACK                           0x20003538   0x800  <Block>
    CSTACK                uninit   0x20003538   0x800  <Block tail>
                                 - 0x20003d38   0x800

"P2", part 4 of 4:                             0x1904
  .bss                    zero     0x20003d38   0x420  nrf_log_frontend.o [1]
  .bss                    zero     0x20004158   0x300  ble_db_discovery.o [1]
  .bss                    zero     0x20004458   0x288  SEGGER_RTT.o [1]
  .bss                    zero     0x200046e0   0x180  main.o [1]
  .bss                    zero     0x20004860   0x180  main.o [1]
  .bss                    zero     0x200049e0   0x140  main.o [1]
  .bss                    zero     0x20004b20   0x140  main.o [1]
  .bss                    zero     0x20004c60   0x10c  app_timer.o [1]
  .bss                    zero     0x20004d6c    0xf0  id_manager.o [1]
  .bss                    zero     0x20004e5c    0xd8  peer_database.o [1]
  .bss                    zero     0x20004f34    0xd4  fds.o [1]
  .bss                    zero     0x20005008    0xc0  nrf_log_frontend.o [1]
  .bss                    zero     0x200050c8    0xb8  ble_conn_state.o [1]
  .bss                    zero     0x20005180    0xb8  nrf_fstorage_sd.o [1]
  .bss                    zero     0x20005238    0xa0  amtc.o [1]
  .bss                    zero     0x200052d8    0x58  nrf_drv_gpiote.o [1]
  .bss                    zero     0x20005330    0x40  main.o [1]
  .bss                    zero     0x20005370    0x40  peer_id.o [1]
  .bss                    zero     0x200053b0    0x38  fds.o [1]
  .bss                    zero     0x200053e8    0x34  app_button.o [1]
  .bss                    zero     0x2000541c    0x2c  main.o [1]
  .bss                    zero     0x20005448    0x28  ble_db_discovery.o [1]
  .bss                    zero     0x20005470    0x20  main.o [1]
  .bss                    zero     0x20005490    0x20  main.o [1]
  .bss                    zero     0x200054b0    0x20  main.o [1]
  .bss                    zero     0x200054d0    0x20  nrf_drv_uart.o [1]
  .bss                    zero     0x200054f0    0x1c  peer_manager.o [1]
  .bss                    zero     0x2000550c    0x18  main.o [1]
  .bss                    zero     0x20005524    0x18  main.o [1]
  .bss                    zero     0x2000553c    0x14  app_timer.o [1]
  .bss                    zero     0x20005550    0x14  fds.o [1]
  .bss                    zero     0x20005564    0x14  main.o [1]
  .bss                    zero     0x20005578    0x14  main.o [1]
  .bss                    zero     0x2000558c    0x14  nrf_drv_clock.o [1]
  .bss                    zero     0x200055a0    0x10  main.o [1]
  .bss                    zero     0x200055b0     0xc  app_util_platform.o [1]
  .bss                    zero     0x200055bc     0xc  main.o [1]
  .bss                    zero     0x200055c8     0xc  main.o [1]
  .bss                    zero     0x200055d4     0xc  main.o [1]
  .bss                    zero     0x200055e0     0x8  amtc.o [1]
  .bss                    zero     0x200055e8     0x8  main.o [1]
  .bss                    zero     0x200055f0     0x8  main.o [1]
  .bss                    zero     0x200055f8     0x8  main.o [1]
  .bss                    zero     0x20005600     0x8  main.o [1]
  .bss                    zero     0x20005608     0x8  nrf_drv_rtc.o [1]
  .bss                    zero     0x20005610     0x8  nrf_log_frontend.o [1]
  .bss                    zero     0x20005618     0x8  nrf_log_frontend.o [1]
  .bss                    zero     0x20005620     0x8  peer_data_storage.o [1]
  .bss                    zero     0x20005628     0x5  gatt_cache_manager.o [1]
  .bss                    zero     0x2000562d     0x3  nrf_sdh.o [1]
  .bss                    zero     0x20005630     0x4  security_manager.o [1]
  .bss                    zero     0x20005634     0x2  gatts_cache_manager.o [1]
  .bss                    zero     0x20005636     0x2  gatts_cache_manager.o [1]
  .bss                    zero     0x20005638     0x2  peer_data_storage.o [1]
  .bss                    zero     0x2000563a     0x1  id_manager.o [1]
                                 - 0x2000563b  0x1903


*******************************************************************************
*** INIT TABLE
***

          Address     Size
          -------     ----
Zero (__iar_zero_init3)
    3 destination ranges, total size 0x19db:
          0x20003460    0xb4
          0x20003514    0x24
          0x20003d38  0x1903

Copy/lz77 (__iar_lz77_init_single3)
    1 source range, total size 0xb2 (13% of destination):
          0x00031578    0xb2
    1 destination range, total size 0x4fc:
          0x20002f50   0x4fc

Copy/lz77 (__iar_lz77_init_single3)
    1 source range, total size 0xa (50% of destination):
          0x0003162a     0xa
    1 destination range, total size 0x14:
          0x2000344c    0x14



*******************************************************************************
*** MODULE SUMMARY
***

    Module                   ro code  ro data  rw data
    ------                   -------  -------  -------
C:\Users\600023856\Desktop\test\examples\ble_central_and_peripheral\experimental\ble_app_att_mtu_throughput_relay - R - S+delay\pca10040\s132\iar\_build: [1]
    SEGGER_RTT.o                 628               648
    amtc.o                       844       16      180
    amts.o                       688       16       12
    app_button.o                 368                52
    app_error.o                   34
    app_error_weak.o             116       28
    app_timer.o                1 500               288
    app_util_platform.o          104                12
    ble_advdata.o              1 298
    ble_conn_state.o             456        8      184
    ble_db_discovery.o         1 540       20      820
    ble_srv_common.o             452
    boards.o                     172
    counter.o                     96
    example_cmds.o               420    1 040        8
    fds.o                      3 372       10      308
    gatt_cache_manager.o         996                 5
    gatts_cache_manager.o        464        8        4
    iar_startup_nrf52.o          606
    id_manager.o               1 046               241
    main.o                     5 868      347    2 752
    nrf_atfifo.o                 328
    nrf_balloc.o                 162       16       12
    nrf_ble_gatt.o             1 120       20       12
    nrf_cli.o                  7 896      984       24
    nrf_cli_rtt.o                236       20
    nrf_cli_uart.o               468       40       12
    nrf_drv_clock.o              376       32       32
    nrf_drv_common.o              68
    nrf_drv_gpiote.o           1 144       16      100
    nrf_drv_rtc.o                324       12       20
    nrf_drv_uart.o             2 380       16       44
    nrf_fprintf.o                 60
    nrf_fprintf_format.o         804
    nrf_fstorage.o               318
    nrf_fstorage_sd.o            704       56      184
    nrf_log_frontend.o         2 660      537    1 320
    nrf_log_str_formatter.o      488      104       56
    nrf_memobj.o                 336
    nrf_pwr_mgmt.o                         20       12
    nrf_queue.o                  428
    nrf_ringbuf.o                596
    nrf_sdh.o                    612       64       15
    nrf_sdh_ble.o              1 136       60       12
    nrf_sdh_soc.o                 68       44       12
    nrf_section_iter.o            70
    nrf_strerror.o               332      776
    peer_data_storage.o        1 000                10
    peer_database.o            1 208               216
    peer_id.o                    300                64
    peer_manager.o               904        8       28
    pm_buffer.o                  248
    pm_mutex.o                   216
    sdk_mapped_flags.o           222
    security_dispatcher.o      1 992       10       72
    security_manager.o         1 040        3       24
    system_nrf52.o               656                 4
    --------------------------------------------------
    Total:                    51 968    4 331    7 799

command line: [2]
    --------------------------------------------------
    Total:

dl7M_tlf.a: [3]
    exit.o                         4
    isxxx.o                       60
    qsort.o                    1 332
    setlocale.o                   24       17      116
    strncmp.o                     44
    xlocale_c.o                   78
    --------------------------------------------------
    Total:                     1 542       17      116

m7M_tls.a: [4]
    fpinit_M.o                    34
    --------------------------------------------------
    Total:                        34

rt7M_tl.a: [5]
    ABImemclr.o                    6
    ABImemclr4.o                   6
    ABImemcpy_unaligned.o        118
    ABImemmove_unaligned.o       120
    ABImemset.o                   94
    ABImemset48.o                 58
    XXexit.o                      12
    cexit.o                       10
    cmain.o                       26
    cstartup_M.o                  12
    data_init.o                   40
    lz77_init_single.o           120
    memcmp_unaligned.o            98
    strcmp_unaligned.o            66
    strcpy_unaligned.o            68
    strlen.o                      54
    zero_init3.o                  64
    --------------------------------------------------
    Total:                       972

    Gaps                                    4
    Linker created                         64    2 048
------------------------------------------------------
    Grand Total:              54 516    4 416    9 963


*******************************************************************************
*** ENTRY LIST
***

Entry                      Address   Size  Type      Object
-----                      -------   ----  ----      ------
.iar.init_table$$Base   0x00031358          --   Gb  - Linker created -
.iar.init_table$$Limit  0x00031398          --   Gb  - Linker created -
?main                   0x00031415         Code  Gb  cmain.o [5]
CSTACK$$Base            0x20003538          --   Gb  - Linker created -
CSTACK$$Limit           0x20003d38          --   Gb  - Linker created -
GPIOTE_IRQHandler       0x0002e32d  0x168  Code  Gb  nrf_drv_gpiote.o [1]
NVIC_ClearPendingIRQ    0x0002a39f    0xe  Code  Lc  app_timer.o [1]
NVIC_EnableIRQ          0x0002a37d    0xe  Code  Lc  app_timer.o [1]
NVIC_SetPendingIRQ      0x0002a38b    0xc  Code  Lc  app_timer.o [1]
NVIC_SetPriority        0x0002a3ad   0x1e  Code  Lc  app_timer.o [1]
POWER_CLOCK_IRQHandler  0x00030e45   0x46  Code  Gb  nrf_drv_clock.o [1]
RTC1_IRQHandler         0x0002a795   0x6e  Code  Gb  app_timer.o [1]
RTC2_IRQHandler         0x0002e02d    0x8  Code  Gb  nrf_drv_rtc.o [1]
Region$$Table$$Base     0x00031358          --   Gb  - Linker created -
Region$$Table$$Limit    0x00031398          --   Gb  - Linker created -
SEGGER_RTT_HasData      0x00030575   0x12  Code  Gb  SEGGER_RTT.o [1]
SEGGER_RTT_Init         0x00030593    0x2  Code  Gb  SEGGER_RTT.o [1]
SEGGER_RTT_Read         0x000304a9   0x24  Code  Gb  SEGGER_RTT.o [1]
SEGGER_RTT_ReadNoLock   0x00030435   0x74  Code  Gb  SEGGER_RTT.o [1]
SEGGER_RTT_Write        0x0003052b   0x28  Code  Gb  SEGGER_RTT.o [1]
SEGGER_RTT_WriteNoLock  0x000304dd   0x4e  Code  Gb  SEGGER_RTT.o [1]
SWI0_EGU0_IRQHandler    0x0002a803    0x2  Code  Gb  app_timer.o [1]
SWI2_EGU2_IRQHandler    0x0002b2a3    0x2  Code  Gb  nrf_sdh.o [1]
SystemCoreClock         0x200033d4    0x4  Data  Gb  system_nrf52.o [1]
SystemInit              0x000300a9  0x23a  Code  Gb  system_nrf52.o [1]
UARTE0_UART0_IRQHandler
                        0x0002f305   0x10  Code  Gb  nrf_drv_uart.o [1]
_DoInit                 0x00030339   0x56  Code  Lc  SEGGER_RTT.o [1]
_GetAvailWriteSpace     0x0003041d   0x18  Code  Lc  SEGGER_RTT.o [1]
_IsdstStr               0x200033dc    0x4  Data  Gb  setlocale.o [3]
_LocaleC_isalpha        0x00026b29   0x16  Code  Gb  xlocale_c.o [3]
_LocaleC_ispunct        0x00026b3f   0x24  Code  Gb  xlocale_c.o [3]
_LocaleC_isspace        0x00026b63   0x14  Code  Gb  xlocale_c.o [3]
_LocaleForCat           0x00026b11   0x12  Code  Gb  setlocale.o [3]
_LocaleReturnString     0x200033fc   0x50  Data  Lc  setlocale.o [3]
_Locale_Profile         0x200033e0   0x1c  Data  Gb  setlocale.o [3]
_SEGGER_RTT             0x20004458   0x78  Data  Gb  SEGGER_RTT.o [1]
_TzoneStr               0x200033d8    0x4  Data  Gb  setlocale.o [3]
_WriteBlocking          0x0003038f   0x54  Code  Lc  SEGGER_RTT.o [1]
_WriteNoCheck           0x000303e3   0x3a  Code  Lc  SEGGER_RTT.o [1]
__ICFEDIT_region_RAM_end__ {Abs}
                        0x2000ffff         Data  Gb  command line/config [2]
__ICFEDIT_region_RAM_start__ {Abs}
                        0x20002f50         Data  Gb  command line/config [2]
__Vectors               0x00023000          --   Gb  iar_startup_nrf52.o [1]
__Vectors_End           0x00023200         Data  Gb  iar_startup_nrf52.o [1]
__Vectors_Size {Abs}    0x00000200          --   Gb  iar_startup_nrf52.o [1]
__aeabi_memclr          0x0002def5         Code  Gb  ABImemclr.o [5]
__aeabi_memclr4         0x00025191         Code  Gb  ABImemclr4.o [5]
__aeabi_memset4         0x00026ad5         Code  Gb  ABImemset48.o [5]
__aeabi_memset8         0x00026ad5         Code  Gb  ABImemset48.o [5]
__cmain                 0x00031415         Code  Gb  cmain.o [5]
__exit                  0x00031441         Code  Gb  XXexit.o [5]
__iar_Memset4_word      0x00026add         Code  Gb  ABImemset48.o [5]
__iar_Memset8_word      0x00026add         Code  Gb  ABImemset48.o [5]
__iar_Memset_word       0x0002e949         Code  Gb  ABImemset.o [5]
__iar_data_init3        0x0003130d   0x28  Code  Gb  data_init.o [5]
__iar_init_vfp          0x00031335         Code  Gb  fpinit_M.o [4]
__iar_lz77_init_single3
                        0x0003108d   0x78  Code  Gb  lz77_init_single.o [5]
__iar_program_start     0x000314f5         Code  Gb  cstartup_M.o [5]
__iar_unaligned___aeabi_memcpy
                        0x000253e1         Code  Gb  ABImemcpy_unaligned.o [5]
__iar_unaligned___aeabi_memcpy4
                        0x00025401         Code  Gb  ABImemcpy_unaligned.o [5]
__iar_unaligned___aeabi_memcpy8
                        0x00025401         Code  Gb  ABImemcpy_unaligned.o [5]
__iar_unaligned___aeabi_memmove
                        0x00025199         Code  Gb  ABImemmove_unaligned.o [5]
__iar_unaligned___aeabi_memmove4
                        0x00025199         Code  Gb  ABImemmove_unaligned.o [5]
__iar_unaligned___aeabi_memmove8
                        0x00025199         Code  Gb  ABImemmove_unaligned.o [5]
__iar_unaligned_memcmp  0x00029cb5         Code  Gb  memcmp_unaligned.o [5]
__iar_unaligned_strcmp  0x0002514d         Code  Gb  strcmp_unaligned.o [5]
__iar_unaligned_strcpy  0x0002524d         Code  Gb  strcpy_unaligned.o [5]
__iar_zero_init3        0x00031269   0x40  Code  Gb  zero_init3.o [5]
__sd_nvic_app_accessible_irq
                        0x0002b069   0x26  Code  Lc  nrf_sdh.o [1]
__sd_nvic_is_app_accessible_priority
                        0x0002b08f   0x16  Code  Lc  nrf_sdh.o [1]
__vector_table          0x00023000         Data  Gb  iar_startup_nrf52.o [1]
_acDownBuffer           0x200046d0   0x10  Data  Lc  SEGGER_RTT.o [1]
_acUpBuffer             0x200044d0  0x200  Data  Lc  SEGGER_RTT.o [1]
_call_main              0x00031421         Code  Gb  cmain.o [5]
_exit                   0x00031435         Code  Gb  cexit.o [5]
_main                   0x0003142b         Code  Gb  cmain.o [5]
addr_compare            0x0002c02f   0x2c  Code  Gb  id_manager.o [1]
addr_is_aligned32       0x0002aa8b    0xc  Code  Lc  nrf_fstorage.o [1]
addr_within_bounds      0x0002aa71   0x1a  Code  Lc  nrf_fstorage.o [1]
adjust_heap             0x000255e5   0x88  Code  Lc  qsort.o [3]
adv_report_parse        0x00026cd9   0x2c  Code  Lc  main.o [1]
advertising_start       0x00026dcd   0x32  Code  Lc  main.o [1]
ah                      0x0002c2ed   0x50  Code  Gb  id_manager.o [1]
amtc_evt_handler        0x00027611  0x1be  Code  Lc  main.o [1]
amtc_evt_handler{1}{2}{20}::bytes_cnt
                        0x20002f9c    0x4  Data  Lc  main.o [1]
amtc_evt_handler{1}{2}{20}::kbytes_cnt
                        0x20002fa0    0x4  Data  Lc  main.o [1]
amts_evt_handler        0x00027431  0x1c2  Code  Lc  main.o [1]
app_button_disable      0x0002abcf   0x26  Code  Gb  app_button.o [1]
app_button_enable       0x0002abaf   0x20  Code  Gb  app_button.o [1]
app_button_init         0x0002ab49   0x66  Code  Gb  app_button.o [1]
app_error_fault_handler
                        0x0002be15   0x74  Code  Wk  app_error_weak.o [1]
app_error_handler_bare  0x00028a15   0x14  Code  Gb  app_error.o [1]
app_timer_cnt_get       0x0002a909    0x6  Code  Gb  app_timer.o [1]
app_timer_create        0x0002a849   0x26  Code  Gb  app_timer.o [1]
app_timer_init          0x0002a805   0x44  Code  Gb  app_timer.o [1]
app_timer_start         0x0002a86f   0x7e  Code  Gb  app_timer.o [1]
app_timer_stop          0x0002a8ed   0x1c  Code  Gb  app_timer.o [1]
app_util_critical_region_enter
                        0x00026c19   0x36  Code  Gb  app_util_platform.o [1]
app_util_critical_region_exit
                        0x00026c4f   0x22  Code  Gb  app_util_platform.o [1]
application_timers_start
                        0x000278e1   0x16  Code  Gb  main.o [1]
apply_config            0x0002eaa5   0xb4  Code  Lc  nrf_drv_uart.o [1]
att_mtu_size_set        0x00030bd9   0x1c  Code  Lc  example_cmds.o [1]
auth_status_success_process
                        0x0002d665   0xca  Code  Lc  security_dispatcher.o [1]
ble_advdata_encode      0x0002ba85  0x144  Code  Gb  ble_advdata.o [1]
ble_advdata_set         0x0002bbed   0x62  Code  Gb  ble_advdata.o [1]
ble_conn_state_conn_handles
                        0x00028b6f    0x6  Code  Gb  ble_conn_state.o [1]
ble_conn_state_encrypted
                        0x00028b4b    0x4  Code  Gb  ble_conn_state.o [1]
ble_conn_state_n_centrals
                        0x00028b57    0xc  Code  Gb  ble_conn_state.o [1]
ble_conn_state_n_peripherals
                        0x00028b63    0xc  Code  Gb  ble_conn_state.o [1]
ble_conn_state_periph_handles
                        0x00028b7b    0xc  Code  Gb  ble_conn_state.o [1]
ble_conn_state_role     0x00028b1d   0x20  Code  Gb  ble_conn_state.o [1]
ble_conn_state_user_flag_acquire
                        0x00028b87   0x24  Code  Gb  ble_conn_state.o [1]
ble_conn_state_user_flag_collection
                        0x00028be7   0x16  Code  Gb  ble_conn_state.o [1]
ble_conn_state_user_flag_get
                        0x00028bab   0x18  Code  Gb  ble_conn_state.o [1]
ble_conn_state_user_flag_set
                        0x00028bc3   0x24  Code  Gb  ble_conn_state.o [1]
ble_db_discovery_evt_register
                        0x0002a12b   0x34  Code  Gb  ble_db_discovery.o [1]
ble_db_discovery_init   0x0002a10f   0x1c  Code  Gb  ble_db_discovery.o [1]
ble_db_discovery_on_ble_evt
                        0x0002a1d1   0xc4  Code  Gb  ble_db_discovery.o [1]
ble_db_discovery_start  0x0002a1a9   0x28  Code  Gb  ble_db_discovery.o [1]
ble_device_addr_encode  0x0002b747   0x5a  Code  Lc  ble_advdata.o [1]
ble_evt_handler         0x00028a39   0xe4  Code  Lc  ble_conn_state.o [1]
ble_evt_handler         0x000272ed  0x144  Code  Lc  main.o [1]
ble_evt_handler         0x00028d7d   0x24  Code  Lc  peer_manager.o [1]
ble_srv_is_notification_enabled
                        0x0002bc5b    0x8  Code  Gb  ble_srv_common.o [1]
ble_stack_init::m_ble_observer
                        0x00031474    0x8  Data  Lc  main.o [1]
bsp_board_led_invert    0x000289bd   0x1c  Code  Gb  boards.o [1]
bsp_board_led_off       0x000289a1    0xa  Code  Gb  boards.o [1]
bsp_board_led_on        0x00028997    0xa  Code  Gb  boards.o [1]
bsp_board_leds_init     0x000289e9   0x28  Code  Gb  boards.o [1]
bsp_board_leds_off      0x000289ab   0x12  Code  Gb  boards.o [1]
buf_prealloc            0x00025c49   0x5a  Code  Lc  nrf_log_frontend.o [1]
buffer_add              0x0002641d   0x1c  Code  Lc  nrf_fprintf_format.o [1]
buffer_is_empty         0x00025d35   0x14  Code  Gb  nrf_log_frontend.o [1]
button_evt_handler      0x00027909   0x9a  Code  Lc  main.o [1]
buttons_init::buttons   0x200032a0   0x18  Data  Lc  main.o [1]
channel_free            0x0002e155   0x18  Code  Lc  nrf_drv_gpiote.o [1]
channel_port_alloc      0x0002e117   0x3e  Code  Lc  nrf_drv_gpiote.o [1]
char_backspace          0x000237f5   0x76  Code  Lc  nrf_cli.o [1]
char_backspace{2}{6}::cmd_bspace
                        0x0002386c    0x4  Data  Lc  nrf_cli.o [1]
char_delete             0x00023871   0x4e  Code  Lc  nrf_cli.o [1]
char_delete{2}{3}{4}::cmd
                        0x000238c0    0x4  Data  Lc  nrf_cli.o [1]
char_insert             0x00023713   0xca  Code  Lc  nrf_cli.o [1]
char_notification_relay_send
                        0x00027827   0xac  Code  Lc  main.o [1]
char_notification_send  0x00028835   0x78  Code  Gb  amts.o [1]
characteristic_add      0x0002bc93  0x168  Code  Gb  ble_srv_common.o [1]
characteristics_discover
                        0x00029e91   0x3c  Code  Lc  ble_db_discovery.o [1]
claim                   0x0002e843   0x36  Code  Lc  peer_id.o [1]
clear_str_ptr           0x2000351c    0x4  Data  Gb  nrf_cli.o [1]
cli_clear_eos           0x0002336d    0x8  Code  Lc  nrf_cli.o [1]
cli_clear_eos{1}::cmd   0x00023374    0x4  Data  Lc  nrf_cli.o [1]
cli_command$$Base       0x000311dc          --   Gb  - Linker created -
cli_command$$Limit      0x00031224          --   Gb  - Linker created -
cli_cursor_restore      0x0002338d    0x8  Code  Lc  nrf_cli.o [1]
cli_cursor_restore{1}::cmd
                        0x00023394    0x4  Data  Lc  nrf_cli.o [1]
cli_cursor_save         0x00023379    0x6  Code  Lc  nrf_cli.o [1]
cli_cursor_save{1}::cmd
                        0x00023388    0x4  Data  Lc  nrf_cli.o [1]
cli_execute             0x00024341  0x184  Code  Lc  nrf_cli.o [1]
cli_init                0x00027ac1   0x5c  Code  Gb  main.o [1]
cli_log_entry_process   0x00024a23  0x126  Code  Lc  nrf_cli.o [1]
cli_putc                0x0002328f    0xa  Code  Lc  nrf_cli.o [1]
cli_read                0x00023299    0xc  Code  Lc  nrf_cli.o [1]
cli_rtt                 0x00031030    0xc  Data  Lc  main.o [1]
cli_rtt_cb              0x200055bc    0xc  Data  Lc  main.o [1]
cli_rtt_enable          0x00030f47   0x54  Code  Lc  nrf_cli_rtt.o [1]
cli_rtt_init            0x00030f27   0x18  Code  Lc  nrf_cli_rtt.o [1]
cli_rtt_read            0x00030f9b   0x10  Code  Lc  nrf_cli_rtt.o [1]
cli_rtt_timer           0x0003102c    0x4  Data  Lc  main.o [1]
cli_rtt_timer_data      0x200054b0   0x20  Data  Lc  main.o [1]
cli_rtt_uninit          0x00030f3f    0x8  Code  Lc  nrf_cli_rtt.o [1]
cli_rtt_write           0x00030fab   0x2e  Code  Lc  nrf_cli_rtt.o [1]
cli_sorted_cmd_ptrs$$Base
                        0x20003514          --   Gb  - Linker created -
cli_sorted_cmd_ptrs$$Limit
                        0x20003538          --   Gb  - Linker created -
cli_start               0x00027b21   0x10  Code  Gb  main.o [1]
cli_state_collect       0x000240c1  0x1e0  Code  Lc  nrf_cli.o [1]
cli_state_set           0x00023a13   0x20  Code  Lc  nrf_cli.o [1]
cli_stats_str_ptr       0x20003530    0x4  Data  Gb  nrf_cli.o [1]
cli_strlen              0x00023201    0xa  Code  Lc  nrf_cli.o [1]
cli_tab_handle          0x00023dcf  0x25c  Code  Lc  nrf_cli.o [1]
cli_transport_evt_handler
                        0x0002453b    0xc  Code  Lc  nrf_cli.o [1]
cli_uart                0x00031014   0x18  Data  Lc  main.o [1]
cli_uart_cb             0x2000541c   0x2c  Data  Lc  main.o [1]
cli_uart_enable         0x00030b05   0x6c  Code  Lc  nrf_cli_uart.o [1]
cli_uart_init           0x00030aa7   0x48  Code  Lc  nrf_cli_uart.o [1]
cli_uart_read           0x00030b79    0xa  Code  Lc  nrf_cli_uart.o [1]
cli_uart_rx_ringbuf     0x00031000    0xc  Data  Lc  main.o [1]
cli_uart_rx_ringbuf_buf
                        0x200055a0   0x10  Data  Lc  main.o [1]
cli_uart_rx_ringbuf_cb  0x20005524   0x18  Data  Lc  main.o [1]
cli_uart_timer          0x00030ff0    0x4  Data  Lc  main.o [1]
cli_uart_timer_data     0x20005490   0x20  Data  Lc  main.o [1]
cli_uart_tx_ringbuf     0x00030ff4    0xc  Data  Lc  main.o [1]
cli_uart_tx_ringbuf_buf
                        0x20005330   0x40  Data  Lc  main.o [1]
cli_uart_tx_ringbuf_cb  0x2000550c   0x18  Data  Lc  main.o [1]
cli_uart_uart           0x0003100c    0x8  Data  Lc  main.o [1]
cli_uart_uninit         0x00030aef   0x16  Code  Lc  nrf_cli_uart.o [1]
cli_uart_write          0x00030b83   0x4a  Code  Lc  nrf_cli_uart.o [1]
cli_write               0x0002323d   0x52  Code  Lc  nrf_cli.o [1]
clock_clk_started_notify
                        0x00030e21   0x24  Code  Lc  nrf_drv_clock.o [1]
cmd_att_mtu_158_set     0x00030c6f    0x4  Code  Lc  example_cmds.o [1]
cmd_att_mtu_23_set      0x00030c6b    0x4  Code  Lc  example_cmds.o [1]
cmd_att_mtu_247_set     0x00030c73    0x4  Code  Lc  example_cmds.o [1]
cmd_config_get          0x00030c99    0x4  Code  Lc  example_cmds.o [1]
cmd_conn_interval_150_set
                        0x00030c7f    0x4  Code  Lc  example_cmds.o [1]
cmd_conn_interval_400_set
                        0x00030c83    0x6  Code  Lc  example_cmds.o [1]
cmd_conn_interval_50_set
                        0x00030c7b    0x4  Code  Lc  example_cmds.o [1]
cmd_conn_interval_7_5_set
                        0x00030c77    0x4  Code  Lc  example_cmds.o [1]
cmd_dle_off_set         0x00030c8d    0x4  Code  Lc  example_cmds.o [1]
cmd_dle_on_set          0x00030c89    0x4  Code  Lc  example_cmds.o [1]
cmd_get                 0x000232a5   0x70  Code  Lc  nrf_cli.o [1]
cmd_phy_1m_set          0x00030c91    0x4  Code  Lc  example_cmds.o [1]
cmd_phy_2m_set          0x00030c95    0x4  Code  Lc  example_cmds.o [1]
cmd_test_run            0x00030cd5    0x4  Code  Lc  example_cmds.o [1]
cmd_trim                0x000242b9   0x78  Code  Lc  nrf_cli.o [1]
colors_str_ptr          0x20003520    0x4  Data  Gb  nrf_cli.o [1]
compare_reg_update      0x0002a5fb   0x86  Code  Lc  app_timer.o [1]
completion_insert       0x00023cab   0x74  Code  Lc  nrf_cli.o [1]
config_str_ptr          0x20003514    0x4  Data  Gb  example_cmds.o [1]
conn_int_encode         0x0002b915   0x7e  Code  Lc  ble_advdata.o [1]
conn_interval_set       0x000279e3    0x8  Code  Gb  main.o [1]
conn_sec_failure        0x0002d44b   0x38  Code  Lc  security_dispatcher.o [1]
connection_interval_set
                        0x00030bf5   0x1a  Code  Lc  example_cmds.o [1]
counter_get             0x0002a35d    0x6  Code  Gb  counter.o [1]
counter_init            0x0002a325   0x30  Code  Gb  counter.o [1]
counter_stop            0x0002a355    0x8  Code  Gb  counter.o [1]
countlink               0x20002f90    0x4  Data  Lc  main.o [1]
current_config_print    0x00027a09   0x66  Code  Gb  main.o [1]
cursor_down_move        0x000233ed   0x10  Code  Lc  nrf_cli.o [1]
cursor_end_position_move
                        0x00023497   0x42  Code  Lc  nrf_cli.o [1]
cursor_home_position_move
                        0x00023455   0x42  Code  Lc  nrf_cli.o [1]
cursor_in_empty_line    0x0002320b   0x10  Code  Lc  nrf_cli.o [1]
cursor_left_move        0x000233a5   0x10  Code  Lc  nrf_cli.o [1]
cursor_next_line_move   0x00023399    0x8  Code  Lc  nrf_cli.o [1]
cursor_next_line_move{1}::cmd
                        0x000233a0    0x4  Data  Lc  nrf_cli.o [1]
cursor_position_get     0x000234e1  0x186  Code  Lc  nrf_cli.o [1]
cursor_position_get::cmd_get_terminal_size
                        0x00023668    0x8  Data  Lc  nrf_cli.o [1]
cursor_position_synchronize
                        0x00023405   0x48  Code  Lc  nrf_cli.o [1]
cursor_right_move       0x000233bd   0x10  Code  Lc  nrf_cli.o [1]
cursor_up_move          0x000233d5   0x10  Code  Lc  nrf_cli.o [1]
data_len_ext_set        0x000279eb   0x1a  Code  Gb  main.o [1]
db_disc_evt_handler     0x00026d05   0x18  Code  Lc  main.o [1]
default_cmd             0x00030c9d   0x38  Code  Lc  example_cmds.o [1]
delay_timer             0x000282c4    0x4  Data  Lc  main.o [1]
delay_timer_data        0x20005470   0x20  Data  Lc  main.o [1]
delay_timer_timeout_handler
                        0x000278d3    0x8  Code  Lc  main.o [1]
descriptors_discover    0x00029ecd   0x86  Code  Lc  ble_db_discovery.o [1]
detection_delay_timeout_handler
                        0x0002aa99   0x60  Code  Lc  app_button.o [1]
discovery_complete_evt_trigger
                        0x00029d7d   0x72  Code  Lc  ble_db_discovery.o [1]
discovery_error_evt_trigger
                        0x00029d49   0x34  Code  Lc  ble_db_discovery.o [1]
discovery_start         0x0002a15f   0x4a  Code  Lc  ble_db_discovery.o [1]
dle_set                 0x00030c15   0x22  Code  Lc  example_cmds.o [1]
echo_str_ptr            0x20003524    0x4  Data  Gb  nrf_cli.o [1]
encryption_failure      0x0002d483    0x8  Code  Lc  security_dispatcher.o [1]
erase                   0x0002ff7f   0x38  Code  Lc  nrf_fstorage_sd.o [1]
event_send              0x00028fa1   0x20  Code  Lc  fds.o [1]
event_send              0x0002fde9   0x4c  Code  Lc  nrf_fstorage_sd.o [1]
events_send_from_err_code
                        0x0002c891   0x72  Code  Lc  security_manager.o [1]
evt_send                0x0002cc49   0x16  Code  Lc  gatt_cache_manager.o [1]
evt_send                0x00028c01   0x20  Code  Lc  peer_manager.o [1]
evt_send                0x0002d415   0x16  Code  Lc  security_dispatcher.o [1]
evt_send                0x0002c839    0x4  Code  Lc  security_manager.o [1]
exit                    0x0003142f    0x4  Code  Gb  exit.o [3]
fds_evt_handler         0x0002d10f   0xce  Code  Lc  peer_data_storage.o [1]
fds_file_delete         0x00029bc9   0x30  Code  Gb  fds.o [1]
fds_gc                  0x00029c0d   0x2c  Code  Gb  fds.o [1]
fds_init                0x000299d1   0xdc  Code  Gb  fds.o [1]
fds_record_close        0x00029af1   0x40  Code  Gb  fds.o [1]
fds_record_find         0x00029c45    0xe  Code  Gb  fds.o [1]
fds_record_find_by_key  0x00029c53    0xc  Code  Gb  fds.o [1]
fds_record_find_in_file
                        0x00029c5f    0xa  Code  Gb  fds.o [1]
fds_record_id_from_desc
                        0x00029c6f   0x14  Code  Gb  fds.o [1]
fds_record_open         0x00029aad   0x44  Code  Gb  fds.o [1]
fds_record_update       0x00029bb3    0x8  Code  Gb  fds.o [1]
fds_record_write        0x00029ba1    0x4  Code  Gb  fds.o [1]
fds_record_write_reserved
                        0x00029ba5    0xe  Code  Gb  fds.o [1]
fds_register            0x000299af   0x22  Code  Gb  fds.o [1]
fds_reserve             0x00029b31   0x28  Code  Gb  fds.o [1]
fds_reserve_cancel      0x00029b59   0x3c  Code  Gb  fds.o [1]
file_find_and_delete::tok
                        0x20004f54    0x8  Data  Lc  fds.o [1]
file_id_within_pm_range
                        0x0002d037   0x16  Code  Lc  peer_data_storage.o [1]
flag_id_init            0x0002d737   0x12  Code  Lc  security_dispatcher.o [1]
flag_id_init            0x0002cb2f   0x12  Code  Lc  security_manager.o [1]
flags_set_from_err_code
                        0x0002c83d   0x4e  Code  Lc  security_manager.o [1]
format_offset_string_print
                        0x0002471f   0xda  Code  Lc  nrf_cli.o [1]
fs_data$$Base           0x2000344c          --   Gb  - Linker created -
fs_data$$Limit          0x20003460          --   Gb  - Linker created -
fs_event_handler        0x000298df    0x4  Code  Lc  fds.o [1]
full_line_cmd           0x0002321b    0xe  Code  Lc  nrf_cli.o [1]
gatt_evt_handler        0x00026d1d   0x56  Code  Lc  main.o [1]
gatt_mtu_set            0x000279b1   0x2a  Code  Gb  main.o [1]
gc_execute              0x00029669   0x9a  Code  Lc  fds.o [1]
gc_page_erase           0x000293dd   0x3c  Code  Lc  fds.o [1]
gc_record_copy          0x00029419   0x24  Code  Lc  fds.o [1]
gc_record_find_next     0x0002943d   0x1c  Code  Lc  fds.o [1]
gc_state_advance        0x00029459   0x78  Code  Lc  fds.o [1]
gcm_ble_evt_handler     0x0002cf01   0x82  Code  Gb  gatt_cache_manager.o [1]
gcm_im_evt_handler      0x0002ce25   0x28  Code  Gb  gatt_cache_manager.o [1]
gcm_init                0x0002cebf   0x42  Code  Gb  gatt_cache_manager.o [1]
gcm_local_database_has_changed
                        0x0002cf93   0x46  Code  Gb  gatt_cache_manager.o [1]
gcm_pdb_evt_handler     0x0002ce4d   0x72  Code  Gb  gatt_cache_manager.o [1]
get_connection_by_conn_handle
                        0x0002bf93   0x32  Code  Gb  id_manager.o [1]
get_free_connection     0x0002bf69   0x2a  Code  Gb  id_manager.o [1]
gpiote_event_handler    0x0002aaf9   0x50  Code  Lc  app_button.o [1]
gscm_db_change_notification_done
                        0x0002dd81   0x1a  Code  Gb  gatts_cache_manager.o [1]
gscm_db_change_notification_done::service_changed_pending
                        0x00031514    0x4  Data  Lc  gatts_cache_manager.o [1]
gscm_init               0x0002dc23    0xc  Code  Gb  gatts_cache_manager.o [1]
gscm_local_database_has_changed
                        0x0002dd19   0x14  Code  Gb  gatts_cache_manager.o [1]
gscm_local_db_cache_apply
                        0x0002dcaf   0x6a  Code  Gb  gatts_cache_manager.o [1]
gscm_local_db_cache_update
                        0x0002dc2f   0x80  Code  Gb  gatts_cache_manager.o [1]
gscm_pdb_evt_handler    0x0002dc11   0x12  Code  Gb  gatts_cache_manager.o [1]
gscm_service_changed_ind_needed
                        0x0002dd2d   0x1e  Code  Gb  gatts_cache_manager.o [1]
gscm_service_changed_ind_send
                        0x0002dd4b   0x2c  Code  Gb  gatts_cache_manager.o [1]
gscm_service_changed_ind_send::start_handle
                        0x20005636    0x2  Data  Lc  gatts_cache_manager.o [1]
header_check            0x00028fdf   0x2a  Code  Lc  fds.o [1]
header_has_next         0x00028fc1   0x14  Code  Lc  fds.o [1]
header_jump             0x00028fd5    0xa  Code  Lc  fds.o [1]
history_handle          0x00023a39  0x10e  Code  Lc  nrf_cli.o [1]
history_list_element_add
                        0x00023b47   0x68  Code  Lc  nrf_cli.o [1]
history_list_element_oldest_remove
                        0x00023baf   0x58  Code  Lc  nrf_cli.o [1]
history_save            0x00023c27   0x7c  Code  Lc  nrf_cli.o [1]
history_str_ptr         0x20003528    0x4  Data  Gb  nrf_cli.o [1]
im_address_resolve      0x0002c33d   0x42  Code  Gb  id_manager.o [1]
im_ble_addr_get         0x0002c1dd   0x28  Code  Gb  id_manager.o [1]
im_ble_evt_handler      0x0002c05b   0xa4  Code  Gb  id_manager.o [1]
im_conn_handle_get      0x0002c26b   0x22  Code  Gb  id_manager.o [1]
im_find_duplicate_bonding_data
                        0x0002c159   0x30  Code  Gb  id_manager.o [1]
im_init                 0x0002c193   0x30  Code  Gb  id_manager.o [1]
im_is_duplicate_bonding_data
                        0x0002c0ff   0x5a  Code  Gb  id_manager.o [1]
im_master_id_is_valid   0x0002c28d   0x18  Code  Gb  id_manager.o [1]
im_master_ids_compare   0x0002c205   0x2a  Code  Gb  id_manager.o [1]
im_new_peer_id          0x0002c2bb    0x2  Code  Gb  id_manager.o [1]
im_peer_free            0x0002c2bd   0x28  Code  Gb  id_manager.o [1]
im_peer_id_get_by_conn_handle
                        0x0002c1c3   0x1a  Code  Gb  id_manager.o [1]
im_peer_id_get_by_master_id
                        0x0002c22f   0x3c  Code  Gb  id_manager.o [1]
init                    0x0002fee5   0x3a  Code  Lc  nrf_fstorage_sd.o [1]
init_execute            0x000294d1   0xa4  Code  Lc  fds.o [1]
int_print               0x000264d3   0x9a  Code  Lc  nrf_fprintf_format.o [1]
interrupts_disable      0x0002ebc7   0x26  Code  Lc  nrf_drv_uart.o [1]
interrupts_enable       0x0002eb73   0x54  Code  Lc  nrf_drv_uart.o [1]
intro_sort              0x0002566d  0x33c  Code  Lc  qsort.o [3]
is_busy                 0x0002ffd3    0xa  Code  Lc  nrf_fstorage_sd.o [1]
is_desc_discovery_reqd  0x00029e51   0x40  Code  Lc  ble_db_discovery.o [1]
is_valid_irk            0x0002c01b   0x14  Code  Gb  id_manager.o [1]
isalpha                 0x00025211   0x14  Code  Gb  isxxx.o [3]
ispunct                 0x00025225   0x14  Code  Gb  isxxx.o [3]
isspace                 0x00025239   0x14  Code  Gb  isxxx.o [3]
lfclk_stop              0x00030d9f   0x16  Code  Lc  nrf_drv_clock.o [1]
link_init               0x0002ac09   0x18  Code  Lc  nrf_ble_gatt.o [1]
link_secure             0x0002c945   0xa0  Code  Lc  security_manager.o [1]
link_secure_central     0x0002d989   0xb2  Code  Lc  security_dispatcher.o [1]
link_secure_central_pairing
                        0x0002d8e5   0xa4  Code  Lc  security_dispatcher.o [1]
link_secure_failure     0x0002d48b   0x8a  Code  Lc  security_dispatcher.o [1]
link_secure_pending_process
                        0x0002ca77   0x4c  Code  Lc  security_manager.o [1]
list_insertions_handler
                        0x0002a48f  0x168  Code  Lc  app_timer.o [1]
local_db_apply_in_evt   0x0002cc7f   0x62  Code  Lc  gatt_cache_manager.o [1]
local_db_update         0x0002cce1    0xa  Code  Lc  gatt_cache_manager.o [1]
lock_by_mask            0x0002e745   0x32  Code  Lc  pm_mutex.o [1]
log_cmd                 0x00026299   0x38  Code  Lc  nrf_log_frontend.o [1]
log_const_data$$Base    0x00031104          --   Gb  - Linker created -
log_const_data$$Limit   0x0003117c          --   Gb  - Linker created -
log_ctrl                0x000260d9  0x138  Code  Lc  nrf_log_frontend.o [1]
log_dynamic_data$$Base  0x20003460          --   Gb  - Linker created -
log_dynamic_data$$Limit
                        0x20003514          --   Gb  - Linker created -
log_go                  0x00026291    0x8  Code  Lc  nrf_log_frontend.o [1]
log_halt                0x00026289    0x8  Code  Lc  nrf_log_frontend.o [1]
log_skip                0x00025b59   0x94  Code  Lc  nrf_log_frontend.o [1]
log_status              0x00026001   0xac  Code  Lc  nrf_log_frontend.o [1]
log_str_ptr             0x20003534    0x4  Data  Gb  nrf_log_frontend.o [1]
m_amtc                  0x2000328c   0x14  Data  Lc  main.o [1]
m_amtc_obs              0x00031464    0x8  Data  Lc  main.o [1]
m_amts                  0x20002f60   0x24  Data  Lc  main.o [1]
m_amts_ble_obs          0x0003146c    0x8  Data  Lc  main.o [1]
m_att_mtu_size_cmds     0x0002f5a0    0x8  Data  Lc  example_cmds.o [1]
m_att_mtu_size_cmds_raw
                        0x0002f5a8   0x40  Data  Lc  example_cmds.o [1]
m_bcs                   0x200050c8   0xb8  Data  Lc  ble_conn_state.o [1]
m_ble_db_discovery      0x20002fc0  0x2cc  Data  Lc  main.o [1]
m_ble_db_discovery_obs  0x00031454    0x8  Data  Lc  main.o [1]
m_ble_evt_observer      0x00031538    0x8  Data  Lc  ble_conn_state.o [1]
m_ble_evt_observer      0x0003145c    0x8  Data  Lc  peer_manager.o [1]
m_board_led_list        0x00028a10    0x4  Data  Lc  boards.o [1]
m_board_role            0x20002f58    0x1  Data  Gb  main.o [1]
m_bonded_flag_id        0x200054f4    0x1  Data  Lc  peer_manager.o [1]
m_button_count          0x200053e8    0x1  Data  Lc  app_button.o [1]
m_cb                    0x200052d8   0x58  Data  Lc  nrf_drv_gpiote.o [1]
m_cb                    0x20005608    0x4  Data  Lc  nrf_drv_rtc.o [1]
m_cb                    0x200054d0   0x20  Data  Lc  nrf_drv_uart.o [1]
m_cb_table              0x20005554   0x10  Data  Lc  fds.o [1]
m_cli_rtt               0x000282e4   0x1c  Data  Lc  main.o [1]
m_cli_rtt_cmd_hist_memobj
                        0x00031078   0x14  Data  Lc  main.o [1]
m_cli_rtt_cmd_hist_memobj_nrf_balloc_cb
                        0x20005600    0x8  Data  Lc  main.o [1]
m_cli_rtt_cmd_hist_memobj_nrf_balloc_pool_mem
                        0x20004860  0x180  Data  Lc  main.o [1]
m_cli_rtt_cmd_hist_memobj_nrf_balloc_pool_stack
                        0x200055f8    0x8  Data  Lc  main.o [1]
m_cli_rtt_ctx           0x20004b20  0x140  Data  Lc  main.o [1]
m_cli_rtt_fprintf_ctx   0x200032e8   0x18  Data  Lc  main.o [1]
m_cli_rtt_log_backend   0x20003300   0x18  Data  Lc  main.o [1]
m_cli_rtt_log_backend_queue
                        0x00031064   0x14  Data  Lc  main.o [1]
m_cli_rtt_log_backend_queue_nrf_queue_buffer
                        0x20005578   0x14  Data  Lc  main.o [1]
m_cli_rtt_log_backend_queue_nrf_queue_cb
                        0x200055d4    0xc  Data  Lc  main.o [1]
m_cli_uart              0x000282c8   0x1c  Data  Lc  main.o [1]
m_cli_uart_cmd_hist_memobj
                        0x00031050   0x14  Data  Lc  main.o [1]
m_cli_uart_cmd_hist_memobj_nrf_balloc_cb
                        0x200055f0    0x8  Data  Lc  main.o [1]
m_cli_uart_cmd_hist_memobj_nrf_balloc_pool_mem
                        0x200046e0  0x180  Data  Lc  main.o [1]
m_cli_uart_cmd_hist_memobj_nrf_balloc_pool_stack
                        0x200055e8    0x8  Data  Lc  main.o [1]
m_cli_uart_ctx          0x200049e0  0x140  Data  Lc  main.o [1]
m_cli_uart_fprintf_ctx  0x200032b8   0x18  Data  Lc  main.o [1]
m_cli_uart_log_backend  0x200032d0   0x18  Data  Lc  main.o [1]
m_cli_uart_log_backend_queue
                        0x0003103c   0x14  Data  Lc  main.o [1]
m_cli_uart_log_backend_queue_nrf_queue_buffer
                        0x20005564   0x14  Data  Lc  main.o [1]
m_cli_uart_log_backend_queue_nrf_queue_cb
                        0x200055c8    0xc  Data  Lc  main.o [1]
m_clock_cb              0x2000558c   0x14  Data  Lc  nrf_drv_clock.o [1]
m_colors                0x20003354   0x24  Data  Lc  nrf_log_str_formatter.o [1]
m_conn_handle           0x20002f8c    0x2  Data  Lc  main.o [1]
m_conn_interval_cmds    0x0002f5e8    0x8  Data  Lc  example_cmds.o [1]
m_conn_interval_cmds_raw
                        0x0002f5f0   0x50  Data  Lc  example_cmds.o [1]
m_conn_interval_configured
                        0x20002f5e    0x1  Data  Lc  main.o [1]
m_conn_param            0x20002f84    0x8  Data  Lc  main.o [1]
m_conn_state_user_flag_id
                        0x2000563a    0x1  Data  Lc  id_manager.o [1]
m_connections           0x20004d6c   0xf0  Data  Lc  id_manager.o [1]
m_current_highest_peer_rank
                        0x200054fc    0x4  Data  Lc  peer_manager.o [1]
m_current_sc_store_peer_id
                        0x20005634    0x2  Data  Lc  gatts_cache_manager.o [1]
m_data_length_updated   0x20002f5c    0x1  Data  Lc  main.o [1]
m_db_update_in_progress_mutex
                        0x2000562c    0x1  Data  Lc  gatt_cache_manager.o [1]
m_deleting_all          0x200054f2    0x1  Data  Lc  peer_manager.o [1]
m_detection_delay       0x200053f0    0x4  Data  Lc  app_button.o [1]
m_detection_delay_timer_id
                        0x0002ac00    0x4  Data  Lc  app_button.o [1]
m_detection_delay_timer_id_data
                        0x200053fc   0x20  Data  Lc  app_button.o [1]
m_dle_cmds              0x0002f640    0x8  Data  Lc  example_cmds.o [1]
m_dle_cmds_raw          0x0002f648   0x30  Data  Lc  example_cmds.o [1]
m_evt_handler           0x20005464    0x4  Data  Lc  ble_db_discovery.o [1]
m_evt_handlers          0x0002c818   0x10  Data  Lc  peer_database.o [1]
m_evt_handlers          0x20005500    0xc  Data  Lc  peer_manager.o [1]
m_fds_ftok              0x20005620    0x8  Data  Lc  peer_data_storage.o [1]
m_fifo_data             0x20005198   0x8c  Data  Lc  nrf_fstorage_sd.o [1]
m_fifo_inst             0x20005224   0x10  Data  Lc  nrf_fstorage_sd.o [1]
m_flag_allow_repairing  0x2000337c    0x1  Data  Lc  security_dispatcher.o [1]
m_flag_link_secure_force_repairing
                        0x200033cb    0x1  Data  Lc  security_manager.o [1]
m_flag_link_secure_null_params
                        0x200033cc    0x1  Data  Lc  security_manager.o [1]
m_flag_link_secure_pending_busy
                        0x200033c9    0x1  Data  Lc  security_manager.o [1]
m_flag_link_secure_pending_flash_full
                        0x200033ca    0x1  Data  Lc  security_manager.o [1]
m_flag_local_db_apply_pending
                        0x20005629    0x1  Data  Lc  gatt_cache_manager.o [1]
m_flag_local_db_update_pending
                        0x20005628    0x1  Data  Lc  gatt_cache_manager.o [1]
m_flag_params_reply_pending_busy
                        0x200033cd    0x1  Data  Lc  security_manager.o [1]
m_flag_params_reply_pending_flash_full
                        0x200033ce    0x1  Data  Lc  security_manager.o [1]
m_flag_sec_proc         0x20003378    0x1  Data  Lc  security_dispatcher.o [1]
m_flag_sec_proc_bonding
                        0x2000337a    0x1  Data  Lc  security_dispatcher.o [1]
m_flag_sec_proc_new_peer
                        0x2000337b    0x1  Data  Lc  security_dispatcher.o [1]
m_flag_sec_proc_pairing
                        0x20003379    0x1  Data  Lc  security_dispatcher.o [1]
m_flag_service_changed_pending
                        0x2000562a    0x1  Data  Lc  gatt_cache_manager.o [1]
m_flag_service_changed_sent
                        0x2000562b    0x1  Data  Lc  gatt_cache_manager.o [1]
m_flags                 0x20004f44    0x8  Data  Lc  fds.o [1]
m_flags                 0x20005180   0x14  Data  Lc  nrf_fstorage_sd.o [1]
m_flash_info            0x0003009c    0xc  Data  Lc  nrf_fstorage_sd.o [1]
m_fs                    0x2000344c   0x14  Data  Gb  fds.o [1]
m_gap_role              0x20002f5f    0x1  Data  Lc  main.o [1]
m_gatt                  0x20002fa4   0x1c  Data  Lc  main.o [1]
m_gatt_obs              0x0003144c    0x8  Data  Lc  main.o [1]
m_gc                    0x20004f34   0x10  Data  Lc  fds.o [1]
m_handlers              0x2000560c    0x4  Data  Lc  nrf_drv_rtc.o [1]
m_highest_ranked_peer   0x200054f6    0x2  Data  Lc  peer_manager.o [1]
m_iget_ctx              0x20005234    0x4  Data  Lc  nrf_fstorage_sd.o [1]
m_initialized           0x20005460    0x1  Data  Lc  ble_db_discovery.o [1]
m_latest_rec_id         0x20004f5c    0x4  Data  Lc  fds.o [1]
m_log_data              0x20003d38  0x420  Data  Lc  nrf_log_frontend.o [1]
m_module_initialized    0x200054f0    0x1  Data  Lc  peer_manager.o [1]
m_module_name           0x00026414    0x8  Data  Lc  nrf_log_frontend.o [1]
m_mtu_exchanged         0x20002f5b    0x1  Data  Lc  main.o [1]
m_n_pending_writes      0x20004e7c    0x4  Data  Lc  peer_database.o [1]
m_n_registrants         0x200054f3    0x1  Data  Lc  peer_manager.o [1]
m_notif_enabled         0x20002f5a    0x1  Data  Lc  main.o [1]
m_nrf_cli_command_not_found
                        0x000244dc   0x14  Data  Lc  nrf_cli.o [1]
m_nrf_cli_uknown_parameter
                        0x00025094   0x18  Data  Lc  nrf_cli.o [1]
m_nrf_log_AMTC_logs_data_const
                        0x00031104    0x8  Data  Gb  amtc.o [1]
m_nrf_log_AMTC_logs_data_dynamic
                        0x20003460    0xc  Data  Gb  amtc.o [1]
m_nrf_log_AMTS_logs_data_const
[...]
on_characteristic_discovery_rsp
                        0x00029f53   0xda  Code  Lc  ble_db_discovery.o [1]
on_connected_evt        0x0002ac21   0x96  Code  Lc  nrf_ble_gatt.o [1]
on_descriptor_discovery_rsp
                        0x0002a02d   0xd6  Code  Lc  ble_db_discovery.o [1]
on_hvx                  0x000283b9   0x78  Code  Lc  amtc.o [1]
on_srv_disc_completion  0x00029def   0x62  Code  Lc  ble_db_discovery.o [1]
option_print            0x00023d3b   0x78  Code  Lc  nrf_cli.o [1]
page_identify           0x00029009   0x22  Code  Lc  fds.o [1]
page_offsets_update     0x00029089   0x12  Code  Lc  fds.o [1]
page_scan               0x0002902b   0x5e  Code  Lc  fds.o [1]
page_tag_write_data     0x000290b9    0xe  Code  Lc  fds.o [1]
page_tag_write_data::page_tag_data
                        0x000290d0    0x8  Data  Lc  fds.o [1]
page_tag_write_swap     0x0002909b   0x14  Code  Lc  fds.o [1]
page_tag_write_swap::page_tag_swap
                        0x000290b0    0x8  Data  Lc  fds.o [1]
pages_init              0x000292c1   0xea  Code  Lc  fds.o [1]
params_reply_pending_process
                        0x0002cac3   0x30  Code  Lc  security_manager.o [1]
params_req_send         0x0002c903   0x28  Code  Lc  security_manager.o [1]
pdb_evt_send            0x0002c417   0x1a  Code  Lc  peer_database.o [1]
pdb_init                0x0002c5b3   0x3a  Code  Gb  peer_database.o [1]
pdb_init{1}{2}::buffer_memory
                        0x20004e94   0xa0  Data  Lc  peer_database.o [1]
pdb_init{1}{2}::mutex_memory
                        0x20004e80    0x1  Data  Lc  peer_database.o [1]
pdb_next_deleted_peer_id_get
                        0x0002c7fb    0x4  Code  Gb  peer_database.o [1]
pdb_next_peer_id_get    0x0002c7f7    0x4  Code  Gb  peer_database.o [1]
pdb_pds_evt_handler     0x0002c505   0xae  Code  Gb  peer_database.o [1]
pdb_peer_allocate       0x0002c5ed    0x4  Code  Gb  peer_database.o [1]
pdb_peer_data_load      0x0002c7ff   0x10  Code  Gb  peer_database.o [1]
pdb_peer_data_ptr_get   0x0002c633    0x6  Code  Gb  peer_database.o [1]
pdb_peer_free           0x0002c5f1   0x42  Code  Gb  peer_database.o [1]
pdb_raw_store           0x0002c80f    0x8  Code  Gb  peer_database.o [1]
pdb_write_buf_get       0x0002c639   0xf6  Code  Gb  peer_database.o [1]
pdb_write_buf_release   0x0002c739   0x28  Code  Gb  peer_database.o [1]
pdb_write_buf_store     0x0002c7d1   0x26  Code  Gb  peer_database.o [1]
pdb_write_buf_store_prepare
                        0x0002c761   0x66  Code  Gb  peer_database.o [1]
pds_evt_send            0x0002d02d    0xa  Code  Lc  peer_data_storage.o [1]
pds_init                0x0002d1dd   0x58  Code  Gb  peer_data_storage.o [1]
pds_next_deleted_peer_id_get
                        0x0002d3fb    0x4  Code  Gb  peer_data_storage.o [1]
pds_next_peer_id_get    0x0002d3f7    0x4  Code  Gb  peer_data_storage.o [1]
pds_peer_data_iterate   0x0002d2a5   0x50  Code  Gb  peer_data_storage.o [1]
pds_peer_data_iterate_prepare
                        0x0002d29b    0xa  Code  Gb  peer_data_storage.o [1]
pds_peer_data_read      0x0002d235   0x66  Code  Gb  peer_data_storage.o [1]
pds_peer_data_store     0x0002d33d   0x98  Code  Gb  peer_data_storage.o [1]
pds_peer_id_allocate    0x0002d3d5    0x8  Code  Gb  peer_data_storage.o [1]
pds_peer_id_free        0x0002d3dd   0x16  Code  Gb  peer_data_storage.o [1]
pds_peer_id_is_allocated
                        0x0002d3f3    0x4  Code  Gb  peer_data_storage.o [1]
pds_space_reserve       0x0002d301   0x2e  Code  Gb  peer_data_storage.o [1]
pds_space_reserve_cancel
                        0x0002d32f    0xe  Code  Gb  peer_data_storage.o [1]
peer_data_const_point_to_buffer
                        0x0002c443    0x4  Code  Lc  peer_database.o [1]
peer_data_delete        0x0002d06d   0x74  Code  Lc  peer_data_storage.o [1]
peer_data_find          0x0002d0e1   0x2e  Code  Lc  peer_data_storage.o [1]
peer_data_id_is_valid   0x0002d04d   0x20  Code  Lc  peer_data_storage.o [1]
peer_data_point_to_buffer
                        0x0002c431   0x12  Code  Lc  peer_database.o [1]
peer_id_allocate        0x0002e889    0x4  Code  Gb  peer_id.o [1]
peer_id_delete          0x0002e88d   0x20  Code  Gb  peer_id.o [1]
peer_id_free            0x0002e8ad   0x18  Code  Gb  peer_id.o [1]
peer_id_get_next_deleted
                        0x0002e93b    0x4  Code  Gb  peer_id.o [1]
peer_id_get_next_used   0x0002e913   0x28  Code  Gb  peer_id.o [1]
peer_id_init            0x0002e81d   0x26  Code  Gb  peer_id.o [1]
peer_id_is_allocated    0x0002e8c5   0x10  Code  Gb  peer_id.o [1]
peer_id_is_deleted      0x0002e8d5   0x10  Code  Gb  peer_id.o [1]
peer_id_set             0x0002c2a5   0x16  Code  Lc  id_manager.o [1]
pending_flags_check     0x0002cceb  0x134  Code  Lc  gatt_cache_manager.o [1]
phy_set                 0x00030c41   0x2a  Code  Lc  example_cmds.o [1]
phy_str                 0x00026c81   0x36  Code  Gb  main.o [1]
pin_in_use_by_gpiote    0x0002e107   0x10  Code  Lc  nrf_drv_gpiote.o [1]
pin_in_use_by_port      0x0002e0f1   0x16  Code  Lc  nrf_drv_gpiote.o [1]
pin_in_use_by_te        0x0002e0df   0x12  Code  Lc  nrf_drv_gpiote.o [1]
pins_to_default         0x0002ebed   0x92  Code  Lc  nrf_drv_uart.o [1]
pm_buffer_block_acquire
                        0x0002e68f   0x5e  Code  Gb  pm_buffer.o [1]
pm_buffer_init          0x0002e64d   0x42  Code  Gb  pm_buffer.o [1]
pm_buffer_ptr_get       0x0002e6ed   0x2c  Code  Gb  pm_buffer.o [1]
pm_buffer_release       0x0002e719   0x2c  Code  Gb  pm_buffer.o [1]
pm_conn_sec_config_reply
                        0x00028e41    0xa  Code  Gb  peer_manager.o [1]
pm_conn_secure          0x00028e2f   0x12  Code  Gb  peer_manager.o [1]
pm_evt_handler          0x00026e6b   0x9a  Code  Lc  main.o [1]
pm_gcm_evt_handler      0x00028d5d    0x2  Code  Gb  peer_manager.o [1]
pm_im_evt_handler       0x00028d5f   0x16  Code  Gb  peer_manager.o [1]
pm_init                 0x00028da1   0x58  Code  Gb  peer_manager.o [1]
pm_local_database_has_changed
                        0x00028e4b   0x10  Code  Gb  peer_manager.o [1]
pm_mutex_init           0x0002e777    0xc  Code  Gb  pm_mutex.o [1]
pm_mutex_lock           0x0002e783   0x16  Code  Gb  pm_mutex.o [1]
pm_mutex_lock_first_available
                        0x0002e7d5   0x32  Code  Gb  pm_mutex.o [1]
pm_mutex_lock_status_get
                        0x0002e807   0x16  Code  Gb  pm_mutex.o [1]
pm_mutex_unlock         0x0002e799   0x3c  Code  Gb  pm_mutex.o [1]
pm_pdb_evt_handler      0x00028c45   0xe4  Code  Gb  peer_manager.o [1]
pm_peer_delete          0x00028e5b   0x10  Code  Gb  peer_manager.o [1]
pm_peer_ranks_get       0x00028ed5   0xa6  Code  Gb  peer_manager.o [1]
pm_peers_delete         0x00028e6b   0x5a  Code  Gb  peer_manager.o [1]
pm_register             0x00028df9   0x24  Code  Gb  peer_manager.o [1]
pm_sec_params_set       0x00028e1d   0x12  Code  Gb  peer_manager.o [1]
pm_sm_evt_handler       0x00028d37   0x26  Code  Gb  peer_manager.o [1]
postfix_process         0x0002693f   0x30  Code  Lc  nrf_log_str_formatter.o [1]
preferred_phy_set       0x000279a3    0xe  Code  Gb  main.o [1]
prefix_process          0x000268ed   0x52  Code  Lc  nrf_log_str_formatter.o [1]
qsort                   0x000259a9    0xe  Code  Gb  qsort.o [3]
queue_buf_get           0x0002929f   0x18  Code  Lc  fds.o [1]
queue_buf_store         0x000292b7    0xa  Code  Lc  fds.o [1]
queue_process           0x00029705  0x1a2  Code  Lc  fds.o [1]
queue_process           0x0002fe35   0x82  Code  Lc  nrf_fstorage_sd.o [1]
queue_process::m_iget_ctx
                        0x20005004    0x4  Data  Lc  fds.o [1]
queue_process::m_p_cur_op
                        0x20004f60    0x4  Data  Lc  fds.o [1]
queue_start             0x000298b9   0x26  Code  Lc  fds.o [1]
queue_start             0x0002feb9   0x2a  Code  Lc  nrf_fstorage_sd.o [1]
queue_utilization_get   0x0002674f   0x18  Code  Lc  nrf_queue.o [1]
rank_vars_update        0x00028c21   0x22  Code  Lc  peer_manager.o [1]
read                    0x0002ff71    0xe  Code  Lc  nrf_fstorage_sd.o [1]
record_find             0x00029213   0x7e  Code  Lc  fds.o [1]
record_find_by_desc     0x0002917b   0x98  Code  Lc  fds.o [1]
record_find_next        0x00029135   0x46  Code  Lc  fds.o [1]
record_header_flag_dirty
                        0x000293ab   0x32  Code  Lc  fds.o [1]
record_header_flag_dirty::dirty_header
                        0x00029ca4    0x4  Data  Lc  fds.o [1]
registered_handler_get  0x00029d19   0x30  Code  Lc  ble_db_discovery.o [1]
relayKbytes             0x20002f98    0x4  Data  Lc  main.o [1]
relaybytes              0x20002f94    0x4  Data  Lc  main.o [1]
release                 0x0002e879   0x10  Code  Lc  peer_id.o [1]
resize_str_ptr          0x2000352c    0x4  Data  Gb  nrf_cli.o [1]
rmap                    0x0002ffcb    0x4  Code  Lc  nrf_fstorage_sd.o [1]
rot3                    0x000254d9   0x68  Code  Lc  qsort.o [3]
rotate                  0x00025547   0x4e  Code  Lc  qsort.o [3]
rtc1_stop               0x0002a455   0x3a  Code  Lc  app_timer.o [1]
rtc_handler             0x0002a31d    0x8  Code  Lc  counter.o [1]
run_str_ptr             0x20003518    0x4  Data  Gb  example_cmds.o [1]
rx_byte                 0x0002ee7f   0x32  Code  Lc  nrf_drv_uart.o [1]
rx_done_event           0x0002f08f   0x1a  Code  Lc  nrf_drv_uart.o [1]
rx_enable               0x0002ee5f   0x20  Code  Lc  nrf_drv_uart.o [1]
rx_try                  0x00030a05   0x36  Code  Lc  nrf_cli_uart.o [1]
scan_start              0x00026e29   0x26  Code  Lc  main.o [1]
sd_nvic_SetPriority     0x0002b0a5   0x3c  Code  Lc  nrf_sdh.o [1]
sd_state_evt_handler    0x00030e95   0x44  Code  Lc  nrf_drv_clock.o [1]
sdh_ble_observers       0x0002b730    0xc  Data  Lc  nrf_sdh_ble.o [1]
sdh_ble_observers0$$Base
                        0x00031538          --   Gb  - Linker created -
sdh_ble_observers0$$Limit
                        0x00031540          --   Gb  - Linker created -
sdh_ble_observers1$$Base
                        0x0003144c          --   Gb  - Linker created -
sdh_ble_observers1$$Limit
                        0x00031464          --   Gb  - Linker created -
sdh_ble_observers2$$Base
                        0x00000000          --   Gb  - Linker created -
sdh_ble_observers2$$Limit
                        0x00000000          --   Gb  - Linker created -
sdh_ble_observers3$$Base
                        0x00031464          --   Gb  - Linker created -
sdh_ble_observers3$$Limit
                        0x0003147c          --   Gb  - Linker created -
sdh_ble_observers_array
                        0x000312ec   0x20  Data  Lc  nrf_sdh_ble.o [1]
sdh_req_observers       0x0002b2a4    0xc  Data  Lc  nrf_sdh.o [1]
sdh_req_observers0$$Base
                        0x00031540          --   Gb  - Linker created -
sdh_req_observers0$$Limit
                        0x00031548          --   Gb  - Linker created -
sdh_req_observers1$$Base
                        0x00000000          --   Gb  - Linker created -
sdh_req_observers1$$Limit
                        0x00000000          --   Gb  - Linker created -
sdh_req_observers_array
                        0x000312b0   0x10  Data  Lc  nrf_sdh.o [1]
sdh_request_observer_notify
                        0x0002b0e1   0x32  Code  Lc  nrf_sdh.o [1]
sdh_soc_observers       0x0003125c    0xc  Data  Lc  nrf_sdh_soc.o [1]
sdh_soc_observers0$$Base
                        0x000314a0          --   Gb  - Linker created -
sdh_soc_observers0$$Limit
                        0x000314b0          --   Gb  - Linker created -
sdh_soc_observers1$$Base
                        0x00000000          --   Gb  - Linker created -
sdh_soc_observers1$$Limit
                        0x00000000          --   Gb  - Linker created -
sdh_soc_observers_array
                        0x00031404   0x10  Data  Lc  nrf_sdh_soc.o [1]
sdh_stack_observers     0x0002b2bc    0xc  Data  Lc  nrf_sdh.o [1]
sdh_stack_observers0$$Base
                        0x000314b0          --   Gb  - Linker created -
sdh_stack_observers0$$Limit
                        0x000314c0          --   Gb  - Linker created -
sdh_stack_observers1$$Base
                        0x00000000          --   Gb  - Linker created -
sdh_stack_observers1$$Limit
                        0x00000000          --   Gb  - Linker created -
sdh_stack_observers_array
                        0x000312d0   0x10  Data  Lc  nrf_sdh.o [1]
sdh_state_observer_notify
                        0x0002b113   0x28  Code  Lc  nrf_sdh.o [1]
sdh_state_observers     0x0002b2b0    0xc  Data  Lc  nrf_sdh.o [1]
sdh_state_observers0$$Base
                        0x000314c0          --   Gb  - Linker created -
sdh_state_observers0$$Limit
                        0x000314d0          --   Gb  - Linker created -
sdh_state_observers1$$Base
                        0x00000000          --   Gb  - Linker created -
sdh_state_observers1$$Limit
                        0x00000000          --   Gb  - Linker created -
sdh_state_observers_array
                        0x000312c0   0x10  Data  Lc  nrf_sdh.o [1]
sdk_mapped_flags_bulk_update_by_key
                        0x0002beb3   0x44  Code  Gb  sdk_mapped_flags.o [1]
sdk_mapped_flags_first_key_index_get
                        0x0002be89   0x1c  Code  Gb  sdk_mapped_flags.o [1]
sdk_mapped_flags_get_by_key
                        0x0002bef7   0x20  Code  Gb  sdk_mapped_flags.o [1]
sdk_mapped_flags_key_list_get
                        0x0002bf17   0x38  Code  Gb  sdk_mapped_flags.o [1]
sdk_mapped_flags_n_flags_set
                        0x0002bf4f   0x18  Code  Gb  sdk_mapped_flags.o [1]
sdk_mapped_flags_update_by_key
                        0x0002bea5    0xe  Code  Gb  sdk_mapped_flags.o [1]
sec_info_request_process
                        0x0002d5a1   0x98  Code  Lc  security_dispatcher.o [1]
sec_keyset_fill         0x0002d791   0x6c  Code  Lc  security_dispatcher.o [1]
sec_params_verify       0x0002cb93   0x74  Code  Lc  security_manager.o [1]
sec_proc_housekeeping   0x0002d571   0x30  Code  Lc  security_dispatcher.o [1]
sec_proc_start          0x0002d515   0x52  Code  Lc  security_dispatcher.o [1]
send_config_req         0x0002d639   0x20  Code  Lc  security_dispatcher.o [1]
send_unexpected_error   0x0002cc5f   0x20  Code  Lc  gatt_cache_manager.o [1]
send_unexpected_error   0x0002d42b   0x20  Code  Lc  security_dispatcher.o [1]
service_changed_pending_set
                        0x0002dbdd   0x34  Code  Lc  gatts_cache_manager.o [1]
service_changed_pending_set::service_changed_pending
                        0x00031510    0x4  Data  Lc  gatts_cache_manager.o [1]
service_data_encode     0x0002b9f9   0x82  Code  Lc  ble_advdata.o [1]
set_security_req        0x0002bc69   0x2a  Code  Lc  ble_srv_common.o [1]
severity_lvl_get        0x00026241   0x1c  Code  Lc  nrf_log_frontend.o [1]
severity_names          0x20003340   0x14  Data  Lc  nrf_log_str_formatter.o [1]
sm_ble_evt_handler      0x0002cb83   0x10  Code  Gb  security_manager.o [1]
sm_conn_sec_config_reply
                        0x0002cc33    0x4  Code  Gb  security_manager.o [1]
sm_init                 0x0002cb41   0x42  Code  Gb  security_manager.o [1]
sm_link_secure          0x0002cc41    0x8  Code  Gb  security_manager.o [1]
sm_pdb_evt_handler      0x0002cb03   0x2c  Code  Gb  security_manager.o [1]
sm_sec_params_set       0x0002cc07   0x2c  Code  Gb  security_manager.o [1]
sm_smd_evt_handler      0x0002ca29   0x4e  Code  Gb  security_manager.o [1]
smd_ble_evt_handler     0x0002da75   0xfa  Code  Gb  security_dispatcher.o [1]
smd_conn_sec_config_reply
                        0x0002d659    0xc  Code  Gb  security_dispatcher.o [1]
smd_init                0x0002d749   0x48  Code  Gb  security_dispatcher.o [1]
smd_link_secure         0x0002da43   0x32  Code  Gb  security_dispatcher.o [1]
smd_params_reply        0x0002d7fd   0xe0  Code  Gb  security_dispatcher.o [1]
smd_params_reply_perform
                        0x0002c9ef   0x3a  Code  Lc  security_manager.o [1]
soc_evt_handler         0x00030e8b    0xa  Code  Lc  nrf_drv_clock.o [1]
softdevice_evt_irq_disable
                        0x0002b177   0x28  Code  Lc  nrf_sdh.o [1]
softdevices_evt_irq_enable
                        0x0002b13b   0x3c  Code  Lc  nrf_sdh.o [1]
std_header_set          0x00025bed   0x5c  Code  Lc  nrf_log_frontend.o [1]
std_n                   0x00025ca3   0x5c  Code  Lc  nrf_log_frontend.o [1]
string_cmp              0x00024533    0x8  Code  Lc  nrf_cli.o [1]
strlen                  0x000250d9         Code  Gb  strlen.o [5]
strncmp                 0x00025457   0x2c  Code  Gb  strncmp.o [3]
swap                    0x00025483   0x56  Code  Lc  qsort.o [3]
test_begin              0x00027a75   0x46  Code  Gb  main.o [1]
timer_handler           0x00030ef5   0x32  Code  Lc  nrf_cli_rtt.o [1]
timer_handler           0x00030aa1    0x6  Code  Lc  nrf_cli_uart.o [1]
timer_list_handler      0x0002a681   0xa0  Code  Lc  app_timer.o [1]
timer_stop_op_schedule  0x0002a753   0x42  Code  Lc  app_timer.o [1]
tx_buffer_process       0x00028383   0x36  Code  Lc  amtc.o [1]
tx_byte                 0x0002ed0f   0x20  Code  Lc  nrf_drv_uart.o [1]
tx_done_event           0x0002f0a9   0x1e  Code  Lc  nrf_drv_uart.o [1]
uart_event_handler      0x00030a3b   0x66  Code  Lc  nrf_cli_uart.o [1]
uart_irq_handler        0x0002f109  0x116  Code  Lc  nrf_drv_uart.o [1]
uarte_irq_handler       0x0002f225   0xda  Code  Lc  nrf_drv_uart.o [1]
uint16_decode           0x0002bc51    0xa  Code  Lc  ble_srv_common.o [1]
uint16_encode           0x0002b73d    0xa  Code  Lc  ble_advdata.o [1]
uint32_decode           0x0002836d   0x16  Code  Lc  amtc.o [1]
uint32_encode           0x000286b9   0x12  Code  Lc  amts.o [1]
uninit                  0x0002ff1f   0x18  Code  Lc  nrf_fstorage_sd.o [1]
unsigned_print          0x00026439   0x9a  Code  Lc  nrf_fprintf_format.o [1]
unsigned_print::_aV2C   0x00026730   0x10  Data  Lc  nrf_fprintf_format.o [1]
user_op_alloc           0x0002a727   0x2c  Code  Lc  app_timer.o [1]
user_op_enque           0x0002a721    0x6  Code  Lc  app_timer.o [1]
uuid_list_encode        0x0002b8e7   0x2e  Code  Lc  ble_advdata.o [1]
uuid_list_sized_encode  0x0002b841   0xa6  Code  Lc  ble_advdata.o [1]
vt100_bgcolor_set       0x000236c5   0x36  Code  Lc  nrf_cli.o [1]
vt100_color_set         0x00023671   0x42  Code  Lc  nrf_cli.o [1]
vt100_color_set{1}{5}::cmd
                        0x000236c0    0x4  Data  Lc  nrf_cli.o [1]
vt100_colors_store      0x00023705    0xe  Code  Lc  nrf_cli.o [1]
wmap                    0x0002ffcf    0x4  Code  Lc  nrf_fstorage_sd.o [1]
write                   0x0002ff37   0x3a  Code  Lc  nrf_fstorage_sd.o [1]
write_buf_length_words_set
                        0x0002c447   0x28  Code  Lc  peer_database.o [1]
write_buf_store         0x0002c46f   0x96  Code  Gb  peer_database.o [1]
write_buffer_record_find
                        0x0002c3c1   0x30  Code  Lc  peer_database.o [1]
write_buffer_record_find_next
                        0x0002c39f   0x22  Code  Lc  peer_database.o [1]
write_buffer_record_invalidate
                        0x0002c381   0x1e  Code  Lc  peer_database.o [1]
write_buffer_record_release
                        0x0002c3f1   0x26  Code  Lc  peer_database.o [1]
write_enqueue           0x000298e3   0xcc  Code  Lc  fds.o [1]
write_execute           0x00029575   0xea  Code  Lc  fds.o [1]
write_execute::desc     0x200053dc    0xc  Data  Lc  fds.o [1]
write_execute::page     0x200053d8    0x2  Data  Lc  fds.o [1]
write_space_free        0x00029121   0x14  Code  Lc  fds.o [1]
write_space_reserve     0x000290d9   0x48  Code  Lc  fds.o [1]


[1] = C:\Users\600023856\Desktop\test\examples\ble_central_and_peripheral\experimental\ble_app_att_mtu_throughput_relay - R - S+delay\pca10040\s132\iar\_build
[2] = command line
[3] = dl7M_tlf.a
[4] = m7M_tls.a
[5] = rt7M_tl.a

  54 516 bytes of readonly  code memory
   4 416 bytes of readonly  data memory
   9 963 bytes of readwrite data memory

Errors: none
Warnings: none
